<html>
<body>
<pre>
<h1>µVision Build Log</h1>
<h2>Project:</h2>
C:\Users\msr_li\Documents\GitHub\FistV1_1\User\proj\Userused.uvproj
Project File Date:  01/14/2015

<h2>Output:</h2>
Build target 'User'
compiling UserFunction.c...
linking...
Program Size: Code=56332 RO-data=1484 RW-data=2652 ZI-data=32372  
FromELF: creating hex file...
".\out\Userused.axf" - 0 Error(s), 0 Warning(s).
</pre>
</body>
</html>
arning and 1 error messages.
".\out\Userused.axf" - 1 Error(s), 0 Warning(s).
Target not created
rmation to list image symbols.
Finished: 1 information, 0 warning and 2 error messages.
".\out\Userused.axf" - 2 Error(s), 0 Warning(s).
Target not created
