Product: MDK-ARM Standard 5.10
Component: ARM Compiler 5.04 update 1 (build 49)
Tool: armlink [5040049]

==============================================================================

Section Cross References

    userfunction.o(.text) refers to bsp_pwm.o(.text) for ChangeSpeed
    userfunction.o(.text) refers to task_dateconnected.o(.text) for GetValueTime
    userfunction.o(.text) refers to bsp_lcd2_4_spi.o(.text) for LCD_ShowString
    userfunction.o(.text) refers to lcd_draw.o(.text) for ShowNumber
    userfunction.o(.text) refers to dflti.o(.text) for __aeabi_i2d
    userfunction.o(.text) refers to dmul.o(.text) for __aeabi_dmul
    userfunction.o(.text) refers to dfixi.o(.text) for __aeabi_d2iz
    userfunction.o(.text) refers to datastory.o(.text) for GetValue2
    userfunction.o(.text) refers to datastory.o(.bss) for Values
    userfunction.o(.text) refers to userfunction.o(.data) for chukong
    userfunction.o(.data) refers to userfunction.o(.text) for XunxianPro
    userfunction.o(.data) refers to bsp_slectlcd.o(.text) for hell02
    stm32f4xx_it.o(.text) refers to os_core.o(.text) for OSIntEnter
    stm32f4xx_it.o(.text) refers to stm32f4xx_usart.o(.text) for USART_ReceiveData
    stm32f4xx_it.o(.text) refers to os_sem.o(.text) for OSSemPost
    stm32f4xx_it.o(.text) refers to stm32f4xx_tim.o(.text) for TIM_GetITStatus
    stm32f4xx_it.o(.text) refers to bsp_key.o(.text) for Deal_keyButtom
    stm32f4xx_it.o(.text) refers to stm32f4xx_exti.o(.text) for EXTI_ClearITPendingBit
    stm32f4xx_it.o(.text) refers to stm32f4xx_gpio.o(.text) for GPIO_ReadInputDataBit
    stm32f4xx_it.o(.text) refers to task_dateconnected.o(.data) for USART1_RX_STA
    stm32f4xx_it.o(.text) refers to task_dateconnected.o(.bss) for rece1_buff
    stm32f4xx_it.o(.text) refers to bsp_usart3.o(.data) for Usart3RecerveStart
    stm32f4xx_it.o(.text) refers to bsp_usart3.o(.bss) for Usart3RecerveData
    stm32f4xx_it.o(.text) refers to bsp_slectlcd.o(.bss) for keyValue
    main.o(.text) refers to os_task.o(.text) for OSTaskCreate
    main.o(.text) refers to bsp.o(.text) for BSP_Init
    main.o(.text) refers to cpu_core.o(.text) for CPU_Init
    main.o(.text) refers to lib_mem.o(.text) for Mem_Init
    main.o(.text) refers to lib_math.o(.text) for Math_Init
    main.o(.text) refers to os_stat.o(.text) for OSStatTaskCPUUsageInit
    main.o(.text) refers to bsp_lcd2_4_spi.o(.text) for LCD_Clear
    main.o(.text) refers to os_time.o(.text) for OSTimeDlyHMSM
    main.o(.text) refers to stm32f4xx_rcc.o(.text) for RCC_GetClocksFreq
    main.o(.text) refers to os_core.o(.text) for OSInit
    main.o(.text) refers to main.o(.bss) for AppTaskDateConnectedStk
    main.o(.text) refers to task_dateconnected.o(.text) for AppTaskDateConnected
    startup_stm32f4xx.o(RESET) refers to startup_stm32f4xx.o(STACK) for __initial_sp
    startup_stm32f4xx.o(RESET) refers to startup_stm32f4xx.o(.text) for Reset_Handler
    startup_stm32f4xx.o(RESET) refers to stm32f4xx_it.o(.text) for NMI_Handler
    startup_stm32f4xx.o(RESET) refers to os_cpu_a.o(CODE) for OS_CPU_PendSVHandler
    startup_stm32f4xx.o(RESET) refers to os_cpu_c.o(.text) for OS_CPU_SysTickHandler
    startup_stm32f4xx.o(.text) refers to system_stm32f4xx.o(.text) for SystemInit
    startup_stm32f4xx.o(.text) refers to entry.o(.ARM.Collect$$$$00000000) for __main
    task_dateconnected.o(.text) refers to dfltui.o(.text) for __aeabi_ui2d
    task_dateconnected.o(.text) refers to dmul.o(.text) for __aeabi_dmul
    task_dateconnected.o(.text) refers to dfixui.o(.text) for __aeabi_d2uiz
    task_dateconnected.o(.text) refers to stm32f4xx_gpio.o(.text) for GPIO_WriteBit
    task_dateconnected.o(.text) refers to stm32f4xx_rcc.o(.text) for RCC_AHB1PeriphClockCmd
    task_dateconnected.o(.text) refers to os_sem.o(.text) for OSSemCreate
    task_dateconnected.o(.text) refers to bsp_slectlcd.o(.text) for MainDeskTopFist
    task_dateconnected.o(.text) refers to userfunction.o(.text) for Init_COM_ALL
    task_dateconnected.o(.text) refers to bsp_lcd2_4_spi.o(.text) for LCD_Clear
    task_dateconnected.o(.text) refers to os_time.o(.text) for OSTimeDlyHMSM
    task_dateconnected.o(.text) refers to stm32f4xx_usart.o(.text) for USART_ITConfig
    task_dateconnected.o(.text) refers to bsp_led.o(.text) for Trage_Led
    task_dateconnected.o(.text) refers to datastory.o(.bss) for comPortData
    task_dateconnected.o(.text) refers to task_dateconnected.o(.data) for ModeOkFlage
    task_dateconnected.o(.text) refers to task_dateconnected.o(.bss) for Usart2RecerveSem
    task_dateconnected.o(.text) refers to bsp_slectlcd.o(.bss) for keyValue
    task_dateconnected.o(.text) refers to userfunction.o(.data) for Software
    datastory.o(.text) refers to strlen.o(.text) for strlen
    datastory.o(.text) refers to strcpy.o(.text) for strcpy
    datastory.o(.text) refers to strcmp.o(.text) for strcmp
    datastory.o(.text) refers to task_dateconnected.o(.text) for GetValueTime
[...]
    ChangeAngle                              0x08001ad5   Thumb Code   128  bsp_pwm.o(.text)
    Init_key                                 0x08001cb1   Thumb Code   132  bsp_key.o(.text)
    Deal_keyButtom                           0x08001d35   Thumb Code   160  bsp_key.o(.text)
    KeyENCDeal                               0x08001dd5   Thumb Code    68  bsp_key.o(.text)
    KeyPID                                   0x08001e3d   Thumb Code    20  bsp_slectlcd.o(.text)
    hello1                                   0x08001e51   Thumb Code     4  bsp_slectlcd.o(.text)
    hell02                                   0x08001e55   Thumb Code     2  bsp_slectlcd.o(.text)
    showUpdate                               0x08001e57   Thumb Code   202  bsp_slectlcd.o(.text)
    MainDeskTopFist                          0x08001f21   Thumb Code    80  bsp_slectlcd.o(.text)
    showRun                                  0x08001f71   Thumb Code    58  bsp_slectlcd.o(.text)
    MainDeskTop                              0x08001fab   Thumb Code     2  bsp_slectlcd.o(.text)
    waitForButtomAdd                         0x08001fad   Thumb Code     4  bsp_slectlcd.o(.text)
    SystemInit                               0x08002107   Thumb Code    88  system_stm32f4xx.o(.text)
    SystemCoreClockUpdate                    0x0800215f   Thumb Code   174  system_stm32f4xx.o(.text)
    EXTI_DeInit                              0x0800223d   Thumb Code    28  stm32f4xx_exti.o(.text)
    EXTI_Init                                0x08002259   Thumb Code   142  stm32f4xx_exti.o(.text)
    EXTI_StructInit                          0x080022e7   Thumb Code    16  stm32f4xx_exti.o(.text)
    EXTI_GenerateSWInterrupt                 0x080022f7   Thumb Code    16  stm32f4xx_exti.o(.text)
    EXTI_GetFlagStatus                       0x08002307   Thumb Code    22  stm32f4xx_exti.o(.text)
    EXTI_ClearFlag                           0x0800231d   Thumb Code     8  stm32f4xx_exti.o(.text)
    EXTI_GetITStatus                         0x08002325   Thumb Code    34  stm32f4xx_exti.o(.text)
    EXTI_ClearITPendingBit                   0x08002347   Thumb Code     8  stm32f4xx_exti.o(.text)
    GPIO_DeInit                              0x08002359   Thumb Code   220  stm32f4xx_gpio.o(.text)
    GPIO_Init                                0x08002435   Thumb Code   144  stm32f4xx_gpio.o(.text)
    GPIO_StructInit                          0x080024c5   Thumb Code    18  stm32f4xx_gpio.o(.text)
    GPIO_PinLockConfig                       0x080024d7   Thumb Code    34  stm32f4xx_gpio.o(.text)
    GPIO_ReadInputDataBit                    0x080024f9   Thumb Code    18  stm32f4xx_gpio.o(.text)
    GPIO_ReadInputData                       0x0800250b   Thumb Code     8  stm32f4xx_gpio.o(.text)
    GPIO_ReadOutputDataBit                   0x08002513   Thumb Code    18  stm32f4xx_gpio.o(.text)
    GPIO_ReadOutputData                      0x08002525   Thumb Code     8  stm32f4xx_gpio.o(.text)
    GPIO_SetBits                             0x0800252d   Thumb Code     4  stm32f4xx_gpio.o(.text)
    GPIO_ResetBits                           0x08002531   Thumb Code     4  stm32f4xx_gpio.o(.text)
    GPIO_WriteBit                            0x08002535   Thumb Code    10  stm32f4xx_gpio.o(.text)
    GPIO_Write                               0x0800253f   Thumb Code     4  stm32f4xx_gpio.o(.text)
    GPIO_ToggleBits                          0x08002543   Thumb Code     8  stm32f4xx_gpio.o(.text)
    GPIO_PinAFConfig                         0x0800254b   Thumb Code    70  stm32f4xx_gpio.o(.text)
    RCC_DeInit                               0x080025b5   Thumb Code    60  stm32f4xx_rcc.o(.text)
    RCC_HSEConfig                            0x080025f1   Thumb Code    14  stm32f4xx_rcc.o(.text)
    RCC_GetFlagStatus                        0x080025ff   Thumb Code    60  stm32f4xx_rcc.o(.text)
    RCC_WaitForHSEStartUp                    0x0800263b   Thumb Code    56  stm32f4xx_rcc.o(.text)
    RCC_AdjustHSICalibrationValue            0x08002673   Thumb Code    20  stm32f4xx_rcc.o(.text)
    RCC_HSICmd                               0x08002687   Thumb Code     6  stm32f4xx_rcc.o(.text)
    RCC_LSEConfig                            0x0800268d   Thumb Code    46  stm32f4xx_rcc.o(.text)
    RCC_LSICmd                               0x080026bb   Thumb Code     6  stm32f4xx_rcc.o(.text)
    RCC_PLLConfig                            0x080026c1   Thumb Code    32  stm32f4xx_rcc.o(.text)
    RCC_PLLCmd                               0x080026e1   Thumb Code     6  stm32f4xx_rcc.o(.text)
    RCC_PLLI2SConfig                         0x080026e7   Thumb Code    14  stm32f4xx_rcc.o(.text)
    RCC_PLLI2SCmd                            0x080026f5   Thumb Code     6  stm32f4xx_rcc.o(.text)
    RCC_ClockSecuritySystemCmd               0x080026fb   Thumb Code     6  stm32f4xx_rcc.o(.text)
    RCC_MCO1Config                           0x08002701   Thumb Code    28  stm32f4xx_rcc.o(.text)
    RCC_MCO2Config                           0x0800271d   Thumb Code    28  stm32f4xx_rcc.o(.text)
    RCC_SYSCLKConfig                         0x08002739   Thumb Code    20  stm32f4xx_rcc.o(.text)
    RCC_GetSYSCLKSource                      0x0800274d   Thumb Code    12  stm32f4xx_rcc.o(.text)
    RCC_HCLKConfig                           0x08002759   Thumb Code    20  stm32f4xx_rcc.o(.text)
    RCC_PCLK1Config                          0x0800276d   Thumb Code    20  stm32f4xx_rcc.o(.text)
    RCC_PCLK2Config                          0x08002781   Thumb Code    22  stm32f4xx_rcc.o(.text)
    RCC_GetClocksFreq                        0x08002797   Thumb Code   222  stm32f4xx_rcc.o(.text)
    RCC_RTCCLKConfig                         0x08002875   Thumb Code    54  stm32f4xx_rcc.o(.text)
    RCC_RTCCLKCmd                            0x080028ab   Thumb Code     8  stm32f4xx_rcc.o(.text)
    RCC_BackupResetCmd                       0x080028b3   Thumb Code     8  stm32f4xx_rcc.o(.text)
    RCC_I2SCLKConfig                         0x080028bb   Thumb Code     6  stm32f4xx_rcc.o(.text)
    RCC_AHB1PeriphClockCmd                   0x080028c1   Thumb Code    34  stm32f4xx_rcc.o(.text)
    RCC_AHB2PeriphClockCmd                   0x080028e3   Thumb Code    34  stm32f4xx_rcc.o(.text)
    RCC_AHB3PeriphClockCmd                   0x08002905   Thumb Code    34  stm32f4xx_rcc.o(.text)
    RCC_APB1PeriphClockCmd                   0x08002927   Thumb Code    34  stm32f4xx_rcc.o(.text)
    RCC_APB2PeriphClockCmd                   0x08002949   Thumb Code    34  stm32f4xx_rcc.o(.text)
    RCC_AHB1PeriphResetCmd                   0x0800296b   Thumb Code    34  stm32f4xx_rcc.o(.text)
    RCC_AHB2PeriphResetCmd                   0x0800298d   Thumb Code    72  stm32f4xx_rcc.o(.text)
    RCC_AHB3PeriphResetCmd                   0x080029d5   Thumb Code    34  stm32f4xx_rcc.o(.text)
    RCC_APB1PeriphResetCmd                   0x080029f7   Thumb Code    34  stm32f4xx_rcc.o(.text)
    RCC_APB2PeriphResetCmd                   0x08002a19   Thumb Code    34  stm32f4xx_rcc.o(.text)
    RCC_AHB1PeriphClockLPModeCmd             0x08002a3b   Thumb Code    34  stm32f4xx_rcc.o(.text)
    RCC_AHB2PeriphClockLPModeCmd             0x08002a5d   Thumb Code    34  stm32f4xx_rcc.o(.text)
    RCC_AHB3PeriphClockLPModeCmd             0x08002a7f   Thumb Code    34  stm32f4xx_rcc.o(.text)
    RCC_APB1PeriphClockLPModeCmd             0x08002aa1   Thumb Code    34  stm32f4xx_rcc.o(.text)
    RCC_APB2PeriphClockLPModeCmd             0x08002ac3   Thumb Code    34  stm32f4xx_rcc.o(.text)
    RCC_ITConfig                             0x08002ae5   Thumb Code    34  stm32f4xx_rcc.o(.text)
    RCC_ClearFlag                            0x08002b07   Thumb Code    18  stm32f4xx_rcc.o(.text)
    RCC_GetITStatus                          0x08002b19   Thumb Code    22  stm32f4xx_rcc.o(.text)
    RCC_ClearITPendingBit                    0x08002b2f   Thumb Code     8  stm32f4xx_rcc.o(.text)
    TIM_DeInit                               0x08002b3d   Thumb Code   346  stm32f4xx_tim.o(.text)
    TIM_TimeBaseInit                         0x08002c97   Thumb Code   104  stm32f4xx_tim.o(.text)
    TIM_TimeBaseStructInit                   0x08002cff   Thumb Code    18  stm32f4xx_tim.o(.text)
    TIM_PrescalerConfig                      0x08002d11   Thumb Code     6  stm32f4xx_tim.o(.text)
    TIM_CounterModeConfig                    0x08002d17   Thumb Code    18  stm32f4xx_tim.o(.text)
    TIM_SetCounter                           0x08002d29   Thumb Code     4  stm32f4xx_tim.o(.text)
    TIM_SetAutoreload                        0x08002d2d   Thumb Code     4  stm32f4xx_tim.o(.text)
    TIM_GetCounter                           0x08002d31   Thumb Code     6  stm32f4xx_tim.o(.text)
    TIM_GetPrescaler                         0x08002d37   Thumb Code     6  stm32f4xx_tim.o(.text)
    TIM_UpdateDisableConfig                  0x08002d3d   Thumb Code    24  stm32f4xx_tim.o(.text)
    TIM_UpdateRequestConfig                  0x08002d55   Thumb Code    24  stm32f4xx_tim.o(.text)
    TIM_ARRPreloadConfig                     0x08002d6d   Thumb Code    24  stm32f4xx_tim.o(.text)
    TIM_SelectOnePulseMode                   0x08002d85   Thumb Code    18  stm32f4xx_tim.o(.text)
    TIM_SetClockDivision                     0x08002d97   Thumb Code    18  stm32f4xx_tim.o(.text)
    TIM_Cmd                                  0x08002da9   Thumb Code    24  stm32f4xx_tim.o(.text)
    TIM_OC1Init                              0x08002dc1   Thumb Code   114  stm32f4xx_tim.o(.text)
    TIM_OC2Init                              0x08002e33   Thumb Code   154  stm32f4xx_tim.o(.text)
    TIM_OC3Init                              0x08002ecd   Thumb Code   204  stm32f4xx_tim.o(.text)
    TIM_OC4Init                              0x08002f99   Thumb Code   112  stm32f4xx_tim.o(.text)
    TIM_OCStructInit                         0x08003009   Thumb Code    20  stm32f4xx_tim.o(.text)
    TIM_SelectOCxM                           0x0800301d   Thumb Code    86  stm32f4xx_tim.o(.text)
    TIM_SetCompare1                          0x08003073   Thumb Code     4  stm32f4xx_tim.o(.text)
    TIM_SetCompare2                          0x08003077   Thumb Code     4  stm32f4xx_tim.o(.text)
    TIM_SetCompare3                          0x0800307b   Thumb Code     4  stm32f4xx_tim.o(.text)
    TIM_SetCompare4                          0x0800307f   Thumb Code     4  stm32f4xx_tim.o(.text)
    TIM_ForcedOC1Config                      0x08003083   Thumb Code    18  stm32f4xx_tim.o(.text)
    TIM_ForcedOC2Config                      0x08003095   Thumb Code    26  stm32f4xx_tim.o(.text)
    TIM_ForcedOC3Config                      0x080030af   Thumb Code    18  stm32f4xx_tim.o(.text)
    TIM_ForcedOC4Config                      0x080030c1   Thumb Code    26  stm32f4xx_tim.o(.text)
    TIM_OC1PreloadConfig                     0x080030db   Thumb Code    18  stm32f4xx_tim.o(.text)
    TIM_OC2PreloadConfig                     0x080030ed   Thumb Code    26  stm32f4xx_tim.o(.text)
    TIM_OC3PreloadConfig                     0x08003107   Thumb Code    18  stm32f4xx_tim.o(.text)
    TIM_OC4PreloadConfig                     0x08003119   Thumb Code    26  stm32f4xx_tim.o(.text)
    TIM_OC1FastConfig                        0x08003133   Thumb Code    18  stm32f4xx_tim.o(.text)
    TIM_OC2FastConfig                        0x08003145   Thumb Code    26  stm32f4xx_tim.o(.text)
    TIM_OC3FastConfig                        0x0800315f   Thumb Code    18  stm32f4xx_tim.o(.text)
    TIM_OC4FastConfig                        0x08003171   Thumb Code    26  stm32f4xx_tim.o(.text)
    TIM_ClearOC1Ref                          0x0800318b   Thumb Code    18  stm32f4xx_tim.o(.text)
    TIM_ClearOC2Ref                          0x0800319d   Thumb Code    24  stm32f4xx_tim.o(.text)
    TIM_ClearOC3Ref                          0x080031b5   Thumb Code    18  stm32f4xx_tim.o(.text)
    TIM_ClearOC4Ref                          0x080031c7   Thumb Code    24  stm32f4xx_tim.o(.text)
    TIM_OC1PolarityConfig                    0x080031df   Thumb Code    18  stm32f4xx_tim.o(.text)
    TIM_OC1NPolarityConfig                   0x080031f1   Thumb Code    18  stm32f4xx_tim.o(.text)
    TIM_OC2PolarityConfig                    0x08003203   Thumb Code    26  stm32f4xx_tim.o(.text)
    TIM_OC2NPolarityConfig                   0x0800321d   Thumb Code    26  stm32f4xx_tim.o(.text)
    TIM_OC3PolarityConfig                    0x08003237   Thumb Code    26  stm32f4xx_tim.o(.text)
    TIM_OC3NPolarityConfig                   0x08003251   Thumb Code    26  stm32f4xx_tim.o(.text)
    TIM_OC4PolarityConfig                    0x0800326b   Thumb Code    26  stm32f4xx_tim.o(.text)
    TIM_CCxCmd                               0x08003285   Thumb Code    30  stm32f4xx_tim.o(.text)
    TIM_CCxNCmd                              0x080032a3   Thumb Code    30  stm32f4xx_tim.o(.text)
    TIM_SetIC4Prescaler                      0x080032c1   Thumb Code    26  stm32f4xx_tim.o(.text)
    TIM_SetIC3Prescaler                      0x0800332b   Thumb Code    18  stm32f4xx_tim.o(.text)
    TIM_SetIC2Prescaler                      0x08003385   Thumb Code    26  stm32f4xx_tim.o(.text)
    TIM_SetIC1Prescaler                      0x080033f9   Thumb Code    18  stm32f4xx_tim.o(.text)
    TIM_ICInit                               0x08003445   Thumb Code   110  stm32f4xx_tim.o(.text)
    TIM_ICStructInit                         0x080034b3   Thumb Code    18  stm32f4xx_tim.o(.text)
    TIM_PWMIConfig                           0x080034c5   Thumb Code   124  stm32f4xx_tim.o(.text)
    TIM_GetCapture1                          0x08003541   Thumb Code     6  stm32f4xx_tim.o(.text)
    TIM_GetCapture2                          0x08003547   Thumb Code     6  stm32f4xx_tim.o(.text)
    TIM_GetCapture3                          0x0800354d   Thumb Code     6  stm32f4xx_tim.o(.text)
    TIM_GetCapture4                          0x08003553   Thumb Code     6  stm32f4xx_tim.o(.text)
    TIM_BDTRConfig                           0x08003559   Thumb Code    32  stm32f4xx_tim.o(.text)
    TIM_BDTRStructInit                       0x08003579   Thumb Code    18  stm32f4xx_tim.o(.text)
    TIM_CtrlPWMOutputs                       0x0800358b   Thumb Code    30  stm32f4xx_tim.o(.text)
    TIM_SelectCOM                            0x080035a9   Thumb Code    24  stm32f4xx_tim.o(.text)
    TIM_CCPreloadControl                     0x080035c1   Thumb Code    24  stm32f4xx_tim.o(.text)
    TIM_ITConfig                             0x080035d9   Thumb Code    18  stm32f4xx_tim.o(.text)
    TIM_GenerateEvent                        0x080035eb   Thumb Code     4  stm32f4xx_tim.o(.text)
    TIM_GetFlagStatus                        0x080035ef   Thumb Code    18  stm32f4xx_tim.o(.text)
    TIM_ClearFlag                            0x08003601   Thumb Code     6  stm32f4xx_tim.o(.text)
    TIM_GetITStatus                          0x08003607   Thumb Code    34  stm32f4xx_tim.o(.text)
    TIM_ClearITPendingBit                    0x08003629   Thumb Code     6  stm32f4xx_tim.o(.text)
    TIM_DMAConfig                            0x0800362f   Thumb Code    10  stm32f4xx_tim.o(.text)
    TIM_DMACmd                               0x08003639   Thumb Code    18  stm32f4xx_tim.o(.text)
    TIM_SelectCCDMA                          0x0800364b   Thumb Code    24  stm32f4xx_tim.o(.text)
    TIM_InternalClockConfig                  0x08003663   Thumb Code    12  stm32f4xx_tim.o(.text)
    TIM_SelectInputTrigger                   0x0800366f   Thumb Code    18  stm32f4xx_tim.o(.text)
    TIM_ITRxExternalClockConfig              0x08003681   Thumb Code    24  stm32f4xx_tim.o(.text)
    TIM_TIxExternalClockConfig               0x08003699   Thumb Code    62  stm32f4xx_tim.o(.text)
    TIM_ETRConfig                            0x080036d7   Thumb Code    28  stm32f4xx_tim.o(.text)
    TIM_ETRClockMode1Config                  0x080036f3   Thumb Code    54  stm32f4xx_tim.o(.text)
    TIM_ETRClockMode2Config                  0x08003729   Thumb Code    32  stm32f4xx_tim.o(.text)
    TIM_SelectOutputTrigger                  0x08003749   Thumb Code    18  stm32f4xx_tim.o(.text)
    TIM_SelectSlaveMode                      0x0800375b   Thumb Code    18  stm32f4xx_tim.o(.text)
    TIM_SelectMasterSlaveMode                0x0800376d   Thumb Code    18  stm32f4xx_tim.o(.text)
    TIM_EncoderInterfaceConfig               0x0800377f   Thumb Code    66  stm32f4xx_tim.o(.text)
    TIM_SelectHallSensor                     0x080037c1   Thumb Code    24  stm32f4xx_tim.o(.text)
    TIM_RemapConfig                          0x080037d9   Thumb Code     6  stm32f4xx_tim.o(.text)
    USART_DeInit                             0x080037e1   Thumb Code   156  stm32f4xx_usart.o(.text)
    USART_Init                               0x0800387d   Thumb Code   204  stm32f4xx_usart.o(.text)
    USART_StructInit                         0x08003949   Thumb Code    24  stm32f4xx_usart.o(.text)
    USART_ClockInit                          0x08003961   Thumb Code    32  stm32f4xx_usart.o(.text)
    USART_ClockStructInit                    0x08003981   Thumb Code    12  stm32f4xx_usart.o(.text)
    USART_Cmd                                0x0800398d   Thumb Code    24  stm32f4xx_usart.o(.text)
    USART_SetPrescaler                       0x080039a5   Thumb Code    16  stm32f4xx_usart.o(.text)
    USART_OverSampling8Cmd                   0x080039b5   Thumb Code    22  stm32f4xx_usart.o(.text)
    USART_OneBitMethodCmd                    0x080039cb   Thumb Code    24  stm32f4xx_usart.o(.text)
    USART_SendData                           0x080039e3   Thumb Code     8  stm32f4xx_usart.o(.text)
    USART_ReceiveData                        0x080039eb   Thumb Code    10  stm32f4xx_usart.o(.text)
    USART_SetAddress                         0x080039f5   Thumb Code    18  stm32f4xx_usart.o(.text)
    USART_ReceiverWakeUpCmd                  0x08003a07   Thumb Code    24  stm32f4xx_usart.o(.text)
    USART_WakeUpConfig                       0x08003a1f   Thumb Code    18  stm32f4xx_usart.o(.text)
    USART_LINBreakDetectLengthConfig         0x08003a31   Thumb Code    18  stm32f4xx_usart.o(.text)
    USART_LINCmd                             0x08003a43   Thumb Code    24  stm32f4xx_usart.o(.text)
    USART_SendBreak                          0x08003a5b   Thumb Code    10  stm32f4xx_usart.o(.text)
    USART_HalfDuplexCmd                      0x08003a65   Thumb Code    24  stm32f4xx_usart.o(.text)
    USART_SetGuardTime                       0x08003a7d   Thumb Code    16  stm32f4xx_usart.o(.text)
    USART_SmartCardCmd                       0x08003a8d   Thumb Code    24  stm32f4xx_usart.o(.text)
    USART_SmartCardNACKCmd                   0x08003aa5   Thumb Code    24  stm32f4xx_usart.o(.text)
    USART_IrDAConfig                         0x08003abd   Thumb Code    18  stm32f4xx_usart.o(.text)
    USART_IrDACmd                            0x08003acf   Thumb Code    24  stm32f4xx_usart.o(.text)
    USART_DMACmd                             0x08003ae7   Thumb Code    18  stm32f4xx_usart.o(.text)
    USART_ITConfig                           0x08003af9   Thumb Code    74  stm32f4xx_usart.o(.text)
    USART_GetFlagStatus                      0x08003b43   Thumb Code    26  stm32f4xx_usart.o(.text)
    USART_ClearFlag                          0x08003b5d   Thumb Code    18  stm32f4xx_usart.o(.text)
    USART_GetITStatus                        0x08003b6f   Thumb Code   110  stm32f4xx_usart.o(.text)
    USART_ClearITPendingBit                  0x08003bdd   Thumb Code    30  stm32f4xx_usart.o(.text)
    CPU_NameClr                              0x08003bfd   Thumb Code    42  cpu_core.o(.text)
    CPU_Init                                 0x08003c3d   Thumb Code    12  cpu_core.o(.text)
    CPU_SW_Exception                         0x08003c49   Thumb Code     4  cpu_core.o(.text)
    CPU_NameGet                              0x08003c4d   Thumb Code    70  cpu_core.o(.text)
    CPU_NameSet                              0x08003c93   Thumb Code    96  cpu_core.o(.text)
    CPU_TS_Get32                             0x08003cf3   Thumb Code    12  cpu_core.o(.text)
    CPU_TS_Update                            0x08003cff   Thumb Code     2  cpu_core.o(.text)
    CPU_TS_TmrFreqGet                        0x08003d01   Thumb Code    30  cpu_core.o(.text)
    CPU_TS_TmrFreqSet                        0x08003d1f   Thumb Code     6  cpu_core.o(.text)
    CPU_CntLeadZeros08                       0x08003d25   Thumb Code    18  cpu_core.o(.text)
    CPU_CntLeadZeros16                       0x08003d37   Thumb Code    18  cpu_core.o(.text)
    CPU_CntLeadZeros32                       0x08003d49   Thumb Code    18  cpu_core.o(.text)
    CPU_CntLeadZeros64                       0x08003d5b   Thumb Code   192  cpu_core.o(.text)
    CPU_CntTrailZeros08                      0x08003e1b   Thumb Code    22  cpu_core.o(.text)
    CPU_CntTrailZeros16                      0x08003e31   Thumb Code    22  cpu_core.o(.text)
    CPU_CntTrailZeros32                      0x08003e47   Thumb Code    22  cpu_core.o(.text)
    CPU_CntTrailZeros64                      0x08003e5d   Thumb Code    62  cpu_core.o(.text)
    Math_RandSetSeed                         0x08003ea9   Thumb Code    40  lib_math.o(.text)
    Math_Init                                0x08003ed1   Thumb Code    10  lib_math.o(.text)
    Math_RandSeed                            0x08003edb   Thumb Code    18  lib_math.o(.text)
    Math_Rand                                0x08003eed   Thumb Code    52  lib_math.o(.text)
    Mem_Init                                 0x08003f29   Thumb Code     2  lib_mem.o(.text)
    Mem_Set                                  0x08003f2b   Thumb Code    84  lib_mem.o(.text)
    Mem_Clr                                  0x08003f7f   Thumb Code    18  lib_mem.o(.text)
    Mem_Move                                 0x08003f91   Thumb Code   186  lib_mem.o(.text)
    Mem_Cmp                                  0x0800404b   Thumb Code   192  lib_mem.o(.text)
    OS_IdleTask                              0x0800410d   Thumb Code    58  os_core.o(.text)
    OS_IdleTaskInit                          0x08004147   Thumb Code    68  os_core.o(.text)
    OS_RdyListInit                           0x0800418b   Thumb Code    32  os_core.o(.text)
    OSInit                                   0x080041ab   Thumb Code   276  os_core.o(.text)
    OSIntEnter                               0x080042bf   Thumb Code    34  os_core.o(.text)
    OSIntExit                                0x080042e1   Thumb Code   188  os_core.o(.text)
    OSSched                                  0x0800439d   Thumb Code   130  os_core.o(.text)
    OSSchedLock                              0x0800441f   Thumb Code    84  os_core.o(.text)
    OSSchedUnlock                            0x08004473   Thumb Code   116  os_core.o(.text)
    OSSchedRoundRobinCfg                     0x080044e7   Thumb Code   224  os_core.o(.text)
    OS_RdyListMoveHeadToTail                 0x080045c7   Thumb Code    68  os_core.o(.text)
    OSSchedRoundRobinYield                   0x0800460b   Thumb Code   148  os_core.o(.text)
    OSStart                                  0x0800469f   Thumb Code    78  os_core.o(.text)
    OSVersion                                0x080046ed   Thumb Code    12  os_core.o(.text)
    OS_PendDbgNameAdd                        0x080046f9   Thumb Code    66  os_core.o(.text)
    OS_PendListInsertPrio                    0x0800473b   Thumb Code   102  os_core.o(.text)
    OS_PendDataInit                          0x080047a1   Thumb Code    38  os_core.o(.text)
    OS_RdyListRemove                         0x080047c7   Thumb Code    86  os_core.o(.text)
    OS_TaskBlock                             0x0800481d   Thumb Code    40  os_core.o(.text)
    OS_Pend                                  0x08004845   Thumb Code    98  os_core.o(.text)
    OS_PendListRemove1                       0x080048a7   Thumb Code    66  os_core.o(.text)
    OS_PendListRemove                        0x080048e9   Thumb Code    48  os_core.o(.text)
    OS_PendAbort1                            0x08004919   Thumb Code    36  os_core.o(.text)
    OS_RdyListInsertHead                     0x0800493d   Thumb Code   128  os_core.o(.text)
    OS_RdyListInsertTail                     0x080049bd   Thumb Code    56  os_core.o(.text)
    OS_RdyListInsert                         0x080049f5   Thumb Code    40  os_core.o(.text)
    OS_PendAbort                             0x08004a1d   Thumb Code   180  os_core.o(.text)
    OS_PendDbgNameRemove                     0x08004ad1   Thumb Code    34  os_core.o(.text)
    OS_PendListChangePrio                    0x08004af3   Thumb Code    70  os_core.o(.text)
    OS_PendListInit                          0x08004b39   Thumb Code    10  os_core.o(.text)
    OS_PendListInsertHead                    0x08004b43   Thumb Code    32  os_core.o(.text)
    OS_PendObjDel1                           0x08004b63   Thumb Code    36  os_core.o(.text)
    OS_PendObjDel                            0x08004b87   Thumb Code   176  os_core.o(.text)
    OS_Post1                                 0x08004c37   Thumb Code    42  os_core.o(.text)
    OS_Post                                  0x08004c61   Thumb Code   214  os_core.o(.text)
    OS_Sched0                                0x08004d37   Thumb Code    68  os_core.o(.text)
    OS_SchedRoundRobin                       0x08004d7b   Thumb Code   218  os_core.o(.text)
    OS_SemDbgListAdd                         0x08004e61   Thumb Code    38  os_sem.o(.text)
    OSSemCreate                              0x08004e87   Thumb Code   156  os_sem.o(.text)
    OS_SemClr                                0x08004f23   Thumb Code    28  os_sem.o(.text)
    OS_SemDbgListRemove                      0x08004f3f   Thumb Code    44  os_sem.o(.text)
    OSSemDel                                 0x08004f6b   Thumb Code   344  os_sem.o(.text)
    OSSemPend                                0x080050c3   Thumb Code   482  os_sem.o(.text)
    OSSemPendAbort                           0x080052a5   Thumb Code   274  os_sem.o(.text)
    OS_SemPost                               0x080053b7   Thumb Code   350  os_sem.o(.text)
    OSSemPost                                0x08005515   Thumb Code   144  os_sem.o(.text)
    OSSemSet                                 0x080055a5   Thumb Code   104  os_sem.o(.text)
    OS_SemInit                               0x0800560d   Thumb Code    14  os_sem.o(.text)
    OSStatReset                              0x08005635   Thumb Code   256  os_stat.o(.text)
    OSStatTaskCPUUsageInit                   0x08005735   Thumb Code   168  os_stat.o(.text)
    OS_StatTask                              0x080057dd   Thumb Code   876  os_stat.o(.text)
    OS_StatTaskInit                          0x08005b49   Thumb Code   138  os_stat.o(.text)
    OSTaskChangePrio                         0x08005c1d   Thumb Code   400  os_task.o(.text)
    OS_TaskDbgListAdd                        0x08005dad   Thumb Code    42  os_task.o(.text)
    OS_TaskInitTCB                           0x08005dd7   Thumb Code   176  os_task.o(.text)
    OSTaskCreate                             0x08005e87   Thumb Code   606  os_task.o(.text)
    OS_TaskDbgListRemove                     0x080060e5   Thumb Code    64  os_task.o(.text)
    OSTaskDel                                0x08006125   Thumb Code   408  os_task.o(.text)
    OSTaskQFlush                             0x080062bd   Thumb Code   196  os_task.o(.text)
    OSTaskQPend                              0x08006381   Thumb Code   526  os_task.o(.text)
    OS_TaskQPost                             0x0800658f   Thumb Code   510  os_task.o(.text)
    OSTaskQPost                              0x0800678d   Thumb Code   114  os_task.o(.text)
    OSTaskRegGet                             0x080067ff   Thumb Code    78  os_task.o(.text)
    OSTaskRegGetID                           0x0800684d   Thumb Code    84  os_task.o(.text)
    OSTaskRegSet                             0x080068a1   Thumb Code   104  os_task.o(.text)
    OS_TaskResume                            0x08006909   Thumb Code   314  os_task.o(.text)
    OSTaskResume                             0x08006a43   Thumb Code   112  os_task.o(.text)
    OSTaskSemPend                            0x08006ab3   Thumb Code   502  os_task.o(.text)
    OSTaskSemPendAbort                       0x08006ca9   Thumb Code   270  os_task.o(.text)
    OS_TaskSemPost                           0x08006db7   Thumb Code  1218  os_task.o(.text)
    OSTaskSemPost                            0x08007279   Thumb Code    98  os_task.o(.text)
    OSTaskSemSet                             0x080072db   Thumb Code    62  os_task.o(.text)
    OSTaskStkChk                             0x08007319   Thumb Code   188  os_task.o(.text)
    OS_TaskSuspend                           0x080073d5   Thumb Code   328  os_task.o(.text)
    OSTaskSuspend                            0x0800751d   Thumb Code    78  os_task.o(.text)
    OSTaskTimeQuantaSet                      0x0800756b   Thumb Code   114  os_task.o(.text)
    OS_TaskInit                              0x080075dd   Thumb Code    18  os_task.o(.text)
    OS_TaskReturn                            0x080075ef   Thumb Code    20  os_task.o(.text)
    OSTimeDly                                0x08007615   Thumb Code   240  os_time.o(.text)
    OSTimeDlyHMSM                            0x08007705   Thumb Code   454  os_time.o(.text)
    OSTimeDlyResume                          0x080078cb   Thumb Code   448  os_time.o(.text)
    OSTimeGet                                0x08007a8b   Thumb Code    46  os_time.o(.text)
    OSTimeSet                                0x08007ab9   Thumb Code    46  os_time.o(.text)
    OSTimeTick                               0x08007ae7   Thumb Code    54  os_time.o(.text)
    motorInit                                0x08007b2d   Thumb Code    26  actuatorfunction.o(.text)
    servoInit                                0x08007b47   Thumb Code    24  actuatorfunction.o(.text)
    Bsp_InitLed                              0x08007b6d   Thumb Code    60  bsp_led.o(.text)
    Trage_Led                                0x08007ba9   Thumb Code    14  bsp_led.o(.text)
    LED_Change                               0x08007bb7   Thumb Code    32  bsp_led.o(.text)
    NVIC_Config_usart1                       0x08007be1   Thumb Code    32  bsp_usart1.o(.text)
    Usart1_init                              0x08007c01   Thumb Code   158  bsp_usart1.o(.text)
    USART1_Puts                              0x08007c9f   Thumb Code    38  bsp_usart1.o(.text)
    Usart1_sendChar                          0x08007cc5   Thumb Code    28  bsp_usart1.o(.text)
    Usart2_init                              0x08007ce9   Thumb Code   178  bsp_usart2.o(.text)
    Usart2_sendString                        0x08007d9b   Thumb Code    38  bsp_usart2.o(.text)
    Usart2_sendChar                          0x08007dc1   Thumb Code    28  bsp_usart2.o(.text)
    myitoa                                   0x08007de5   Thumb Code   150  exchangedata.o(.text)
    my_ftoa                                  0x08007e7b   Thumb Code   214  exchangedata.o(.text)
    my_atoi                                  0x08007f51   Thumb Code   100  exchangedata.o(.text)
    myatof                                   0x08007fd5   Thumb Code   264  exchangedata.o(.text)
    NVIC_PriorityGroupConfig                 0x0800811d   Thumb Code    10  misc.o(.text)
    NVIC_Init                                0x08008127   Thumb Code   106  misc.o(.text)
    NVIC_SetVectorTable                      0x08008191   Thumb Code    14  misc.o(.text)
    NVIC_SystemLPConfig                      0x0800819f   Thumb Code    34  misc.o(.text)
    SysTick_CLKSourceConfig                  0x080081c1   Thumb Code    40  misc.o(.text)
    SPI_I2S_DeInit                           0x080081fd   Thumb Code    76  stm32f4xx_spi.o(.text)
    SPI_Init                                 0x08008249   Thumb Code    60  stm32f4xx_spi.o(.text)
    I2S_Init                                 0x08008285   Thumb Code   350  stm32f4xx_spi.o(.text)
    SPI_StructInit                           0x080083e3   Thumb Code    24  stm32f4xx_spi.o(.text)
    I2S_StructInit                           0x080083fb   Thumb Code    20  stm32f4xx_spi.o(.text)
    SPI_Cmd                                  0x0800840f   Thumb Code    24  stm32f4xx_spi.o(.text)
    I2S_Cmd                                  0x08008427   Thumb Code    24  stm32f4xx_spi.o(.text)
    SPI_DataSizeConfig                       0x0800843f   Thumb Code    18  stm32f4xx_spi.o(.text)
    SPI_BiDirectionalLineConfig              0x08008451   Thumb Code    28  stm32f4xx_spi.o(.text)
    SPI_NSSInternalSoftwareConfig            0x0800846d   Thumb Code    30  stm32f4xx_spi.o(.text)
    SPI_SSOutputCmd                          0x0800848b   Thumb Code    24  stm32f4xx_spi.o(.text)
    SPI_TIModeCmd                            0x080084a3   Thumb Code    24  stm32f4xx_spi.o(.text)
    I2S_FullDuplexConfig                     0x080084bb   Thumb Code    80  stm32f4xx_spi.o(.text)
    SPI_I2S_ReceiveData                      0x0800850b   Thumb Code     6  stm32f4xx_spi.o(.text)
    SPI_I2S_SendData                         0x08008511   Thumb Code     4  stm32f4xx_spi.o(.text)
    SPI_CalculateCRC                         0x08008515   Thumb Code    24  stm32f4xx_spi.o(.text)
    SPI_TransmitCRC                          0x0800852d   Thumb Code    10  stm32f4xx_spi.o(.text)
    SPI_GetCRC                               0x08008537   Thumb Code    16  stm32f4xx_spi.o(.text)
    SPI_GetCRCPolynomial                     0x08008547   Thumb Code     6  stm32f4xx_spi.o(.text)
    SPI_I2S_DMACmd                           0x0800854d   Thumb Code    18  stm32f4xx_spi.o(.text)
    SPI_I2S_ITConfig                         0x0800855f   Thumb Code    32  stm32f4xx_spi.o(.text)
    SPI_I2S_GetFlagStatus                    0x0800857f   Thumb Code    18  stm32f4xx_spi.o(.text)
    SPI_I2S_ClearFlag                        0x08008591   Thumb Code     6  stm32f4xx_spi.o(.text)
    SPI_I2S_GetITStatus                      0x08008597   Thumb Code    52  stm32f4xx_spi.o(.text)
    SPI_I2S_ClearITPendingBit                0x080085cb   Thumb Code    42  stm32f4xx_spi.o(.text)
    SYSCFG_DeInit                            0x080085f5   Thumb Code    22  stm32f4xx_syscfg.o(.text)
    SYSCFG_MemoryRemapConfig                 0x0800860b   Thumb Code     6  stm32f4xx_syscfg.o(.text)
    SYSCFG_EXTILineConfig                    0x08008611   Thumb Code    66  stm32f4xx_syscfg.o(.text)
    SYSCFG_ETH_MediaInterfaceConfig          0x08008653   Thumb Code     6  stm32f4xx_syscfg.o(.text)
    SYSCFG_CompensationCellCmd               0x08008659   Thumb Code     6  stm32f4xx_syscfg.o(.text)
    SYSCFG_GetCompensationCellStatus         0x0800865f   Thumb Code    22  stm32f4xx_syscfg.o(.text)
    CPU_IntDis                               0x08008681   Thumb Code     0  cpu_a.o(.text)
    CPU_IntEn                                0x08008685   Thumb Code     0  cpu_a.o(.text)
    CPU_SR_Save                              0x08008689   Thumb Code     0  cpu_a.o(.text)
    CPU_SR_Restore                           0x08008691   Thumb Code     0  cpu_a.o(.text)
    CPU_WaitForInt                           0x08008697   Thumb Code     0  cpu_a.o(.text)
    CPU_WaitForExcept                        0x0800869b   Thumb Code     0  cpu_a.o(.text)
    CPU_CntLeadZeros                         0x0800869f   Thumb Code     0  cpu_a.o(.text)
    CPU_CntTrailZeros                        0x080086a5   Thumb Code     0  cpu_a.o(.text)
    CPU_RevBits                              0x080086af   Thumb Code     0  cpu_a.o(.text)
    Str_Len_N                                0x080086b5   Thumb Code    28  lib_str.o(.text)
    Str_Len                                  0x080086d1   Thumb Code    20  lib_str.o(.text)
    Str_Copy_N                               0x080086e5   Thumb Code    70  lib_str.o(.text)
    Str_Copy                                 0x0800872b   Thumb Code    24  lib_str.o(.text)
    Str_Cat_N                                0x08008743   Thumb Code    90  lib_str.o(.text)
    Str_Cat                                  0x0800879d   Thumb Code    24  lib_str.o(.text)
    Str_Cmp_N                                0x080087b5   Thumb Code   156  lib_str.o(.text)
    Str_Cmp                                  0x08008851   Thumb Code    24  lib_str.o(.text)
    Str_CmpIgnoreCase_N                      0x08008869   Thumb Code   264  lib_str.o(.text)
    Str_CmpIgnoreCase                        0x08008971   Thumb Code    24  lib_str.o(.text)
    Str_Char_N                               0x08008989   Thumb Code    74  lib_str.o(.text)
    Str_Char                                 0x080089d3   Thumb Code    24  lib_str.o(.text)
    Str_Char_Last_N                          0x080089eb   Thumb Code    76  lib_str.o(.text)
    Str_Char_Last                            0x08008a37   Thumb Code    24  lib_str.o(.text)
    Str_Char_Replace_N                       0x08008a4f   Thumb Code    52  lib_str.o(.text)
    Str_Char_Replace                         0x08008a83   Thumb Code    28  lib_str.o(.text)
    Str_Str_N                                0x08008a9f   Thumb Code   182  lib_str.o(.text)
    Str_Str                                  0x08008b55   Thumb Code    24  lib_str.o(.text)
    Str_FmtNbr_Int32U                        0x08008d49   Thumb Code    46  lib_str.o(.text)
    Str_FmtNbr_Int32S                        0x08008d77   Thumb Code    62  lib_str.o(.text)
    Str_ParseNbr_Int32U                      0x08008f73   Thumb Code    30  lib_str.o(.text)
    Str_ParseNbr_Int32S                      0x08008f91   Thumb Code    74  lib_str.o(.text)
    Mem_Copy                                 0x08008fe1   Thumb Code     0  lib_mem_a.o(.text)
    OSCfg_Init                               0x08009201   Thumb Code     2  os_cfg_app.o(.text)
    OS_Dbg_Init                              0x08009205   Thumb Code   144  os_dbg.o(.text)
    OS_FlagDbgListAdd                        0x080093a5   Thumb Code    38  os_flag.o(.text)
    OSFlagCreate                             0x080093cb   Thumb Code   156  os_flag.o(.text)
    OS_FlagClr                               0x08009467   Thumb Code    28  os_flag.o(.text)
    OS_FlagDbgListRemove                     0x08009483   Thumb Code    44  os_flag.o(.text)
    OSFlagDel                                0x080094af   Thumb Code   576  os_flag.o(.text)
    OS_FlagBlock                             0x080096ef   Thumb Code    56  os_flag.o(.text)
    OSFlagPend                               0x08009727   Thumb Code  1468  os_flag.o(.text)
    OSFlagPendAbort                          0x08009ce3   Thumb Code   274  os_flag.o(.text)
    OSFlagPendGetFlagsRdy                    0x08009df5   Thumb Code    50  os_flag.o(.text)
    OS_FlagTaskRdy                           0x08009e27   Thumb Code   100  os_flag.o(.text)
    OS_FlagPost                              0x08009e8b   Thumb Code   558  os_flag.o(.text)
    OSFlagPost                               0x0800a0b9   Thumb Code   146  os_flag.o(.text)
    OS_FlagInit                              0x0800a14b   Thumb Code    14  os_flag.o(.text)
    OS_IntQPost                              0x0800a16d   Thumb Code   216  os_int.o(.text)
    OS_IntQRePost                            0x0800a245   Thumb Code   320  os_int.o(.text)
    OS_IntQTask                              0x0800a385   Thumb Code   160  os_int.o(.text)
    OS_IntQTaskInit                          0x0800a425   Thumb Code   208  os_int.o(.text)
    OS_MemDbgListAdd                         0x0800a579   Thumb Code    34  os_mem.o(.text)
    OSMemCreate                              0x0800a59b   Thumb Code   272  os_mem.o(.text)
    OSMemGet                                 0x0800a6ab   Thumb Code   100  os_mem.o(.text)
    OSMemPut                                 0x0800a70f   Thumb Code   112  os_mem.o(.text)
    OS_MemInit                               0x0800a77f   Thumb Code    14  os_mem.o(.text)
    OS_MsgPoolInit                           0x0800a79d   Thumb Code   110  os_msg.o(.text)
    OS_MsgQFreeAll                           0x0800a80b   Thumb Code    62  os_msg.o(.text)
    OS_MsgQInit                              0x0800a849   Thumb Code    14  os_msg.o(.text)
    OS_MsgQGet                               0x0800a857   Thumb Code    98  os_msg.o(.text)
    OS_MsgQPut                               0x0800a8b9   Thumb Code   254  os_msg.o(.text)
    OS_MutexDbgListAdd                       0x0800a9c5   Thumb Code    38  os_mutex.o(.text)
    OSMutexCreate                            0x0800a9eb   Thumb Code   162  os_mutex.o(.text)
    OS_MutexClr                              0x0800aa8d   Thumb Code    38  os_mutex.o(.text)
    OS_MutexDbgListRemove                    0x0800aab3   Thumb Code    44  os_mutex.o(.text)
    OSMutexDel                               0x0800aadf   Thumb Code   818  os_mutex.o(.text)
    OSMutexPend                              0x0800ae11   Thumb Code   690  os_mutex.o(.text)
    OSMutexPendAbort                         0x0800b0c3   Thumb Code   274  os_mutex.o(.text)
    OSMutexPost                              0x0800b1d5   Thumb Code   564  os_mutex.o(.text)
    OS_MutexInit                             0x0800b409   Thumb Code    14  os_mutex.o(.text)
    OS_PrioInit                              0x0800b431   Thumb Code    20  os_prio.o(.text)
    OS_PrioGetHighest                        0x0800b445   Thumb Code    36  os_prio.o(.text)
    OS_PrioInsert                            0x0800b469   Thumb Code    32  os_prio.o(.text)
    OS_PrioRemove                            0x0800b489   Thumb Code    32  os_prio.o(.text)
    OS_QDbgListAdd                           0x0800b4ad   Thumb Code    38  os_q.o(.text)
    OSQCreate                                0x0800b4d3   Thumb Code   170  os_q.o(.text)
    OS_QClr                                  0x0800b57d   Thumb Code    40  os_q.o(.text)
    OS_QDbgListRemove                        0x0800b5a5   Thumb Code    44  os_q.o(.text)
    OSQDel                                   0x0800b5d1   Thumb Code   344  os_q.o(.text)
    OSQFlush                                 0x0800b729   Thumb Code   192  os_q.o(.text)
    OSQPend                                  0x0800b7e9   Thumb Code   518  os_q.o(.text)
    OSQPendAbort                             0x0800b9ef   Thumb Code   274  os_q.o(.text)
    OS_QPost                                 0x0800bb01   Thumb Code   324  os_q.o(.text)
    OSQPost                                  0x0800bc45   Thumb Code   192  os_q.o(.text)
    OS_QInit                                 0x0800bd05   Thumb Code    14  os_q.o(.text)
    OS_TickTask                              0x0800bf57   Thumb Code   204  os_tick.o(.text)
    OS_TickTaskInit                          0x0800c023   Thumb Code   142  os_tick.o(.text)
    OS_TickListInsert                        0x0800c0b1   Thumb Code   208  os_tick.o(.text)
    OS_TickListInsertDly                     0x0800c181   Thumb Code   180  os_tick.o(.text)
    OS_TickListRemove                        0x0800c235   Thumb Code    88  os_tick.o(.text)
    OS_TickListResetPeak                     0x0800c28d   Thumb Code     2  os_tick.o(.text)
    OSIdleTaskHook                           0x0800c299   Thumb Code    16  os_cpu_c.o(.text)
    OSInitHook                               0x0800c2a9   Thumb Code    28  os_cpu_c.o(.text)
    OSStatTaskHook                           0x0800c2c5   Thumb Code    16  os_cpu_c.o(.text)
    OSTaskCreateHook                         0x0800c2d5   Thumb Code    20  os_cpu_c.o(.text)
    OSTaskDelHook                            0x0800c2e9   Thumb Code    20  os_cpu_c.o(.text)
    OSTaskReturnHook                         0x0800c2fd   Thumb Code    20  os_cpu_c.o(.text)
    OSTaskStkInit                            0x0800c311   Thumb Code   204  os_cpu_c.o(.text)
    OSTaskSwHook                             0x0800c3dd   Thumb Code    86  os_cpu_c.o(.text)
    OSTimeTickHook                           0x0800c433   Thumb Code    16  os_cpu_c.o(.text)
    OS_CPU_SysTickHandler                    0x0800c443   Thumb Code    52  os_cpu_c.o(.text)
    OS_CPU_SysTickInit                       0x0800c477   Thumb Code    44  os_cpu_c.o(.text)
    ASCII_IsAlpha                            0x0800c4e1   Thumb Code    48  lib_ascii.o(.text)
    ASCII_IsAlphaNum                         0x0800c511   Thumb Code    76  lib_ascii.o(.text)
    ASCII_IsLower                            0x0800c55d   Thumb Code    20  lib_ascii.o(.text)
    ASCII_IsUpper                            0x0800c571   Thumb Code    20  lib_ascii.o(.text)
    ASCII_IsDig                              0x0800c585   Thumb Code    20  lib_ascii.o(.text)
    ASCII_IsDigOct                           0x0800c599   Thumb Code    20  lib_ascii.o(.text)
    ASCII_IsDigHex                           0x0800c5ad   Thumb Code    36  lib_ascii.o(.text)
    ASCII_IsBlank                            0x0800c5d1   Thumb Code    20  lib_ascii.o(.text)
    ASCII_IsSpace                            0x0800c5e5   Thumb Code    36  lib_ascii.o(.text)
    ASCII_IsPrint                            0x0800c609   Thumb Code    20  lib_ascii.o(.text)
    ASCII_IsGraph                            0x0800c61d   Thumb Code    20  lib_ascii.o(.text)
    ASCII_IsPunct                            0x0800c631   Thumb Code   134  lib_ascii.o(.text)
    ASCII_IsCtrl                             0x0800c6b7   Thumb Code    26  lib_ascii.o(.text)
    ASCII_ToLower                            0x0800c6d1   Thumb Code    32  lib_ascii.o(.text)
    ASCII_ToUpper                            0x0800c6f1   Thumb Code    32  lib_ascii.o(.text)
    ASCII_Cmp                                0x0800c711   Thumb Code    38  lib_ascii.o(.text)
    __aeabi_uldivmod                         0x0800c737   Thumb Code    98  uldiv.o(.text)
    __aeabi_memcpy                           0x0800c799   Thumb Code    36  memcpya.o(.text)
    __aeabi_memcpy4                          0x0800c799   Thumb Code     0  memcpya.o(.text)
    __aeabi_memcpy8                          0x0800c799   Thumb Code     0  memcpya.o(.text)
    __aeabi_memset                           0x0800c7bd   Thumb Code    14  memseta.o(.text)
    __aeabi_memset4                          0x0800c7bd   Thumb Code     0  memseta.o(.text)
    __aeabi_memset8                          0x0800c7bd   Thumb Code     0  memseta.o(.text)
    __aeabi_memclr                           0x0800c7cb   Thumb Code     4  memseta.o(.text)
    __aeabi_memclr4                          0x0800c7cb   Thumb Code     0  memseta.o(.text)
    __aeabi_memclr8                          0x0800c7cb   Thumb Code     0  memseta.o(.text)
    _memset$wrapper                          0x0800c7cf   Thumb Code    18  memseta.o(.text)
    strcat                                   0x0800c7e1   Thumb Code    24  strcat.o(.text)
    strlen                                   0x0800c7f9   Thumb Code    14  strlen.o(.text)
    strcmp                                   0x0800c807   Thumb Code    28  strcmp.o(.text)
    strcpy                                   0x0800c823   Thumb Code    18  strcpy.o(.text)
    __aeabi_dadd                             0x0800c835   Thumb Code   322  dadd.o(.text)
    __aeabi_dsub                             0x0800c977   Thumb Code     6  dadd.o(.text)
    __aeabi_drsub                            0x0800c97d   Thumb Code     6  dadd.o(.text)
    __aeabi_dmul                             0x0800c983   Thumb Code   228  dmul.o(.text)
    __aeabi_ddiv                             0x0800ca67   Thumb Code   222  ddiv.o(.text)
    __aeabi_i2d                              0x0800cb45   Thumb Code    34  dflti.o(.text)
    __aeabi_ui2d                             0x0800cb67   Thumb Code    26  dfltui.o(.text)
    __aeabi_d2iz                             0x0800cb81   Thumb Code    62  dfixi.o(.text)
    __aeabi_d2uiz                            0x0800cbbf   Thumb Code    50  dfixui.o(.text)
    __aeabi_f2d                              0x0800cbf1   Thumb Code    38  f2d.o(.text)
    __aeabi_llsl                             0x0800cc17   Thumb Code    30  llshl.o(.text)
    _ll_shift_l                              0x0800cc17   Thumb Code     0  llshl.o(.text)
    __aeabi_llsr                             0x0800cc35   Thumb Code    32  llushr.o(.text)
    _ll_ushift_r                             0x0800cc35   Thumb Code     0  llushr.o(.text)
    __aeabi_lasr                             0x0800cc55   Thumb Code    36  llsshr.o(.text)
    _ll_sshift_r                             0x0800cc55   Thumb Code     0  llsshr.o(.text)
    __I$use$fp                               0x0800cc79   Thumb Code     0  iusefp.o(.text)
    _double_round                            0x0800cc79   Thumb Code    26  depilogue.o(.text)
    _double_epilogue                         0x0800cc93   Thumb Code   156  depilogue.o(.text)
    __ARM_scalbn                             0x0800cd2f   Thumb Code    46  dscalb.o(.text)
    scalbn                                   0x0800cd2f   Thumb Code     0  dscalb.o(.text)
    __aeabi_cdrcmple                         0x0800cd5d   Thumb Code    38  cdrcmple.o(.text)
    __scatterload                            0x0800cd85   Thumb Code    28  init.o(.text)
    __scatterload_rt2                        0x0800cd85   Thumb Code     0  init.o(.text)
    _dsqrt                                   0x0800cda9   Thumb Code   162  dsqrt.o(.text)
    __decompress                             0x0800ce4b   Thumb Code     0  __dczerorl2.o(.text)
    __decompress1                            0x0800ce4b   Thumb Code    86  __dczerorl2.o(.text)
    OSStartHighRdy                           0x0800cea1   Thumb Code     0  os_cpu_a.o(CODE)
    OSCtxSw                                  0x0800cec3   Thumb Code     0  os_cpu_a.o(CODE)
    OSIntCtxSw                               0x0800cecd   Thumb Code     0  os_cpu_a.o(CODE)
    OS_CPU_PendSVHandler                     0x0800ced7   Thumb Code     0  os_cpu_a.o(CODE)
    __ARM_fpclassify                         0x0800cf49   Thumb Code    48  fpclassify.o(i.__ARM_fpclassify)
    __hardfp_fabs                            0x0800cf79   Thumb Code    20  fabs.o(i.__hardfp_fabs)
    __hardfp_pow                             0x0800cf91   Thumb Code  3048  pow.o(i.__hardfp_pow)
    __kernel_poly                            0x0800dbc9   Thumb Code   248  poly.o(i.__kernel_poly)
    __mathlib_dbl_underflow                  0x0800dcc1   Thumb Code    24  dunder.o(i.__mathlib_dbl_underflow)
    __scatterload_copy                       0x0800dce1   Thumb Code    14  handlers.o(i.__scatterload_copy)
    __scatterload_null                       0x0800dcef   Thumb Code     2  handlers.o(i.__scatterload_null)
    __scatterload_zeroinit                   0x0800dcf1   Thumb Code    14  handlers.o(i.__scatterload_zeroinit)
    __set_errno                              0x0800dd01   Thumb Code     6  errno.o(i.__set_errno)
    fabs                                     0x0800dd0d   Thumb Code    24  fabs.o(i.fabs)
    sqrt                                     0x0800dd25   Thumb Code   110  sqrt.o(i.sqrt)
    CPU_EndiannessTest                       0x0800de94   Data           4  cpu_core.o(.constdata)
    OSCfg_IdleTaskStkBasePtr                 0x0800df2c   Data           4  os_cfg_app.o(.constdata)
    OSCfg_IdleTaskStkLimit                   0x0800df30   Data           4  os_cfg_app.o(.constdata)
    OSCfg_IdleTaskStkSize                    0x0800df34   Data           4  os_cfg_app.o(.constdata)
    OSCfg_IdleTaskStkSizeRAM                 0x0800df38   Data           4  os_cfg_app.o(.constdata)
    OSCfg_IntQBasePtr                        0x0800df3c   Data           4  os_cfg_app.o(.constdata)
    OSCfg_IntQSize                           0x0800df40   Data           2  os_cfg_app.o(.constdata)
    OSCfg_IntQSizeRAM                        0x0800df44   Data           4  os_cfg_app.o(.constdata)
    OSCfg_IntQTaskStkBasePtr                 0x0800df48   Data           4  os_cfg_app.o(.constdata)
    OSCfg_IntQTaskStkLimit                   0x0800df4c   Data           4  os_cfg_app.o(.constdata)
    OSCfg_IntQTaskStkSize                    0x0800df50   Data           4  os_cfg_app.o(.constdata)
    OSCfg_IntQTaskStkSizeRAM                 0x0800df54   Data           4  os_cfg_app.o(.constdata)
    OSCfg_ISRStkBasePtr                      0x0800df58   Data           4  os_cfg_app.o(.constdata)
    OSCfg_ISRStkSize                         0x0800df5c   Data           4  os_cfg_app.o(.constdata)
    OSCfg_ISRStkSizeRAM                      0x0800df60   Data           4  os_cfg_app.o(.constdata)
    OSCfg_MsgPoolSize                        0x0800df64   Data           2  os_cfg_app.o(.constdata)
    OSCfg_MsgPoolSizeRAM                     0x0800df68   Data           4  os_cfg_app.o(.constdata)
    OSCfg_MsgPoolBasePtr                     0x0800df6c   Data           4  os_cfg_app.o(.constdata)
    OSCfg_StatTaskPrio                       0x0800df70   Data           1  os_cfg_app.o(.constdata)
    OSCfg_StatTaskRate_Hz                    0x0800df74   Data           4  os_cfg_app.o(.constdata)
    OSCfg_StatTaskStkBasePtr                 0x0800df78   Data           4  os_cfg_app.o(.constdata)
    OSCfg_StatTaskStkLimit                   0x0800df7c   Data           4  os_cfg_app.o(.constdata)
    OSCfg_StatTaskStkSize                    0x0800df80   Data           4  os_cfg_app.o(.constdata)
    OSCfg_StatTaskStkSizeRAM                 0x0800df84   Data           4  os_cfg_app.o(.constdata)
    OSCfg_StkSizeMin                         0x0800df88   Data           4  os_cfg_app.o(.constdata)
    OSCfg_TickRate_Hz                        0x0800df8c   Data           4  os_cfg_app.o(.constdata)
    OSCfg_TickTaskPrio                       0x0800df90   Data           1  os_cfg_app.o(.constdata)
    OSCfg_TickTaskStkBasePtr                 0x0800df94   Data           4  os_cfg_app.o(.constdata)
    OSCfg_TickTaskStkLimit                   0x0800df98   Data           4  os_cfg_app.o(.constdata)
    OSCfg_TickTaskStkSize                    0x0800df9c   Data           4  os_cfg_app.o(.constdata)
    OSCfg_TickTaskStkSizeRAM                 0x0800dfa0   Data           4  os_cfg_app.o(.constdata)
    OSCfg_TmrTaskPrio                        0x0800dfa4   Data           1  os_cfg_app.o(.constdata)
    OSCfg_TmrTaskRate_Hz                     0x0800dfa8   Data           4  os_cfg_app.o(.constdata)
    OSCfg_TmrTaskStkBasePtr                  0x0800dfac   Data           4  os_cfg_app.o(.constdata)
    OSCfg_TmrTaskStkLimit                    0x0800dfb0   Data           4  os_cfg_app.o(.constdata)
    OSCfg_TmrTaskStkSize                     0x0800dfb4   Data           4  os_cfg_app.o(.constdata)
    OSCfg_TmrTaskStkSizeRAM                  0x0800dfb8   Data           4  os_cfg_app.o(.constdata)
    OSCfg_DataSizeRAM                        0x0800dfbc   Data           4  os_cfg_app.o(.constdata)
    OSDbg_DbgEn                              0x0800dfc0   Data           1  os_dbg.o(.constdata)
    OSDbg_ArgChkEn                           0x0800dfc1   Data           1  os_dbg.o(.constdata)
    OSDbg_AppHooksEn                         0x0800dfc2   Data           1  os_dbg.o(.constdata)
    OSDbg_EndiannessTest                     0x0800dfc4   Data           4  os_dbg.o(.constdata)
    OSDbg_CalledFromISRChkEn                 0x0800dfc8   Data           1  os_dbg.o(.constdata)
    OSDbg_FlagEn                             0x0800dfc9   Data           1  os_dbg.o(.constdata)
    OSDbg_FlagGrp                            0x0800dfcc   Data          40  os_dbg.o(.constdata)
    OSDbg_FlagDelEn                          0x0800dff4   Data           1  os_dbg.o(.constdata)
    OSDbg_FlagModeClrEn                      0x0800dff5   Data           1  os_dbg.o(.constdata)
    OSDbg_FlagPendAbortEn                    0x0800dff6   Data           1  os_dbg.o(.constdata)
    OSDbg_FlagGrpSize                        0x0800dff8   Data           2  os_dbg.o(.constdata)
    OSDbg_FlagWidth                          0x0800dffa   Data           2  os_dbg.o(.constdata)
    OSDbg_IntQ                               0x0800dffc   Data           2  os_dbg.o(.constdata)
    OSDbg_ISRPostDeferredEn                  0x0800dffe   Data           1  os_dbg.o(.constdata)
    OSDbg_Mem                                0x0800e000   Data          32  os_dbg.o(.constdata)
    OSDbg_MemEn                              0x0800e020   Data           1  os_dbg.o(.constdata)
    OSDbg_MemSize                            0x0800e022   Data           2  os_dbg.o(.constdata)
    OSDbg_MsgEn                              0x0800e024   Data           1  os_dbg.o(.constdata)
    OSDbg_MsgSize                            0x0800e026   Data           2  os_dbg.o(.constdata)
    OSDbg_MsgPoolSize                        0x0800e028   Data           2  os_dbg.o(.constdata)
    OSDbg_MsgQSize                           0x0800e02a   Data           2  os_dbg.o(.constdata)
    OSDbg_Mutex                              0x0800e02c   Data          44  os_dbg.o(.constdata)
    OSDbg_MutexEn                            0x0800e058   Data           1  os_dbg.o(.constdata)
    OSDbg_MutexDelEn                         0x0800e059   Data           1  os_dbg.o(.constdata)
    OSDbg_MutexPendAbortEn                   0x0800e05a   Data           1  os_dbg.o(.constdata)
    OSDbg_MutexSize                          0x0800e05c   Data           2  os_dbg.o(.constdata)
    OSDbg_ObjTypeChkEn                       0x0800e05e   Data           1  os_dbg.o(.constdata)
    OSDbg_PendMultiEn                        0x0800e05f   Data           1  os_dbg.o(.constdata)
    OSDbg_PendDataSize                       0x0800e060   Data           2  os_dbg.o(.constdata)
    OSDbg_PendListSize                       0x0800e062   Data           2  os_dbg.o(.constdata)
    OSDbg_PendObjSize                        0x0800e064   Data           2  os_dbg.o(.constdata)
    OSDbg_PrioMax                            0x0800e066   Data           2  os_dbg.o(.constdata)
    OSDbg_PrioTblSize                        0x0800e068   Data           2  os_dbg.o(.constdata)
    OSDbg_PtrSize                            0x0800e06a   Data           2  os_dbg.o(.constdata)
    OSDbg_Q                                  0x0800e06c   Data          48  os_dbg.o(.constdata)
    OSDbg_QEn                                0x0800e09c   Data           1  os_dbg.o(.constdata)
    OSDbg_QDelEn                             0x0800e09d   Data           1  os_dbg.o(.constdata)
    OSDbg_QFlushEn                           0x0800e09e   Data           1  os_dbg.o(.constdata)
    OSDbg_QPendAbortEn                       0x0800e09f   Data           1  os_dbg.o(.constdata)
    OSDbg_QSize                              0x0800e0a0   Data           2  os_dbg.o(.constdata)
    OSDbg_SchedRoundRobinEn                  0x0800e0a2   Data           1  os_dbg.o(.constdata)
    OSDbg_Sem                                0x0800e0a4   Data          40  os_dbg.o(.constdata)
    OSDbg_SemEn                              0x0800e0cc   Data           1  os_dbg.o(.constdata)
    OSDbg_SemDelEn                           0x0800e0cd   Data           1  os_dbg.o(.constdata)
    OSDbg_SemPendAbortEn                     0x0800e0ce   Data           1  os_dbg.o(.constdata)
    OSDbg_SemSetEn                           0x0800e0cf   Data           1  os_dbg.o(.constdata)
    OSDbg_SemSize                            0x0800e0d0   Data           2  os_dbg.o(.constdata)
    OSDbg_RdyList                            0x0800e0d2   Data           2  os_dbg.o(.constdata)
    OSDbg_RdyListSize                        0x0800e0d4   Data           4  os_dbg.o(.constdata)
    OSDbg_StkWidth                           0x0800e0d8   Data           1  os_dbg.o(.constdata)
    OSDbg_StatTaskEn                         0x0800e0d9   Data           1  os_dbg.o(.constdata)
    OSDbg_StatTaskStkChkEn                   0x0800e0da   Data           1  os_dbg.o(.constdata)
    OSDbg_TaskChangePrioEn                   0x0800e0db   Data           1  os_dbg.o(.constdata)
    OSDbg_TaskDelEn                          0x0800e0dc   Data           1  os_dbg.o(.constdata)
    OSDbg_TaskQEn                            0x0800e0dd   Data           1  os_dbg.o(.constdata)
    OSDbg_TaskQPendAbortEn                   0x0800e0de   Data           1  os_dbg.o(.constdata)
    OSDbg_TaskProfileEn                      0x0800e0df   Data           1  os_dbg.o(.constdata)
    OSDbg_TaskRegTblSize                     0x0800e0e0   Data           2  os_dbg.o(.constdata)
    OSDbg_TaskSemPendAbortEn                 0x0800e0e2   Data           1  os_dbg.o(.constdata)
    OSDbg_TaskSuspendEn                      0x0800e0e3   Data           1  os_dbg.o(.constdata)
    OSDbg_TCBSize                            0x0800e0e4   Data           2  os_dbg.o(.constdata)
    OSDbg_TickListSize                       0x0800e0e6   Data           2  os_dbg.o(.constdata)
    OSDbg_TimeDlyHMSMEn                      0x0800e0e8   Data           1  os_dbg.o(.constdata)
    OSDbg_TimeDlyResumeEn                    0x0800e0e9   Data           1  os_dbg.o(.constdata)
    OSDbg_TLS_TblSize                        0x0800e0ea   Data           2  os_dbg.o(.constdata)
    OSDbg_Tmr                                0x0800e0ec   Data          48  os_dbg.o(.constdata)
    OSDbg_TmrEn                              0x0800e11c   Data           1  os_dbg.o(.constdata)
    OSDbg_TmrDelEn                           0x0800e11d   Data           1  os_dbg.o(.constdata)
    OSDbg_TmrSize                            0x0800e11e   Data           2  os_dbg.o(.constdata)
    OSDbg_VersionNbr                         0x0800e120   Data           2  os_dbg.o(.constdata)
    OSDbg_DataSize                           0x0800e124   Data           4  os_dbg.o(.constdata)
    __mathlib_zero                           0x0800e1b0   Data           8  qnan.o(.constdata)
    Region$$Table$$Base                      0x0800e1b8   Number         0  anon$$obj.o(Region$$Table)
    Region$$Table$$Limit                     0x0800e1d8   Number         0  anon$$obj.o(Region$$Table)
    Software                                 0x20000000   Data         600  userfunction.o(.data)
    chukong                                  0x20000258   Data           1  userfunction.o(.data)
    king                                     0x20000259   Data           1  userfunction.o(.data)
    keyss                                    0x2000025a   Data           1  userfunction.o(.data)
    semTemp                                  0x2000025c   Data           4  task_dateconnected.o(.data)
    USART1_RX_STA                            0x20000260   Data           2  task_dateconnected.o(.data)
    USART2_RX_STA                            0x20000262   Data           2  task_dateconnected.o(.data)
    ModeOkFlage                              0x20000264   Data           2  task_dateconnected.o(.data)
    congdad                                  0x20000268   Data           4  task_dateconnected.o(.data)
    help_left                                0x2000026c   Data           4  task_dateconnected.o(.data)
    help_right                               0x20000270   Data           4  task_dateconnected.o(.data)
    Usart3RecerveStart                       0x20000276   Data           2  bsp_usart3.o(.data)
    POINT_COLOR                              0x20000278   Data           2  bsp_lcd2_4_spi.o(.data)
    BACK_COLOR                               0x2000027a   Data           2  bsp_lcd2_4_spi.o(.data)
    KeyFlag                                  0x2000027c   Data           1  bsp_key.o(.data)
    statrSpeed                               0x2000027d   Data           1  bsp_key.o(.data)
    SystemCoreClock                          0x20000280   Data           4  system_stm32f4xx.o(.data)
    AHBPrescTable                            0x20000284   Data          16  system_stm32f4xx.o(.data)
    CPU_TS_TmrFreq_Hz                        0x200002a4   Data           4  cpu_core.o(.data)
    Math_RandSeedCur                         0x200002a8   Data           4  lib_math.o(.data)
    hanzi                                    0x200002ac   Data         256  font.o(.data)
    asc2_1608                                0x200003ac   Data        1520  font.o(.data)
    OSPrioTbl                                0x2000099c   Data           8  os_prio.o(.data)
    OS_AppTaskCreateHookPtr                  0x200009a4   Data           4  os_var.o(.data)
    OS_AppTaskDelHookPtr                     0x200009a8   Data           4  os_var.o(.data)
    OS_AppTaskReturnHookPtr                  0x200009ac   Data           4  os_var.o(.data)
    OS_AppIdleTaskHookPtr                    0x200009b0   Data           4  os_var.o(.data)
    OS_AppStatTaskHookPtr                    0x200009b4   Data           4  os_var.o(.data)
    OS_AppTaskSwHookPtr                      0x200009b8   Data           4  os_var.o(.data)
    OS_AppTimeTickHookPtr                    0x200009bc   Data           4  os_var.o(.data)
    OSIdleTaskCtr                            0x200009c0   Data           4  os_var.o(.data)
    OSIntNestingCtr                          0x200009c4   Data           1  os_var.o(.data)
    OSRunning                                0x200009c5   Data           1  os_var.o(.data)
    OSIntQInPtr                              0x200009c8   Data           4  os_var.o(.data)
    OSIntQOutPtr                             0x200009cc   Data           4  os_var.o(.data)
    OSIntQNbrEntries                         0x200009d0   Data           2  os_var.o(.data)
    OSIntQNbrEntriesMax                      0x200009d2   Data           2  os_var.o(.data)
    OSIntQOvfCtr                             0x200009d4   Data           2  os_var.o(.data)
    OSIntQTaskTimeMax                        0x200009d8   Data           4  os_var.o(.data)
    OSFlagDbgListPtr                         0x200009dc   Data           4  os_var.o(.data)
    OSFlagQty                                0x200009e0   Data           2  os_var.o(.data)
    OSMemDbgListPtr                          0x200009e4   Data           4  os_var.o(.data)
    OSMemQty                                 0x200009e8   Data           2  os_var.o(.data)
    OSMutexDbgListPtr                        0x200009ec   Data           4  os_var.o(.data)
    OSMutexQty                               0x200009f0   Data           2  os_var.o(.data)
    OSPrioCur                                0x200009f2   Data           1  os_var.o(.data)
    OSPrioHighRdy                            0x200009f3   Data           1  os_var.o(.data)
    OSPrioSaved                              0x200009f4   Data           1  os_var.o(.data)
    OSQDbgListPtr                            0x200009f8   Data           4  os_var.o(.data)
    OSQQty                                   0x200009fc   Data           2  os_var.o(.data)
    OSSchedLockNestingCtr                    0x200009fe   Data           1  os_var.o(.data)
    OSSchedRoundRobinDfltTimeQuanta          0x20000a00   Data           4  os_var.o(.data)
    OSSchedRoundRobinEn                      0x20000a04   Data           1  os_var.o(.data)
    OSSemDbgListPtr                          0x20000a08   Data           4  os_var.o(.data)
    OSSemQty                                 0x20000a0c   Data           2  os_var.o(.data)
    OSStatResetFlag                          0x20000a0e   Data           1  os_var.o(.data)
    OSStatTaskCPUUsage                       0x20000a10   Data           2  os_var.o(.data)
    OSStatTaskCPUUsageMax                    0x20000a12   Data           2  os_var.o(.data)
    OSStatTaskCtr                            0x20000a14   Data           4  os_var.o(.data)
    OSStatTaskCtrMax                         0x20000a18   Data           4  os_var.o(.data)
    OSStatTaskCtrRun                         0x20000a1c   Data           4  os_var.o(.data)
    OSStatTaskRdy                            0x20000a20   Data           1  os_var.o(.data)
    OSStatTaskTimeMax                        0x20000a24   Data           4  os_var.o(.data)
    OSTaskCtxSwCtr                           0x20000a28   Data           4  os_var.o(.data)
    OSTaskDbgListPtr                         0x20000a2c   Data           4  os_var.o(.data)
    OSTaskQty                                0x20000a30   Data           2  os_var.o(.data)
    OSTaskRegNextAvailID                     0x20000a32   Data           1  os_var.o(.data)
    OSTickCtr                                0x20000a34   Data           4  os_var.o(.data)
    OSTickTaskTimeMax                        0x20000a38   Data           4  os_var.o(.data)
    OSTickListDly                            0x20000a3c   Data           8  os_var.o(.data)
    OSTickListTimeout                        0x20000a44   Data           8  os_var.o(.data)
    OSTCBCurPtr                              0x20000a4c   Data           4  os_var.o(.data)
    OSTCBHighRdyPtr                          0x20000a50   Data           4  os_var.o(.data)
    OS_CPU_ExceptStkBase                     0x20000a54   Data           4  os_cpu_c.o(.data)
    Usart1RecerveSem                         0x20002bd4   Data          40  task_dateconnected.o(.bss)
    rece1_buff                               0x20002bfc   Data          20  task_dateconnected.o(.bss)
    Usart2RecerveSem                         0x20002c10   Data          40  task_dateconnected.o(.bss)
    rece2_buff                               0x20002c38   Data          20  task_dateconnected.o(.bss)
    comPortData                              0x20002c4c   Data         320  datastory.o(.bss)
    Values                                   0x20002d8c   Data          64  datastory.o(.bss)
    Usart3RecerveData                        0x20002dcc   Data         200  bsp_usart3.o(.bss)
    keyValue                                 0x20002e94   Data          12  bsp_slectlcd.o(.bss)
    CPU_Name                                 0x20002ea0   Data          16  cpu_core.o(.bss)
    OSCfg_IdleTaskStk                        0x20002eb0   Data         512  os_cfg_app.o(.bss)
    OSCfg_IntQ                               0x200030b0   Data         480  os_cfg_app.o(.bss)
    OSCfg_IntQTaskStk                        0x20003290   Data         512  os_cfg_app.o(.bss)
    OSCfg_ISRStk                             0x20003490   Data        1024  os_cfg_app.o(.bss)
    OSCfg_MsgPool                            0x20003890   Data        1600  os_cfg_app.o(.bss)
    OSCfg_StatTaskStk                        0x20003ed0   Data         512  os_cfg_app.o(.bss)
    OSCfg_TickTaskStk                        0x200040d0   Data         512  os_cfg_app.o(.bss)
    OSIdleTaskTCB                            0x200042d0   Data         188  os_var.o(.bss)
    OSIntQTaskTCB                            0x2000438c   Data         188  os_var.o(.bss)
    OSMsgPool                                0x20004448   Data          12  os_var.o(.bss)
    OSRdyList                                0x20004454   Data         768  os_var.o(.bss)
    OSStatTaskTCB                            0x20004754   Data         188  os_var.o(.bss)
    OSTickTaskTCB                            0x20004810   Data         188  os_var.o(.bss)
    __initial_sp                             0x200088d0   Data           0  startup_stm32f4xx.o(STACK)



==============================================================================

Memory Map of the image

  Image Entry point : 0x08000189

  Load Region LR_IROM1 (Base: 0x08000000, Size: 0x0000ec34, Max: 0x00100000, ABSOLUTE, COMPRESSED[0x0000e5bc])

    Execution Region ER_IROM1 (Base: 0x08000000, Size: 0x0000e1d8, Max: 0x00100000, ABSOLUTE)

    Base Addr    Size         Type   Attr      Idx    E Section Name        Object

    0x08000000   0x00000188   Data   RO          322    RESET               startup_stm32f4xx.o
    0x08000188   0x00000000   Code   RO         1459  * .ARM.Collect$$$$00000000  mc_w.l(entry.o)
    0x08000188   0x00000004   Code   RO         1513    .ARM.Collect$$$$00000001  mc_w.l(entry2.o)
    0x0800018c   0x00000004   Code   RO         1516    .ARM.Collect$$$$00000004  mc_w.l(entry5.o)
    0x08000190   0x00000000   Code   RO         1518    .ARM.Collect$$$$00000008  mc_w.l(entry7b.o)
    0x08000190   0x00000000   Code   RO         1520    .ARM.Collect$$$$0000000A  mc_w.l(entry8b.o)
    0x08000190   0x00000008   Code   RO         1521    .ARM.Collect$$$$0000000B  mc_w.l(entry9a.o)
    0x08000198   0x00000000   Code   RO         1523    .ARM.Collect$$$$0000000D  mc_w.l(entry10a.o)
    0x08000198   0x00000000   Code   RO         1525    .ARM.Collect$$$$0000000F  mc_w.l(entry11a.o)
    0x08000198   0x00000004   Code   RO         1514    .ARM.Collect$$$$00002712  mc_w.l(entry2.o)
    0x0800019c   0x00000178   Code   RO            2    .text               userfunction.o
    0x08000314   0x00000444   Code   RO          268    .text               stm32f4xx_it.o
    0x08000758   0x00000104   Code   RO          297    .text               main.o
    0x0800085c   0x00000024   Code   RO          323    .text               startup_stm32f4xx.o
    0x08000880   0x000004c0   Code   RO          328    .text               base_empty.lib(task_dateconnected.o)
    0x08000d40   0x000000e0   Code   RO          568    .text               base_empty.lib(datastory.o)
    0x08000e20   0x000000e8   Code   RO          633    .text               base_empty.lib(lcd_draw.o)
    0x08000f08   0x00000128   Code   RO          662    .text               base_empty.lib(bsp.o)
    0x08001030   0x00000624   Code   RO          707    .text               base_empty.lib(bsp_lcd2_4_spi.o)
    0x08001654   0x0000050c   Code   RO          730    .text               base_empty.lib(bsp_pwm.o)
    0x08001b60   0x000002dc   Code   RO          749    .text               base_empty.lib(bsp_key.o)
    0x08001e3c   0x000001bc   Code   RO          810    .text               base_empty.lib(bsp_slectlcd.o)
    0x08001ff8   0x00000244   Code   RO          840    .text               base_empty.lib(system_stm32f4xx.o)
    0x0800223c   0x0000011c   Code   RO          862    .text               base_empty.lib(stm32f4xx_exti.o)
    0x08002358   0x0000025c   Code   RO          878    .text               base_empty.lib(stm32f4xx_gpio.o)
    0x080025b4   0x00000588   Code   RO          894    .text               base_empty.lib(stm32f4xx_rcc.o)
    0x08002b3c   0x00000ca2   Code   RO          912    .text               base_empty.lib(stm32f4xx_tim.o)
    0x080037de   0x00000002   PAD
    0x080037e0   0x0000041a   Code   RO          928    .text               base_empty.lib(stm32f4xx_usart.o)
    0x08003bfa   0x00000002   PAD
    0x08003bfc   0x000002ac   Code   RO          943    .text               base_empty.lib(cpu_core.o)
    0x08003ea8   0x00000080   Code   RO          969    .text               base_empty.lib(lib_math.o)
    0x08003f28   0x000001e2   Code   RO          987    .text               base_empty.lib(lib_mem.o)
    0x0800410a   0x00000002   PAD
    0x0800410c   0x00000d54   Code   RO         1002    .text               base_empty.lib(os_core.o)
    0x08004e60   0x000007d4   Code   RO         1029    .text               base_empty.lib(os_sem.o)
    0x08005634   0x000005e8   Code   RO         1041    .text               base_empty.lib(os_stat.o)
    0x08005c1c   0x000019f8   Code   RO         1053    .text               base_empty.lib(os_task.o)
    0x08007614   0x00000518   Code   RO         1065    .text               base_empty.lib(os_time.o)
    0x08007b2c   0x00000040   Code   RO         1078    .text               base_empty.lib(actuatorfunction.o)
    0x08007b6c   0x00000074   Code   RO         1094    .text               base_empty.lib(bsp_led.o)
    0x08007be0   0x00000108   Code   RO         1110    .text               base_empty.lib(bsp_usart1.o)
    0x08007ce8   0x000000fc   Code   RO         1126    .text               base_empty.lib(bsp_usart2.o)
    0x08007de4   0x00000338   Code   RO         1159    .text               base_empty.lib(exchangedata.o)
    0x0800811c   0x000000e0   Code   RO         1178    .text               base_empty.lib(misc.o)
    0x080081fc   0x000003f8   Code   RO         1194    .text               base_empty.lib(stm32f4xx_spi.o)
    0x080085f4   0x0000008c   Code   RO         1210    .text               base_empty.lib(stm32f4xx_syscfg.o)
    0x08008680   0x00000034   Code   RO         1225    .text               base_empty.lib(cpu_a.o)
    0x080086b4   0x0000092c   Code   RO         1228    .text               base_empty.lib(lib_str.o)
    0x08008fe0   0x00000220   Code   RO         1245    .text               base_empty.lib(lib_mem_a.o)
    0x08009200   0x00000002   Code   RO         1248    .text               base_empty.lib(os_cfg_app.o)
    0x08009202   0x00000002   PAD
    0x08009204   0x000001a0   Code   RO         1271    .text               base_empty.lib(os_dbg.o)
    0x080093a4   0x00000dc8   Code   RO         1286    .text               base_empty.lib(os_flag.o)
    0x0800a16c   0x0000040c   Code   RO         1298    .text               base_empty.lib(os_int.o)
    0x0800a578   0x00000224   Code   RO         1310    .text               base_empty.lib(os_mem.o)
    0x0800a79c   0x00000228   Code   RO         1322    .text               base_empty.lib(os_msg.o)
    0x0800a9c4   0x00000a6c   Code   RO         1334    .text               base_empty.lib(os_mutex.o)
    0x0800b430   0x0000007c   Code   RO         1346    .text               base_empty.lib(os_prio.o)
    0x0800b4ac   0x00000878   Code   RO         1365    .text               base_empty.lib(os_q.o)
    0x0800bd24   0x00000574   Code   RO         1377    .text               base_empty.lib(os_tick.o)
    0x0800c298   0x00000248   Code   RO         1406    .text               base_empty.lib(os_cpu_c.o)
    0x0800c4e0   0x00000256   Code   RO         1424    .text               base_empty.lib(lib_ascii.o)
    0x0800c736   0x00000062   Code   RO         1462    .text               mc_w.l(uldiv.o)
    0x0800c798   0x00000024   Code   RO         1464    .text               mc_w.l(memcpya.o)
    0x0800c7bc   0x00000024   Code   RO         1466    .text               mc_w.l(memseta.o)
    0x0800c7e0   0x00000018   Code   RO         1468    .text               mc_w.l(strcat.o)
    0x0800c7f8   0x0000000e   Code   RO         1470    .text               mc_w.l(strlen.o)
    0x0800c806   0x0000001c   Code   RO         1472    .text               mc_w.l(strcmp.o)
    0x0800c822   0x00000012   Code   RO         1474    .text               mc_w.l(strcpy.o)
    0x0800c834   0x0000014e   Code   RO         1478    .text               mf_w.l(dadd.o)
    0x0800c982   0x000000e4   Code   RO         1480    .text               mf_w.l(dmul.o)
    0x0800ca66   0x000000de   Code   RO         1482    .text               mf_w.l(ddiv.o)
    0x0800cb44   0x00000022   Code   RO         1484    .text               mf_w.l(dflti.o)
    0x0800cb66   0x0000001a   Code   RO         1486    .text               mf_w.l(dfltui.o)
    0x0800cb80   0x0000003e   Code   RO         1488    .text               mf_w.l(dfixi.o)
    0x0800cbbe   0x00000032   Code   RO         1490    .text               mf_w.l(dfixui.o)
    0x0800cbf0   0x00000026   Code   RO         1492    .text               mf_w.l(f2d.o)
    0x0800cc16   0x0000001e   Code   RO         1527    .text               mc_w.l(llshl.o)
    0x0800cc34   0x00000020   Code   RO         1529    .text               mc_w.l(llushr.o)
    0x0800cc54   0x00000024   Code   RO         1531    .text               mc_w.l(llsshr.o)
    0x0800cc78   0x00000000   Code   RO         1540    .text               mc_w.l(iusefp.o)
    0x0800cc78   0x000000b6   Code   RO         1541    .text               mf_w.l(depilogue.o)
    0x0800cd2e   0x0000002e   Code   RO         1545    .text               mf_w.l(dscalb.o)
    0x0800cd5c   0x00000028   Code   RO         1547    .text               mf_w.l(cdrcmple.o)
    0x0800cd84   0x00000024   Code   RO         1549    .text               mc_w.l(init.o)
    0x0800cda8   0x000000a2   Code   RO         1551    .text               mf_w.l(dsqrt.o)
    0x0800ce4a   0x00000056   Code   RO         1563    .text               mc_w.l(__dczerorl2.o)
    0x0800cea0   0x000000a8   Code   RO         1403    CODE                base_empty.lib(os_cpu_a.o)
    0x0800cf48   0x00000030   Code   RO         1496    i.__ARM_fpclassify  m_wm.l(fpclassify.o)
    0x0800cf78   0x00000014   Code   RO         1439    i.__hardfp_fabs     m_wm.l(fabs.o)
    0x0800cf8c   0x00000004   PAD
    0x0800cf90   0x00000c38   Code   RO         1445    i.__hardfp_pow      m_wm.l(pow.o)
    0x0800dbc8   0x000000f8   Code   RO         1498    i.__kernel_poly     m_wm.l(poly.o)
    0x0800dcc0   0x00000020   Code   RO         1494    i.__mathlib_dbl_underflow  m_wm.l(dunder.o)
    0x0800dce0   0x0000000e   Code   RO         1557    i.__scatterload_copy  mc_w.l(handlers.o)
    0x0800dcee   0x00000002   Code   RO         1558    i.__scatterload_null  mc_w.l(handlers.o)
    0x0800dcf0   0x0000000e   Code   RO         1559    i.__scatterload_zeroinit  mc_w.l(handlers.o)
    0x0800dcfe   0x00000002   PAD
    0x0800dd00   0x0000000c   Code   RO         1535    i.__set_errno       mc_w.l(errno.o)
    0x0800dd0c   0x00000018   Code   RO         1441    i.fabs              m_wm.l(fabs.o)
    0x0800dd24   0x0000006e   Code   RO         1503    i.sqrt              m_wm.l(sqrt.o)
    0x0800dd92   0x00000002   PAD
    0x0800dd94   0x00000104   Data   RO          945    .constdata          base_empty.lib(cpu_core.o)
    0x0800de98   0x00000094   Data   RO         1229    .constdata          base_empty.lib(lib_str.o)
    0x0800df2c   0x00000094   Data   RO         1250    .constdata          base_empty.lib(os_cfg_app.o)
    0x0800dfc0   0x00000168   Data   RO         1272    .constdata          base_empty.lib(os_dbg.o)
    0x0800e128   0x00000088   Data   RO         1448    .constdata          m_wm.l(pow.o)
    0x0800e1b0   0x00000008   Data   RO         1500    .constdata          m_wm.l(qnan.o)
    0x0800e1b8   0x00000020   Data   RO         1555    Region$$Table       anon$$obj.o


    Execution Region RW_IRAM2 (Base: 0x10000000, Size: 0x00000000, Max: 0x00010000, ABSOLUTE)

    **** No section assigned to this execution region ****


    Execution Region RW_IRAM1 (Base: 0x20000000, Size: 0x000088d0, Max: 0x00020000, ABSOLUTE, COMPRESSED[0x000003e4])

    Base Addr    Size         Type   Attr      Idx    E Section Name        Object

    0x20000000   0x0000025b   Data   RW            3    .data               userfunction.o
    0x2000025b   0x00000001   PAD
    0x2000025c   0x00000019   Data   RW          330    .data               base_empty.lib(task_dateconnected.o)
    0x20000275   0x00000001   PAD
    0x20000276   0x00000002   Data   RW          686    .data               base_empty.lib(bsp_usart3.o)
    0x20000278   0x00000004   Data   RW          708    .data               base_empty.lib(bsp_lcd2_4_spi.o)
    0x2000027c   0x00000004   Data   RW          750    .data               base_empty.lib(bsp_key.o)
    0x20000280   0x00000014   Data   RW          841    .data               base_empty.lib(system_stm32f4xx.o)
    0x20000294   0x00000010   Data   RW          895    .data               base_empty.lib(stm32f4xx_rcc.o)
    0x200002a4   0x00000004   Data   RW          946    .data               base_empty.lib(cpu_core.o)
    0x200002a8   0x00000004   Data   RW          970    .data               base_empty.lib(lib_math.o)
    0x200002ac   0x000006f0   Data   RW         1142    .data               base_empty.lib(font.o)
    0x2000099c   0x00000008   Data   RW         1347    .data               base_empty.lib(os_prio.o)
    0x200009a4   0x000000b0   Data   RW         1390    .data               base_empty.lib(os_var.o)
    0x20000a54   0x00000004   Data   RW         1407    .data               base_empty.lib(os_cpu_c.o)
    0x20000a58   0x00000004   Data   RW         1536    .data               mc_w.l(errno.o)
    0x20000a5c   0x00002178   Zero   RW          298    .bss                main.o
    0x20002bd4   0x00000078   Zero   RW          329    .bss                base_empty.lib(task_dateconnected.o)
    0x20002c4c   0x00000180   Zero   RW          569    .bss                base_empty.lib(datastory.o)
    0x20002dcc   0x000000c8   Zero   RW          685    .bss                base_empty.lib(bsp_usart3.o)
    0x20002e94   0x0000000c   Zero   RW          811    .bss                base_empty.lib(bsp_slectlcd.o)
    0x20002ea0   0x00000010   Zero   RW          944    .bss                base_empty.lib(cpu_core.o)
    0x20002eb0   0x00001420   Zero   RW         1249    .bss                base_empty.lib(os_cfg_app.o)
    0x200042d0   0x000005fc   Zero   RW         1389    .bss                base_empty.lib(os_var.o)
    0x200048cc   0x00000004   PAD
    0x200048d0   0x00004000   Zero   RW          320    STACK               startup_stm32f4xx.o


==============================================================================

Image component sizes


      Code (inc. data)   RO Data    RW Data    ZI Data      Debug   Object Name

       260         66          0          0       8568       1628   main.o
        36          8        392          0      16384        836   startup_stm32f4xx.o
      1092         64          0          0          0       3497   stm32f4xx_it.o
       376         40          0        603          0      46902   userfunction.o

    ----------------------------------------------------------------------
      1764        178        424        604      24952      52863   Object Totals
         0          0         32          0          0          0   (incl. Generated)
         0          0          0          1          0          0   (incl. Padding)

    ----------------------------------------------------------------------

      Code (inc. data)   RO Data    RW Data    ZI Data      Debug   Library Member Name

        64         14          0          0          0        730   actuatorfunction.o
       296         18          0          0          0       1713   bsp.o
       732         36          0          4          0      21613   bsp_key.o
      1572         32          0          4          0       5595   bsp_lcd2_4_spi.o
       116         10          0          0          0       1179   bsp_led.o
      1292         52          0          0          0       3216   bsp_pwm.o
       444         72          0          0         12       2789   bsp_slectlcd.o
       264          8          0          0          0       1225   bsp_usart1.o
       252          8          0          0          0       1412   bsp_usart2.o
         0          0          0          2        200        659   bsp_usart3.o
        52          0          0          0          0        360   cpu_a.o
       684         14        260          4         16      14675   cpu_core.o
       224          8          0          0        384       2834   datastory.o
       824         64          0          0          0       3124   exchangedata.o
         0          0          0       1776          0        590   font.o
       232         24          0          0          0       1298   lcd_draw.o
       598          0          0          0          0       3812   lib_ascii.o
       128          8          0          4          0       2048   lib_math.o
       482          0          0          0          0       3480   lib_mem.o
       544          0          0          0          0        508   lib_mem_a.o
      2348          6        148          0          0      13282   lib_str.o
       224         20          0          0          0       1873   misc.o
         2          0        148          0       5152      20065   os_cfg_app.o
      3412        270          0          0          0      31864   os_core.o
       168         32          0          0          0        428   os_cpu_a.o
       584         62          0          4          0       3905   os_cpu_c.o
       416        272        360          0          0       4837   os_dbg.o
      3528         98          0          0          0       7855   os_flag.o
      1036        132          0          0          0       2328   os_int.o
       548         16          0          0          0       2848   os_mem.o
       552         14          0          0          0       2758   os_msg.o
      2668         94          0          0          0       5602   os_mutex.o
       124          4          0          8          0       2016   os_prio.o
      2168         68          0          0          0       6276   os_q.o
      2004         64          0          0          0       6292   os_sem.o
      1512        160          0          0          0       2817   os_stat.o
      6648        250          0          0          0      12929   os_task.o
      1396         84          0          0          0       3944   os_tick.o
      1304         36          0          0          0       3205   os_time.o
         0          0          0        176       1532      18586   os_var.o
       284         10          0          0          0       2351   stm32f4xx_exti.o
       604         36          0          0          0       4121   stm32f4xx_gpio.o
      1416         48          0         16          0      11035   stm32f4xx_rcc.o
      1016         22          0          0          0       6833   stm32f4xx_spi.o
       140         12          0          0          0       1707   stm32f4xx_syscfg.o
      3234         60          0          0          0      22352   stm32f4xx_tim.o
      1050         26          0          0          0       7824   stm32f4xx_usart.o
       580         48          0         20          0       1955   system_stm32f4xx.o
      1216        156          0         25        120     296285   task_dateconnected.o
        32          8          0          0          0        124   dunder.o
        44          0          0          0          0        248   fabs.o
        48          0          0          0          0        124   fpclassify.o
       248          0          0          0          0        152   poly.o
      3128        304        136          0          0        216   pow.o
         0          0          8          0          0          0   qnan.o
       110          0          0          0          0        148   sqrt.o
        86          0          0          0          0          0   __dczerorl2.o
         0          0          0          0          0          0   entry.o
         0          0          0          0          0          0   entry10a.o
         0          0          0          0          0          0   entry11a.o
         8          4          0          0          0          0   entry2.o
         4          0          0          0          0          0   entry5.o
         0          0          0          0          0          0   entry7b.o
         0          0          0          0          0          0   entry8b.o
         8          4          0          0          0          0   entry9a.o
        12          6          0          4          0         68   errno.o
        30          0          0          0          0          0   handlers.o
        36          8          0          0          0         68   init.o
         0          0          0          0          0          0   iusefp.o
        30          0          0          0          0         68   llshl.o
        36          0          0          0          0         68   llsshr.o
        32          0          0          0          0         68   llushr.o
        36          0          0          0          0         68   memcpya.o
        36          0          0          0          0        108   memseta.o
        24          0          0          0          0         68   strcat.o
        28          0          0          0          0         76   strcmp.o
        18          0          0          0          0         68   strcpy.o
        14          0          0          0          0         68   strlen.o
        98          0          0          0          0         92   uldiv.o
        40          2          0          0          0         68   cdrcmple.o
       334          0          0          0          0        148   dadd.o
       222          0          0          0          0        100   ddiv.o
       182          0          0          0          0        176   depilogue.o
        62          0          0          0          0         80   dfixi.o
        50          0          0          0          0         76   dfixui.o
        34          0          0          0          0         76   dflti.o
        26          0          0          0          0         76   dfltui.o
       228          0          0          0          0         96   dmul.o
        46          0          0          0          0         80   dscalb.o
       162          0          0          0          0        100   dsqrt.o
        38          0          0          0          0         68   f2d.o

    ----------------------------------------------------------------------
     54568       2804       1060       2048       7420     584077   Library Totals
        16          0          0          1          4          0   (incl. Padding)

    ----------------------------------------------------------------------

      Code (inc. data)   RO Data    RW Data    ZI Data      Debug   Library Name

     48982       2468        916       2043       7416     581033   base_empty.lib
      3610        312        144          0          0       1012   m_wm.l
       536         22          0          4          0        888   mc_w.l
      1424          2          0          0          0       1144   mf_w.l

    ----------------------------------------------------------------------
     54568       2804       1060       2048       7420     584077   Library Totals

    ----------------------------------------------------------------------

==============================================================================


      Code (inc. data)   RO Data    RW Data    ZI Data      Debug   

     56332       2982       1484       2652      32372     624884   Grand Totals
     56332       2982       1484        996      32372     624884   ELF Image Totals (compressed)
     56332       2982       1484        996          0          0   ROM Totals

==============================================================================

    Total RO  Size (Code + RO Data)                57816 (  56.46kB)
    Total RW  Size (RW Data + ZI Data)             35024 (  34.20kB)
    Total ROM Size (Code + RO Data + RW Data)      58812 (  57.43kB)

==============================================================================

