Product: MDK-ARM Standard 5.10
Component: ARM Compiler 5.04 update 1 (build 49)
Tool: armlink [5040049]

==============================================================================

Section Cross References

    task_dateconnected.o(.text) refers to dfltui.o(.text) for __aeabi_ui2d
    task_dateconnected.o(.text) refers to dmul.o(.text) for __aeabi_dmul
    task_dateconnected.o(.text) refers to dfixui.o(.text) for __aeabi_d2uiz
    task_dateconnected.o(.text) refers to stm32f4xx_gpio.o(.text) for GPIO_WriteBit
    task_dateconnected.o(.text) refers to stm32f4xx_rcc.o(.text) for RCC_AHB1PeriphClockCmd
    task_dateconnected.o(.text) refers to os_sem.o(.text) for OSSemCreate
    task_dateconnected.o(.text) refers to bsp_slectlcd.o(.text) for MainDeskTopFist
    task_dateconnected.o(.text) refers to userfunction.o(.text) for Init_COM_ALL
    task_dateconnected.o(.text) refers to bsp_lcd2_4_spi.o(.text) for LCD_Clear
    task_dateconnected.o(.text) refers to os_time.o(.text) for OSTimeDlyHMSM
    task_dateconnected.o(.text) refers to stm32f4xx_usart.o(.text) for USART_ITConfig
    task_dateconnected.o(.text) refers to bsp_led.o(.text) for Trage_Led
    task_dateconnected.o(.text) refers to datastory.o(.bss) for comPortData
    task_dateconnected.o(.text) refers to task_dateconnected.o(.data) for ModeOkFlage
    task_dateconnected.o(.text) refers to task_dateconnected.o(.bss) for Usart2RecerveSem
    task_dateconnected.o(.text) refers to bsp_slectlcd.o(.bss) for keyValue
    task_dateconnected.o(.text) refers to userfunction.o(.data) for Software
    userfunction.o(.text) refers to bsp_pwm.o(.text) for ChangeSpeed
    userfunction.o(.text) refers to task_dateconnected.o(.text) for GetValueTime
    userfunction.o(.text) refers to bsp_lcd2_4_spi.o(.text) for LCD_ShowString
    userfunction.o(.text) refers to lcd_draw.o(.text) for ShowNumber
    userfunction.o(.text) refers to dflti.o(.text) for __aeabi_i2d
    userfunction.o(.text) refers to dmul.o(.text) for __aeabi_dmul
    userfunction.o(.text) refers to dfixi.o(.text) for __aeabi_d2iz
    userfunction.o(.text) refers to datastory.o(.text) for GetValue2
    userfunction.o(.text) refers to datastory.o(.bss) for Values
    userfunction.o(.text) refers to userfunction.o(.data) for chukong
    userfunction.o(.data) refers to userfunction.o(.text) for XunxianPro
    userfunction.o(.data) refers to bsp_slectlcd.o(.text) for hell02
    main.o(.text) refers to os_task.o(.text) for OSTaskCreate
    main.o(.text) refers to bsp.o(.text) for BSP_Init
    main.o(.text) refers to cpu_core.o(.text) for CPU_Init
    main.o(.text) refers to lib_mem.o(.text) for Mem_Init
    main.o(.text) refers to lib_math.o(.text) for Math_Init
    main.o(.text) refers to os_stat.o(.text) for OSStatTaskCPUUsageInit
    main.o(.text) refers to bsp_lcd2_4_spi.o(.text) for LCD_Clear
    main.o(.text) refers to os_time.o(.text) for OSTimeDlyHMSM
    main.o(.text) refers to stm32f4xx_rcc.o(.text) for RCC_GetClocksFreq
    main.o(.text) refers to os_core.o(.text) for OSInit
    main.o(.text) refers to main.o(.bss) for AppTaskDateConnectedStk
    main.o(.text) refers to task_dateconnected.o(.text) for AppTaskDateConnected
    stm32f4xx_it.o(.text) refers to os_core.o(.text) for OSIntEnter
    stm32f4xx_it.o(.text) refers to stm32f4xx_usart.o(.text) for USART_ReceiveData
    stm32f4xx_it.o(.text) refers to os_sem.o(.text) for OSSemPost
    stm32f4xx_it.o(.text) refers to stm32f4xx_tim.o(.text) for TIM_GetITStatus
    stm32f4xx_it.o(.text) refers to bsp_key.o(.text) for Deal_keyButtom
    stm32f4xx_it.o(.text) refers to stm32f4xx_exti.o(.text) for EXTI_ClearITPendingBit
    stm32f4xx_it.o(.text) refers to stm32f4xx_gpio.o(.text) for GPIO_ReadInputDataBit
    stm32f4xx_it.o(.text) refers to task_dateconnected.o(.data) for USART1_RX_STA
    stm32f4xx_it.o(.text) refers to task_dateconnected.o(.bss) for rece1_buff
    stm32f4xx_it.o(.text) refers to bsp_usart3.o(.data) for Usart3RecerveStart
    stm32f4xx_it.o(.text) refers to bsp_usart3.o(.bss) for Usart3RecerveData
    stm32f4xx_it.o(.text) refers to bsp_slectlcd.o(.bss) for keyValue
    datastory.o(.text) refers to strlen.o(.text) for strlen
    datastory.o(.text) refers to strcpy.o(.text) for strcpy
    datastory.o(.text) refers to strcmp.o(.text) for strcmp
    datastory.o(.text) refers to task_dateconnected.o(.text) for GetValueTime
    datastory.o(.text) refers to datastory.o(.bss) for Values
    actuatorfunction.o(.text) refers to bsp_pwm.o(.text) for InitPWMAs20kHz
    lcd_draw.o(.text) refers to bsp_lcd2_4_spi.o(.text) for LCD_ShowString
    lcd_draw.o(.text) refers to exchangedata.o(.text) for myitoa
    lcd_draw.o(.text) refers to f2d.o(.text) for __aeabi_f2d
    bsp.o(.text) refers to stm32f4xx_rcc.o(.text) for RCC_AHB1PeriphClockCmd
    bsp.o(.text) refers to misc.o(.text) for NVIC_PriorityGroupConfig
    bsp.o(.text) refers to bsp_key.o(.text) for Init_key
    bsp.o(.text) refers to bsp_lcd2_4_spi.o(.text) for _InitLCD
[...]
    I2C1_ER_IRQHandler                       0x080025df   Thumb Code     0  startup_stm32f4xx.o(.text)
    I2C1_EV_IRQHandler                       0x080025df   Thumb Code     0  startup_stm32f4xx.o(.text)
    I2C2_ER_IRQHandler                       0x080025df   Thumb Code     0  startup_stm32f4xx.o(.text)
    I2C2_EV_IRQHandler                       0x080025df   Thumb Code     0  startup_stm32f4xx.o(.text)
    I2C3_ER_IRQHandler                       0x080025df   Thumb Code     0  startup_stm32f4xx.o(.text)
    I2C3_EV_IRQHandler                       0x080025df   Thumb Code     0  startup_stm32f4xx.o(.text)
    OTG_FS_IRQHandler                        0x080025df   Thumb Code     0  startup_stm32f4xx.o(.text)
    OTG_FS_WKUP_IRQHandler                   0x080025df   Thumb Code     0  startup_stm32f4xx.o(.text)
    OTG_HS_EP1_IN_IRQHandler                 0x080025df   Thumb Code     0  startup_stm32f4xx.o(.text)
    OTG_HS_EP1_OUT_IRQHandler                0x080025df   Thumb Code     0  startup_stm32f4xx.o(.text)
    OTG_HS_IRQHandler                        0x080025df   Thumb Code     0  startup_stm32f4xx.o(.text)
    OTG_HS_WKUP_IRQHandler                   0x080025df   Thumb Code     0  startup_stm32f4xx.o(.text)
    PVD_IRQHandler                           0x080025df   Thumb Code     0  startup_stm32f4xx.o(.text)
    RCC_IRQHandler                           0x080025df   Thumb Code     0  startup_stm32f4xx.o(.text)
    RTC_Alarm_IRQHandler                     0x080025df   Thumb Code     0  startup_stm32f4xx.o(.text)
    RTC_WKUP_IRQHandler                      0x080025df   Thumb Code     0  startup_stm32f4xx.o(.text)
    SDIO_IRQHandler                          0x080025df   Thumb Code     0  startup_stm32f4xx.o(.text)
    SPI1_IRQHandler                          0x080025df   Thumb Code     0  startup_stm32f4xx.o(.text)
    SPI2_IRQHandler                          0x080025df   Thumb Code     0  startup_stm32f4xx.o(.text)
    SPI3_IRQHandler                          0x080025df   Thumb Code     0  startup_stm32f4xx.o(.text)
    TAMP_STAMP_IRQHandler                    0x080025df   Thumb Code     0  startup_stm32f4xx.o(.text)
    TIM1_BRK_TIM9_IRQHandler                 0x080025df   Thumb Code     0  startup_stm32f4xx.o(.text)
    TIM1_CC_IRQHandler                       0x080025df   Thumb Code     0  startup_stm32f4xx.o(.text)
    TIM1_TRG_COM_TIM11_IRQHandler            0x080025df   Thumb Code     0  startup_stm32f4xx.o(.text)
    TIM1_UP_TIM10_IRQHandler                 0x080025df   Thumb Code     0  startup_stm32f4xx.o(.text)
    TIM5_IRQHandler                          0x080025df   Thumb Code     0  startup_stm32f4xx.o(.text)
    TIM6_DAC_IRQHandler                      0x080025df   Thumb Code     0  startup_stm32f4xx.o(.text)
    TIM7_IRQHandler                          0x080025df   Thumb Code     0  startup_stm32f4xx.o(.text)
    TIM8_BRK_TIM12_IRQHandler                0x080025df   Thumb Code     0  startup_stm32f4xx.o(.text)
    TIM8_CC_IRQHandler                       0x080025df   Thumb Code     0  startup_stm32f4xx.o(.text)
    TIM8_TRG_COM_TIM14_IRQHandler            0x080025df   Thumb Code     0  startup_stm32f4xx.o(.text)
    TIM8_UP_TIM13_IRQHandler                 0x080025df   Thumb Code     0  startup_stm32f4xx.o(.text)
    UART4_IRQHandler                         0x080025df   Thumb Code     0  startup_stm32f4xx.o(.text)
    UART5_IRQHandler                         0x080025df   Thumb Code     0  startup_stm32f4xx.o(.text)
    USART6_IRQHandler                        0x080025df   Thumb Code     0  startup_stm32f4xx.o(.text)
    WWDG_IRQHandler                          0x080025df   Thumb Code     0  startup_stm32f4xx.o(.text)
    SystemInit                               0x080026f7   Thumb Code    88  system_stm32f4xx.o(.text)
    SystemCoreClockUpdate                    0x0800274f   Thumb Code   174  system_stm32f4xx.o(.text)
    NVIC_PriorityGroupConfig                 0x0800282d   Thumb Code    10  misc.o(.text)
    NVIC_Init                                0x08002837   Thumb Code   106  misc.o(.text)
    NVIC_SetVectorTable                      0x080028a1   Thumb Code    14  misc.o(.text)
    NVIC_SystemLPConfig                      0x080028af   Thumb Code    34  misc.o(.text)
    SysTick_CLKSourceConfig                  0x080028d1   Thumb Code    40  misc.o(.text)
    EXTI_DeInit                              0x0800290d   Thumb Code    28  stm32f4xx_exti.o(.text)
    EXTI_Init                                0x08002929   Thumb Code   142  stm32f4xx_exti.o(.text)
    EXTI_StructInit                          0x080029b7   Thumb Code    16  stm32f4xx_exti.o(.text)
    EXTI_GenerateSWInterrupt                 0x080029c7   Thumb Code    16  stm32f4xx_exti.o(.text)
    EXTI_GetFlagStatus                       0x080029d7   Thumb Code    22  stm32f4xx_exti.o(.text)
    EXTI_ClearFlag                           0x080029ed   Thumb Code     8  stm32f4xx_exti.o(.text)
    EXTI_GetITStatus                         0x080029f5   Thumb Code    34  stm32f4xx_exti.o(.text)
    EXTI_ClearITPendingBit                   0x08002a17   Thumb Code     8  stm32f4xx_exti.o(.text)
    GPIO_DeInit                              0x08002a29   Thumb Code   220  stm32f4xx_gpio.o(.text)
    GPIO_Init                                0x08002b05   Thumb Code   144  stm32f4xx_gpio.o(.text)
    GPIO_StructInit                          0x08002b95   Thumb Code    18  stm32f4xx_gpio.o(.text)
    GPIO_PinLockConfig                       0x08002ba7   Thumb Code    34  stm32f4xx_gpio.o(.text)
    GPIO_ReadInputDataBit                    0x08002bc9   Thumb Code    18  stm32f4xx_gpio.o(.text)
    GPIO_ReadInputData                       0x08002bdb   Thumb Code     8  stm32f4xx_gpio.o(.text)
    GPIO_ReadOutputDataBit                   0x08002be3   Thumb Code    18  stm32f4xx_gpio.o(.text)
    GPIO_ReadOutputData                      0x08002bf5   Thumb Code     8  stm32f4xx_gpio.o(.text)
    GPIO_SetBits                             0x08002bfd   Thumb Code     4  stm32f4xx_gpio.o(.text)
    GPIO_ResetBits                           0x08002c01   Thumb Code     4  stm32f4xx_gpio.o(.text)
    GPIO_WriteBit                            0x08002c05   Thumb Code    10  stm32f4xx_gpio.o(.text)
    GPIO_Write                               0x08002c0f   Thumb Code     4  stm32f4xx_gpio.o(.text)
    GPIO_ToggleBits                          0x08002c13   Thumb Code     8  stm32f4xx_gpio.o(.text)
    GPIO_PinAFConfig                         0x08002c1b   Thumb Code    70  stm32f4xx_gpio.o(.text)
    RCC_DeInit                               0x08002c85   Thumb Code    60  stm32f4xx_rcc.o(.text)
    RCC_HSEConfig                            0x08002cc1   Thumb Code    14  stm32f4xx_rcc.o(.text)
    RCC_GetFlagStatus                        0x08002ccf   Thumb Code    60  stm32f4xx_rcc.o(.text)
    RCC_WaitForHSEStartUp                    0x08002d0b   Thumb Code    56  stm32f4xx_rcc.o(.text)
    RCC_AdjustHSICalibrationValue            0x08002d43   Thumb Code    20  stm32f4xx_rcc.o(.text)
    RCC_HSICmd                               0x08002d57   Thumb Code     6  stm32f4xx_rcc.o(.text)
    RCC_LSEConfig                            0x08002d5d   Thumb Code    46  stm32f4xx_rcc.o(.text)
    RCC_LSICmd                               0x08002d8b   Thumb Code     6  stm32f4xx_rcc.o(.text)
    RCC_PLLConfig                            0x08002d91   Thumb Code    32  stm32f4xx_rcc.o(.text)
    RCC_PLLCmd                               0x08002db1   Thumb Code     6  stm32f4xx_rcc.o(.text)
    RCC_PLLI2SConfig                         0x08002db7   Thumb Code    14  stm32f4xx_rcc.o(.text)
    RCC_PLLI2SCmd                            0x08002dc5   Thumb Code     6  stm32f4xx_rcc.o(.text)
    RCC_ClockSecuritySystemCmd               0x08002dcb   Thumb Code     6  stm32f4xx_rcc.o(.text)
    RCC_MCO1Config                           0x08002dd1   Thumb Code    28  stm32f4xx_rcc.o(.text)
    RCC_MCO2Config                           0x08002ded   Thumb Code    28  stm32f4xx_rcc.o(.text)
    RCC_SYSCLKConfig                         0x08002e09   Thumb Code    20  stm32f4xx_rcc.o(.text)
    RCC_GetSYSCLKSource                      0x08002e1d   Thumb Code    12  stm32f4xx_rcc.o(.text)
    RCC_HCLKConfig                           0x08002e29   Thumb Code    20  stm32f4xx_rcc.o(.text)
    RCC_PCLK1Config                          0x08002e3d   Thumb Code    20  stm32f4xx_rcc.o(.text)
    RCC_PCLK2Config                          0x08002e51   Thumb Code    22  stm32f4xx_rcc.o(.text)
    RCC_GetClocksFreq                        0x08002e67   Thumb Code   222  stm32f4xx_rcc.o(.text)
    RCC_RTCCLKConfig                         0x08002f45   Thumb Code    54  stm32f4xx_rcc.o(.text)
    RCC_RTCCLKCmd                            0x08002f7b   Thumb Code     8  stm32f4xx_rcc.o(.text)
    RCC_BackupResetCmd                       0x08002f83   Thumb Code     8  stm32f4xx_rcc.o(.text)
    RCC_I2SCLKConfig                         0x08002f8b   Thumb Code     6  stm32f4xx_rcc.o(.text)
    RCC_AHB1PeriphClockCmd                   0x08002f91   Thumb Code    34  stm32f4xx_rcc.o(.text)
    RCC_AHB2PeriphClockCmd                   0x08002fb3   Thumb Code    34  stm32f4xx_rcc.o(.text)
    RCC_AHB3PeriphClockCmd                   0x08002fd5   Thumb Code    34  stm32f4xx_rcc.o(.text)
    RCC_APB1PeriphClockCmd                   0x08002ff7   Thumb Code    34  stm32f4xx_rcc.o(.text)
    RCC_APB2PeriphClockCmd                   0x08003019   Thumb Code    34  stm32f4xx_rcc.o(.text)
    RCC_AHB1PeriphResetCmd                   0x0800303b   Thumb Code    34  stm32f4xx_rcc.o(.text)
    RCC_AHB2PeriphResetCmd                   0x0800305d   Thumb Code    72  stm32f4xx_rcc.o(.text)
    RCC_AHB3PeriphResetCmd                   0x080030a5   Thumb Code    34  stm32f4xx_rcc.o(.text)
    RCC_APB1PeriphResetCmd                   0x080030c7   Thumb Code    34  stm32f4xx_rcc.o(.text)
    RCC_APB2PeriphResetCmd                   0x080030e9   Thumb Code    34  stm32f4xx_rcc.o(.text)
    RCC_AHB1PeriphClockLPModeCmd             0x0800310b   Thumb Code    34  stm32f4xx_rcc.o(.text)
    RCC_AHB2PeriphClockLPModeCmd             0x0800312d   Thumb Code    34  stm32f4xx_rcc.o(.text)
    RCC_AHB3PeriphClockLPModeCmd             0x0800314f   Thumb Code    34  stm32f4xx_rcc.o(.text)
    RCC_APB1PeriphClockLPModeCmd             0x08003171   Thumb Code    34  stm32f4xx_rcc.o(.text)
    RCC_APB2PeriphClockLPModeCmd             0x08003193   Thumb Code    34  stm32f4xx_rcc.o(.text)
    RCC_ITConfig                             0x080031b5   Thumb Code    34  stm32f4xx_rcc.o(.text)
    RCC_ClearFlag                            0x080031d7   Thumb Code    18  stm32f4xx_rcc.o(.text)
    RCC_GetITStatus                          0x080031e9   Thumb Code    22  stm32f4xx_rcc.o(.text)
    RCC_ClearITPendingBit                    0x080031ff   Thumb Code     8  stm32f4xx_rcc.o(.text)
    SPI_I2S_DeInit                           0x0800320d   Thumb Code    76  stm32f4xx_spi.o(.text)
    SPI_Init                                 0x08003259   Thumb Code    60  stm32f4xx_spi.o(.text)
    I2S_Init                                 0x08003295   Thumb Code   350  stm32f4xx_spi.o(.text)
    SPI_StructInit                           0x080033f3   Thumb Code    24  stm32f4xx_spi.o(.text)
    I2S_StructInit                           0x0800340b   Thumb Code    20  stm32f4xx_spi.o(.text)
    SPI_Cmd                                  0x0800341f   Thumb Code    24  stm32f4xx_spi.o(.text)
    I2S_Cmd                                  0x08003437   Thumb Code    24  stm32f4xx_spi.o(.text)
    SPI_DataSizeConfig                       0x0800344f   Thumb Code    18  stm32f4xx_spi.o(.text)
    SPI_BiDirectionalLineConfig              0x08003461   Thumb Code    28  stm32f4xx_spi.o(.text)
    SPI_NSSInternalSoftwareConfig            0x0800347d   Thumb Code    30  stm32f4xx_spi.o(.text)
    SPI_SSOutputCmd                          0x0800349b   Thumb Code    24  stm32f4xx_spi.o(.text)
    SPI_TIModeCmd                            0x080034b3   Thumb Code    24  stm32f4xx_spi.o(.text)
    I2S_FullDuplexConfig                     0x080034cb   Thumb Code    80  stm32f4xx_spi.o(.text)
    SPI_I2S_ReceiveData                      0x0800351b   Thumb Code     6  stm32f4xx_spi.o(.text)
    SPI_I2S_SendData                         0x08003521   Thumb Code     4  stm32f4xx_spi.o(.text)
    SPI_CalculateCRC                         0x08003525   Thumb Code    24  stm32f4xx_spi.o(.text)
    SPI_TransmitCRC                          0x0800353d   Thumb Code    10  stm32f4xx_spi.o(.text)
    SPI_GetCRC                               0x08003547   Thumb Code    16  stm32f4xx_spi.o(.text)
    SPI_GetCRCPolynomial                     0x08003557   Thumb Code     6  stm32f4xx_spi.o(.text)
    SPI_I2S_DMACmd                           0x0800355d   Thumb Code    18  stm32f4xx_spi.o(.text)
    SPI_I2S_ITConfig                         0x0800356f   Thumb Code    32  stm32f4xx_spi.o(.text)
    SPI_I2S_GetFlagStatus                    0x0800358f   Thumb Code    18  stm32f4xx_spi.o(.text)
    SPI_I2S_ClearFlag                        0x080035a1   Thumb Code     6  stm32f4xx_spi.o(.text)
    SPI_I2S_GetITStatus                      0x080035a7   Thumb Code    52  stm32f4xx_spi.o(.text)
    SPI_I2S_ClearITPendingBit                0x080035db   Thumb Code    42  stm32f4xx_spi.o(.text)
    SYSCFG_DeInit                            0x08003605   Thumb Code    22  stm32f4xx_syscfg.o(.text)
    SYSCFG_MemoryRemapConfig                 0x0800361b   Thumb Code     6  stm32f4xx_syscfg.o(.text)
    SYSCFG_EXTILineConfig                    0x08003621   Thumb Code    66  stm32f4xx_syscfg.o(.text)
    SYSCFG_ETH_MediaInterfaceConfig          0x08003663   Thumb Code     6  stm32f4xx_syscfg.o(.text)
    SYSCFG_CompensationCellCmd               0x08003669   Thumb Code     6  stm32f4xx_syscfg.o(.text)
    SYSCFG_GetCompensationCellStatus         0x0800366f   Thumb Code    22  stm32f4xx_syscfg.o(.text)
    TIM_DeInit                               0x08003691   Thumb Code   346  stm32f4xx_tim.o(.text)
    TIM_TimeBaseInit                         0x080037eb   Thumb Code   104  stm32f4xx_tim.o(.text)
    TIM_TimeBaseStructInit                   0x08003853   Thumb Code    18  stm32f4xx_tim.o(.text)
    TIM_PrescalerConfig                      0x08003865   Thumb Code     6  stm32f4xx_tim.o(.text)
    TIM_CounterModeConfig                    0x0800386b   Thumb Code    18  stm32f4xx_tim.o(.text)
    TIM_SetCounter                           0x0800387d   Thumb Code     4  stm32f4xx_tim.o(.text)
    TIM_SetAutoreload                        0x08003881   Thumb Code     4  stm32f4xx_tim.o(.text)
    TIM_GetCounter                           0x08003885   Thumb Code     6  stm32f4xx_tim.o(.text)
    TIM_GetPrescaler                         0x0800388b   Thumb Code     6  stm32f4xx_tim.o(.text)
    TIM_UpdateDisableConfig                  0x08003891   Thumb Code    24  stm32f4xx_tim.o(.text)
    TIM_UpdateRequestConfig                  0x080038a9   Thumb Code    24  stm32f4xx_tim.o(.text)
    TIM_ARRPreloadConfig                     0x080038c1   Thumb Code    24  stm32f4xx_tim.o(.text)
    TIM_SelectOnePulseMode                   0x080038d9   Thumb Code    18  stm32f4xx_tim.o(.text)
    TIM_SetClockDivision                     0x080038eb   Thumb Code    18  stm32f4xx_tim.o(.text)
    TIM_Cmd                                  0x080038fd   Thumb Code    24  stm32f4xx_tim.o(.text)
    TIM_OC1Init                              0x08003915   Thumb Code   114  stm32f4xx_tim.o(.text)
    TIM_OC2Init                              0x08003987   Thumb Code   154  stm32f4xx_tim.o(.text)
    TIM_OC3Init                              0x08003a21   Thumb Code   204  stm32f4xx_tim.o(.text)
    TIM_OC4Init                              0x08003aed   Thumb Code   112  stm32f4xx_tim.o(.text)
    TIM_OCStructInit                         0x08003b5d   Thumb Code    20  stm32f4xx_tim.o(.text)
    TIM_SelectOCxM                           0x08003b71   Thumb Code    86  stm32f4xx_tim.o(.text)
    TIM_SetCompare1                          0x08003bc7   Thumb Code     4  stm32f4xx_tim.o(.text)
    TIM_SetCompare2                          0x08003bcb   Thumb Code     4  stm32f4xx_tim.o(.text)
    TIM_SetCompare3                          0x08003bcf   Thumb Code     4  stm32f4xx_tim.o(.text)
    TIM_SetCompare4                          0x08003bd3   Thumb Code     4  stm32f4xx_tim.o(.text)
    TIM_ForcedOC1Config                      0x08003bd7   Thumb Code    18  stm32f4xx_tim.o(.text)
    TIM_ForcedOC2Config                      0x08003be9   Thumb Code    26  stm32f4xx_tim.o(.text)
    TIM_ForcedOC3Config                      0x08003c03   Thumb Code    18  stm32f4xx_tim.o(.text)
    TIM_ForcedOC4Config                      0x08003c15   Thumb Code    26  stm32f4xx_tim.o(.text)
    TIM_OC1PreloadConfig                     0x08003c2f   Thumb Code    18  stm32f4xx_tim.o(.text)
    TIM_OC2PreloadConfig                     0x08003c41   Thumb Code    26  stm32f4xx_tim.o(.text)
    TIM_OC3PreloadConfig                     0x08003c5b   Thumb Code    18  stm32f4xx_tim.o(.text)
    TIM_OC4PreloadConfig                     0x08003c6d   Thumb Code    26  stm32f4xx_tim.o(.text)
    TIM_OC1FastConfig                        0x08003c87   Thumb Code    18  stm32f4xx_tim.o(.text)
    TIM_OC2FastConfig                        0x08003c99   Thumb Code    26  stm32f4xx_tim.o(.text)
    TIM_OC3FastConfig                        0x08003cb3   Thumb Code    18  stm32f4xx_tim.o(.text)
    TIM_OC4FastConfig                        0x08003cc5   Thumb Code    26  stm32f4xx_tim.o(.text)
    TIM_ClearOC1Ref                          0x08003cdf   Thumb Code    18  stm32f4xx_tim.o(.text)
    TIM_ClearOC2Ref                          0x08003cf1   Thumb Code    24  stm32f4xx_tim.o(.text)
    TIM_ClearOC3Ref                          0x08003d09   Thumb Code    18  stm32f4xx_tim.o(.text)
    TIM_ClearOC4Ref                          0x08003d1b   Thumb Code    24  stm32f4xx_tim.o(.text)
    TIM_OC1PolarityConfig                    0x08003d33   Thumb Code    18  stm32f4xx_tim.o(.text)
    TIM_OC1NPolarityConfig                   0x08003d45   Thumb Code    18  stm32f4xx_tim.o(.text)
    TIM_OC2PolarityConfig                    0x08003d57   Thumb Code    26  stm32f4xx_tim.o(.text)
    TIM_OC2NPolarityConfig                   0x08003d71   Thumb Code    26  stm32f4xx_tim.o(.text)
    TIM_OC3PolarityConfig                    0x08003d8b   Thumb Code    26  stm32f4xx_tim.o(.text)
    TIM_OC3NPolarityConfig                   0x08003da5   Thumb Code    26  stm32f4xx_tim.o(.text)
    TIM_OC4PolarityConfig                    0x08003dbf   Thumb Code    26  stm32f4xx_tim.o(.text)
    TIM_CCxCmd                               0x08003dd9   Thumb Code    30  stm32f4xx_tim.o(.text)
    TIM_CCxNCmd                              0x08003df7   Thumb Code    30  stm32f4xx_tim.o(.text)
    TIM_SetIC4Prescaler                      0x08003e15   Thumb Code    26  stm32f4xx_tim.o(.text)
    TIM_SetIC3Prescaler                      0x08003e7f   Thumb Code    18  stm32f4xx_tim.o(.text)
    TIM_SetIC2Prescaler                      0x08003ed9   Thumb Code    26  stm32f4xx_tim.o(.text)
    TIM_SetIC1Prescaler                      0x08003f4d   Thumb Code    18  stm32f4xx_tim.o(.text)
    TIM_ICInit                               0x08003f99   Thumb Code   110  stm32f4xx_tim.o(.text)
    TIM_ICStructInit                         0x08004007   Thumb Code    18  stm32f4xx_tim.o(.text)
    TIM_PWMIConfig                           0x08004019   Thumb Code   124  stm32f4xx_tim.o(.text)
    TIM_GetCapture1                          0x08004095   Thumb Code     6  stm32f4xx_tim.o(.text)
    TIM_GetCapture2                          0x0800409b   Thumb Code     6  stm32f4xx_tim.o(.text)
    TIM_GetCapture3                          0x080040a1   Thumb Code     6  stm32f4xx_tim.o(.text)
    TIM_GetCapture4                          0x080040a7   Thumb Code     6  stm32f4xx_tim.o(.text)
    TIM_BDTRConfig                           0x080040ad   Thumb Code    32  stm32f4xx_tim.o(.text)
    TIM_BDTRStructInit                       0x080040cd   Thumb Code    18  stm32f4xx_tim.o(.text)
    TIM_CtrlPWMOutputs                       0x080040df   Thumb Code    30  stm32f4xx_tim.o(.text)
    TIM_SelectCOM                            0x080040fd   Thumb Code    24  stm32f4xx_tim.o(.text)
    TIM_CCPreloadControl                     0x08004115   Thumb Code    24  stm32f4xx_tim.o(.text)
    TIM_ITConfig                             0x0800412d   Thumb Code    18  stm32f4xx_tim.o(.text)
    TIM_GenerateEvent                        0x0800413f   Thumb Code     4  stm32f4xx_tim.o(.text)
    TIM_GetFlagStatus                        0x08004143   Thumb Code    18  stm32f4xx_tim.o(.text)
    TIM_ClearFlag                            0x08004155   Thumb Code     6  stm32f4xx_tim.o(.text)
    TIM_GetITStatus                          0x0800415b   Thumb Code    34  stm32f4xx_tim.o(.text)
    TIM_ClearITPendingBit                    0x0800417d   Thumb Code     6  stm32f4xx_tim.o(.text)
    TIM_DMAConfig                            0x08004183   Thumb Code    10  stm32f4xx_tim.o(.text)
    TIM_DMACmd                               0x0800418d   Thumb Code    18  stm32f4xx_tim.o(.text)
    TIM_SelectCCDMA                          0x0800419f   Thumb Code    24  stm32f4xx_tim.o(.text)
    TIM_InternalClockConfig                  0x080041b7   Thumb Code    12  stm32f4xx_tim.o(.text)
    TIM_SelectInputTrigger                   0x080041c3   Thumb Code    18  stm32f4xx_tim.o(.text)
    TIM_ITRxExternalClockConfig              0x080041d5   Thumb Code    24  stm32f4xx_tim.o(.text)
    TIM_TIxExternalClockConfig               0x080041ed   Thumb Code    62  stm32f4xx_tim.o(.text)
    TIM_ETRConfig                            0x0800422b   Thumb Code    28  stm32f4xx_tim.o(.text)
    TIM_ETRClockMode1Config                  0x08004247   Thumb Code    54  stm32f4xx_tim.o(.text)
    TIM_ETRClockMode2Config                  0x0800427d   Thumb Code    32  stm32f4xx_tim.o(.text)
    TIM_SelectOutputTrigger                  0x0800429d   Thumb Code    18  stm32f4xx_tim.o(.text)
    TIM_SelectSlaveMode                      0x080042af   Thumb Code    18  stm32f4xx_tim.o(.text)
    TIM_SelectMasterSlaveMode                0x080042c1   Thumb Code    18  stm32f4xx_tim.o(.text)
    TIM_EncoderInterfaceConfig               0x080042d3   Thumb Code    66  stm32f4xx_tim.o(.text)
    TIM_SelectHallSensor                     0x08004315   Thumb Code    24  stm32f4xx_tim.o(.text)
    TIM_RemapConfig                          0x0800432d   Thumb Code     6  stm32f4xx_tim.o(.text)
    USART_DeInit                             0x08004335   Thumb Code   156  stm32f4xx_usart.o(.text)
    USART_Init                               0x080043d1   Thumb Code   204  stm32f4xx_usart.o(.text)
    USART_StructInit                         0x0800449d   Thumb Code    24  stm32f4xx_usart.o(.text)
    USART_ClockInit                          0x080044b5   Thumb Code    32  stm32f4xx_usart.o(.text)
    USART_ClockStructInit                    0x080044d5   Thumb Code    12  stm32f4xx_usart.o(.text)
    USART_Cmd                                0x080044e1   Thumb Code    24  stm32f4xx_usart.o(.text)
    USART_SetPrescaler                       0x080044f9   Thumb Code    16  stm32f4xx_usart.o(.text)
    USART_OverSampling8Cmd                   0x08004509   Thumb Code    22  stm32f4xx_usart.o(.text)
    USART_OneBitMethodCmd                    0x0800451f   Thumb Code    24  stm32f4xx_usart.o(.text)
    USART_SendData                           0x08004537   Thumb Code     8  stm32f4xx_usart.o(.text)
    USART_ReceiveData                        0x0800453f   Thumb Code    10  stm32f4xx_usart.o(.text)
    USART_SetAddress                         0x08004549   Thumb Code    18  stm32f4xx_usart.o(.text)
    USART_ReceiverWakeUpCmd                  0x0800455b   Thumb Code    24  stm32f4xx_usart.o(.text)
    USART_WakeUpConfig                       0x08004573   Thumb Code    18  stm32f4xx_usart.o(.text)
    USART_LINBreakDetectLengthConfig         0x08004585   Thumb Code    18  stm32f4xx_usart.o(.text)
    USART_LINCmd                             0x08004597   Thumb Code    24  stm32f4xx_usart.o(.text)
    USART_SendBreak                          0x080045af   Thumb Code    10  stm32f4xx_usart.o(.text)
    USART_HalfDuplexCmd                      0x080045b9   Thumb Code    24  stm32f4xx_usart.o(.text)
    USART_SetGuardTime                       0x080045d1   Thumb Code    16  stm32f4xx_usart.o(.text)
    USART_SmartCardCmd                       0x080045e1   Thumb Code    24  stm32f4xx_usart.o(.text)
    USART_SmartCardNACKCmd                   0x080045f9   Thumb Code    24  stm32f4xx_usart.o(.text)
    USART_IrDAConfig                         0x08004611   Thumb Code    18  stm32f4xx_usart.o(.text)
    USART_IrDACmd                            0x08004623   Thumb Code    24  stm32f4xx_usart.o(.text)
    USART_DMACmd                             0x0800463b   Thumb Code    18  stm32f4xx_usart.o(.text)
    USART_ITConfig                           0x0800464d   Thumb Code    74  stm32f4xx_usart.o(.text)
    USART_GetFlagStatus                      0x08004697   Thumb Code    26  stm32f4xx_usart.o(.text)
    USART_ClearFlag                          0x080046b1   Thumb Code    18  stm32f4xx_usart.o(.text)
    USART_GetITStatus                        0x080046c3   Thumb Code   110  stm32f4xx_usart.o(.text)
    USART_ClearITPendingBit                  0x08004731   Thumb Code    30  stm32f4xx_usart.o(.text)
    CPU_NameClr                              0x08004751   Thumb Code    42  cpu_core.o(.text)
    CPU_Init                                 0x08004791   Thumb Code    12  cpu_core.o(.text)
    CPU_SW_Exception                         0x0800479d   Thumb Code     4  cpu_core.o(.text)
    CPU_NameGet                              0x080047a1   Thumb Code    70  cpu_core.o(.text)
    CPU_NameSet                              0x080047e7   Thumb Code    96  cpu_core.o(.text)
    CPU_TS_Get32                             0x08004847   Thumb Code    12  cpu_core.o(.text)
    CPU_TS_Update                            0x08004853   Thumb Code     2  cpu_core.o(.text)
    CPU_TS_TmrFreqGet                        0x08004855   Thumb Code    30  cpu_core.o(.text)
    CPU_TS_TmrFreqSet                        0x08004873   Thumb Code     6  cpu_core.o(.text)
    CPU_CntLeadZeros08                       0x08004879   Thumb Code    18  cpu_core.o(.text)
    CPU_CntLeadZeros16                       0x0800488b   Thumb Code    18  cpu_core.o(.text)
    CPU_CntLeadZeros32                       0x0800489d   Thumb Code    18  cpu_core.o(.text)
    CPU_CntLeadZeros64                       0x080048af   Thumb Code   192  cpu_core.o(.text)
    CPU_CntTrailZeros08                      0x0800496f   Thumb Code    22  cpu_core.o(.text)
    CPU_CntTrailZeros16                      0x08004985   Thumb Code    22  cpu_core.o(.text)
    CPU_CntTrailZeros32                      0x0800499b   Thumb Code    22  cpu_core.o(.text)
    CPU_CntTrailZeros64                      0x080049b1   Thumb Code    62  cpu_core.o(.text)
    CPU_IntDis                               0x080049fd   Thumb Code     0  cpu_a.o(.text)
    CPU_IntEn                                0x08004a01   Thumb Code     0  cpu_a.o(.text)
    CPU_SR_Save                              0x08004a05   Thumb Code     0  cpu_a.o(.text)
    CPU_SR_Restore                           0x08004a0d   Thumb Code     0  cpu_a.o(.text)
    CPU_WaitForInt                           0x08004a13   Thumb Code     0  cpu_a.o(.text)
    CPU_WaitForExcept                        0x08004a17   Thumb Code     0  cpu_a.o(.text)
    CPU_CntLeadZeros                         0x08004a1b   Thumb Code     0  cpu_a.o(.text)
    CPU_CntTrailZeros                        0x08004a21   Thumb Code     0  cpu_a.o(.text)
    CPU_RevBits                              0x08004a2b   Thumb Code     0  cpu_a.o(.text)
    ASCII_IsAlpha                            0x08004a31   Thumb Code    48  lib_ascii.o(.text)
    ASCII_IsAlphaNum                         0x08004a61   Thumb Code    76  lib_ascii.o(.text)
    ASCII_IsLower                            0x08004aad   Thumb Code    20  lib_ascii.o(.text)
    ASCII_IsUpper                            0x08004ac1   Thumb Code    20  lib_ascii.o(.text)
    ASCII_IsDig                              0x08004ad5   Thumb Code    20  lib_ascii.o(.text)
    ASCII_IsDigOct                           0x08004ae9   Thumb Code    20  lib_ascii.o(.text)
    ASCII_IsDigHex                           0x08004afd   Thumb Code    36  lib_ascii.o(.text)
    ASCII_IsBlank                            0x08004b21   Thumb Code    20  lib_ascii.o(.text)
    ASCII_IsSpace                            0x08004b35   Thumb Code    36  lib_ascii.o(.text)
    ASCII_IsPrint                            0x08004b59   Thumb Code    20  lib_ascii.o(.text)
    ASCII_IsGraph                            0x08004b6d   Thumb Code    20  lib_ascii.o(.text)
    ASCII_IsPunct                            0x08004b81   Thumb Code   134  lib_ascii.o(.text)
    ASCII_IsCtrl                             0x08004c07   Thumb Code    26  lib_ascii.o(.text)
    ASCII_ToLower                            0x08004c21   Thumb Code    32  lib_ascii.o(.text)
    ASCII_ToUpper                            0x08004c41   Thumb Code    32  lib_ascii.o(.text)
    ASCII_Cmp                                0x08004c61   Thumb Code    38  lib_ascii.o(.text)
    Math_RandSetSeed                         0x08004c89   Thumb Code    40  lib_math.o(.text)
    Math_Init                                0x08004cb1   Thumb Code    10  lib_math.o(.text)
    Math_RandSeed                            0x08004cbb   Thumb Code    18  lib_math.o(.text)
    Math_Rand                                0x08004ccd   Thumb Code    52  lib_math.o(.text)
    Mem_Init                                 0x08004d09   Thumb Code     2  lib_mem.o(.text)
    Mem_Set                                  0x08004d0b   Thumb Code    84  lib_mem.o(.text)
    Mem_Clr                                  0x08004d5f   Thumb Code    18  lib_mem.o(.text)
    Mem_Move                                 0x08004d71   Thumb Code   186  lib_mem.o(.text)
    Mem_Cmp                                  0x08004e2b   Thumb Code   192  lib_mem.o(.text)
    Str_Len_N                                0x08004eed   Thumb Code    28  lib_str.o(.text)
    Str_Len                                  0x08004f09   Thumb Code    20  lib_str.o(.text)
    Str_Copy_N                               0x08004f1d   Thumb Code    70  lib_str.o(.text)
    Str_Copy                                 0x08004f63   Thumb Code    24  lib_str.o(.text)
    Str_Cat_N                                0x08004f7b   Thumb Code    90  lib_str.o(.text)
    Str_Cat                                  0x08004fd5   Thumb Code    24  lib_str.o(.text)
    Str_Cmp_N                                0x08004fed   Thumb Code   156  lib_str.o(.text)
    Str_Cmp                                  0x08005089   Thumb Code    24  lib_str.o(.text)
    Str_CmpIgnoreCase_N                      0x080050a1   Thumb Code   264  lib_str.o(.text)
    Str_CmpIgnoreCase                        0x080051a9   Thumb Code    24  lib_str.o(.text)
    Str_Char_N                               0x080051c1   Thumb Code    74  lib_str.o(.text)
    Str_Char                                 0x0800520b   Thumb Code    24  lib_str.o(.text)
    Str_Char_Last_N                          0x08005223   Thumb Code    76  lib_str.o(.text)
    Str_Char_Last                            0x0800526f   Thumb Code    24  lib_str.o(.text)
    Str_Char_Replace_N                       0x08005287   Thumb Code    52  lib_str.o(.text)
    Str_Char_Replace                         0x080052bb   Thumb Code    28  lib_str.o(.text)
    Str_Str_N                                0x080052d7   Thumb Code   182  lib_str.o(.text)
    Str_Str                                  0x0800538d   Thumb Code    24  lib_str.o(.text)
    Str_FmtNbr_Int32U                        0x08005581   Thumb Code    46  lib_str.o(.text)
    Str_FmtNbr_Int32S                        0x080055af   Thumb Code    62  lib_str.o(.text)
    Str_ParseNbr_Int32U                      0x080057ab   Thumb Code    30  lib_str.o(.text)
    Str_ParseNbr_Int32S                      0x080057c9   Thumb Code    74  lib_str.o(.text)
    Mem_Copy                                 0x08005819   Thumb Code     0  lib_mem_a.o(.text)
    OSCfg_Init                               0x08005a39   Thumb Code     2  os_cfg_app.o(.text)
    OS_IdleTask                              0x08005a3d   Thumb Code    58  os_core.o(.text)
    OS_IdleTaskInit                          0x08005a77   Thumb Code    68  os_core.o(.text)
    OS_RdyListInit                           0x08005abb   Thumb Code    32  os_core.o(.text)
    OSInit                                   0x08005adb   Thumb Code   276  os_core.o(.text)
    OSIntEnter                               0x08005bef   Thumb Code    34  os_core.o(.text)
    OSIntExit                                0x08005c11   Thumb Code   188  os_core.o(.text)
    OSSched                                  0x08005ccd   Thumb Code   130  os_core.o(.text)
    OSSchedLock                              0x08005d4f   Thumb Code    84  os_core.o(.text)
    OSSchedUnlock                            0x08005da3   Thumb Code   116  os_core.o(.text)
    OSSchedRoundRobinCfg                     0x08005e17   Thumb Code   224  os_core.o(.text)
    OS_RdyListMoveHeadToTail                 0x08005ef7   Thumb Code    68  os_core.o(.text)
    OSSchedRoundRobinYield                   0x08005f3b   Thumb Code   148  os_core.o(.text)
    OSStart                                  0x08005fcf   Thumb Code    78  os_core.o(.text)
    OSVersion                                0x0800601d   Thumb Code    12  os_core.o(.text)
    OS_PendDbgNameAdd                        0x08006029   Thumb Code    66  os_core.o(.text)
    OS_PendListInsertPrio                    0x0800606b   Thumb Code   102  os_core.o(.text)
    OS_PendDataInit                          0x080060d1   Thumb Code    38  os_core.o(.text)
    OS_RdyListRemove                         0x080060f7   Thumb Code    86  os_core.o(.text)
    OS_TaskBlock                             0x0800614d   Thumb Code    40  os_core.o(.text)
    OS_Pend                                  0x08006175   Thumb Code    98  os_core.o(.text)
    OS_PendListRemove1                       0x080061d7   Thumb Code    66  os_core.o(.text)
    OS_PendListRemove                        0x08006219   Thumb Code    48  os_core.o(.text)
    OS_PendAbort1                            0x08006249   Thumb Code    36  os_core.o(.text)
    OS_RdyListInsertHead                     0x0800626d   Thumb Code   128  os_core.o(.text)
    OS_RdyListInsertTail                     0x080062ed   Thumb Code    56  os_core.o(.text)
    OS_RdyListInsert                         0x08006325   Thumb Code    40  os_core.o(.text)
    OS_PendAbort                             0x0800634d   Thumb Code   180  os_core.o(.text)
    OS_PendDbgNameRemove                     0x08006401   Thumb Code    34  os_core.o(.text)
    OS_PendListChangePrio                    0x08006423   Thumb Code    70  os_core.o(.text)
    OS_PendListInit                          0x08006469   Thumb Code    10  os_core.o(.text)
    OS_PendListInsertHead                    0x08006473   Thumb Code    32  os_core.o(.text)
    OS_PendObjDel1                           0x08006493   Thumb Code    36  os_core.o(.text)
    OS_PendObjDel                            0x080064b7   Thumb Code   176  os_core.o(.text)
    OS_Post1                                 0x08006567   Thumb Code    42  os_core.o(.text)
    OS_Post                                  0x08006591   Thumb Code   214  os_core.o(.text)
    OS_Sched0                                0x08006667   Thumb Code    68  os_core.o(.text)
    OS_SchedRoundRobin                       0x080066ab   Thumb Code   218  os_core.o(.text)
    OS_Dbg_Init                              0x08006791   Thumb Code   144  os_dbg.o(.text)
    OS_FlagDbgListAdd                        0x08006931   Thumb Code    38  os_flag.o(.text)
    OSFlagCreate                             0x08006957   Thumb Code   156  os_flag.o(.text)
    OS_FlagClr                               0x080069f3   Thumb Code    28  os_flag.o(.text)
    OS_FlagDbgListRemove                     0x08006a0f   Thumb Code    44  os_flag.o(.text)
    OSFlagDel                                0x08006a3b   Thumb Code   576  os_flag.o(.text)
    OS_FlagBlock                             0x08006c7b   Thumb Code    56  os_flag.o(.text)
    OSFlagPend                               0x08006cb3   Thumb Code  1468  os_flag.o(.text)
    OSFlagPendAbort                          0x0800726f   Thumb Code   274  os_flag.o(.text)
    OSFlagPendGetFlagsRdy                    0x08007381   Thumb Code    50  os_flag.o(.text)
    OS_FlagTaskRdy                           0x080073b3   Thumb Code   100  os_flag.o(.text)
    OS_FlagPost                              0x08007417   Thumb Code   558  os_flag.o(.text)
    OSFlagPost                               0x08007645   Thumb Code   146  os_flag.o(.text)
    OS_FlagInit                              0x080076d7   Thumb Code    14  os_flag.o(.text)
    OS_IntQPost                              0x080076f9   Thumb Code   216  os_int.o(.text)
    OS_IntQRePost                            0x080077d1   Thumb Code   320  os_int.o(.text)
    OS_IntQTask                              0x08007911   Thumb Code   160  os_int.o(.text)
    OS_IntQTaskInit                          0x080079b1   Thumb Code   208  os_int.o(.text)
    OS_MemDbgListAdd                         0x08007b05   Thumb Code    34  os_mem.o(.text)
    OSMemCreate                              0x08007b27   Thumb Code   272  os_mem.o(.text)
    OSMemGet                                 0x08007c37   Thumb Code   100  os_mem.o(.text)
    OSMemPut                                 0x08007c9b   Thumb Code   112  os_mem.o(.text)
    OS_MemInit                               0x08007d0b   Thumb Code    14  os_mem.o(.text)
    OS_MsgPoolInit                           0x08007d29   Thumb Code   110  os_msg.o(.text)
    OS_MsgQFreeAll                           0x08007d97   Thumb Code    62  os_msg.o(.text)
    OS_MsgQInit                              0x08007dd5   Thumb Code    14  os_msg.o(.text)
    OS_MsgQGet                               0x08007de3   Thumb Code    98  os_msg.o(.text)
    OS_MsgQPut                               0x08007e45   Thumb Code   254  os_msg.o(.text)
    OS_MutexDbgListAdd                       0x08007f51   Thumb Code    38  os_mutex.o(.text)
    OSMutexCreate                            0x08007f77   Thumb Code   162  os_mutex.o(.text)
    OS_MutexClr                              0x08008019   Thumb Code    38  os_mutex.o(.text)
    OS_MutexDbgListRemove                    0x0800803f   Thumb Code    44  os_mutex.o(.text)
    OSMutexDel                               0x0800806b   Thumb Code   818  os_mutex.o(.text)
    OSMutexPend                              0x0800839d   Thumb Code   690  os_mutex.o(.text)
    OSMutexPendAbort                         0x0800864f   Thumb Code   274  os_mutex.o(.text)
    OSMutexPost                              0x08008761   Thumb Code   564  os_mutex.o(.text)
    OS_MutexInit                             0x08008995   Thumb Code    14  os_mutex.o(.text)
    OS_PrioInit                              0x080089bd   Thumb Code    20  os_prio.o(.text)
    OS_PrioGetHighest                        0x080089d1   Thumb Code    36  os_prio.o(.text)
    OS_PrioInsert                            0x080089f5   Thumb Code    32  os_prio.o(.text)
    OS_PrioRemove                            0x08008a15   Thumb Code    32  os_prio.o(.text)
    OS_QDbgListAdd                           0x08008a39   Thumb Code    38  os_q.o(.text)
    OSQCreate                                0x08008a5f   Thumb Code   170  os_q.o(.text)
    OS_QClr                                  0x08008b09   Thumb Code    40  os_q.o(.text)
    OS_QDbgListRemove                        0x08008b31   Thumb Code    44  os_q.o(.text)
    OSQDel                                   0x08008b5d   Thumb Code   344  os_q.o(.text)
    OSQFlush                                 0x08008cb5   Thumb Code   192  os_q.o(.text)
    OSQPend                                  0x08008d75   Thumb Code   518  os_q.o(.text)
    OSQPendAbort                             0x08008f7b   Thumb Code   274  os_q.o(.text)
    OS_QPost                                 0x0800908d   Thumb Code   324  os_q.o(.text)
    OSQPost                                  0x080091d1   Thumb Code   192  os_q.o(.text)
    OS_QInit                                 0x08009291   Thumb Code    14  os_q.o(.text)
    OS_SemDbgListAdd                         0x080092b1   Thumb Code    38  os_sem.o(.text)
    OSSemCreate                              0x080092d7   Thumb Code   156  os_sem.o(.text)
    OS_SemClr                                0x08009373   Thumb Code    28  os_sem.o(.text)
    OS_SemDbgListRemove                      0x0800938f   Thumb Code    44  os_sem.o(.text)
    OSSemDel                                 0x080093bb   Thumb Code   344  os_sem.o(.text)
    OSSemPend                                0x08009513   Thumb Code   482  os_sem.o(.text)
    OSSemPendAbort                           0x080096f5   Thumb Code   274  os_sem.o(.text)
    OS_SemPost                               0x08009807   Thumb Code   350  os_sem.o(.text)
    OSSemPost                                0x08009965   Thumb Code   144  os_sem.o(.text)
    OSSemSet                                 0x080099f5   Thumb Code   104  os_sem.o(.text)
    OS_SemInit                               0x08009a5d   Thumb Code    14  os_sem.o(.text)
    OSStatReset                              0x08009a85   Thumb Code   256  os_stat.o(.text)
    OSStatTaskCPUUsageInit                   0x08009b85   Thumb Code   168  os_stat.o(.text)
    OS_StatTask                              0x08009c2d   Thumb Code   876  os_stat.o(.text)
    OS_StatTaskInit                          0x08009f99   Thumb Code   138  os_stat.o(.text)
    OSTaskChangePrio                         0x0800a06d   Thumb Code   400  os_task.o(.text)
    OS_TaskDbgListAdd                        0x0800a1fd   Thumb Code    42  os_task.o(.text)
    OS_TaskInitTCB                           0x0800a227   Thumb Code   176  os_task.o(.text)
    OSTaskCreate                             0x0800a2d7   Thumb Code   606  os_task.o(.text)
    OS_TaskDbgListRemove                     0x0800a535   Thumb Code    64  os_task.o(.text)
    OSTaskDel                                0x0800a575   Thumb Code   408  os_task.o(.text)
    OSTaskQFlush                             0x0800a70d   Thumb Code   196  os_task.o(.text)
    OSTaskQPend                              0x0800a7d1   Thumb Code   526  os_task.o(.text)
    OS_TaskQPost                             0x0800a9df   Thumb Code   510  os_task.o(.text)
    OSTaskQPost                              0x0800abdd   Thumb Code   114  os_task.o(.text)
    OSTaskRegGet                             0x0800ac4f   Thumb Code    78  os_task.o(.text)
    OSTaskRegGetID                           0x0800ac9d   Thumb Code    84  os_task.o(.text)
    OSTaskRegSet                             0x0800acf1   Thumb Code   104  os_task.o(.text)
    OS_TaskResume                            0x0800ad59   Thumb Code   314  os_task.o(.text)
    OSTaskResume                             0x0800ae93   Thumb Code   112  os_task.o(.text)
    OSTaskSemPend                            0x0800af03   Thumb Code   502  os_task.o(.text)
    OSTaskSemPendAbort                       0x0800b0f9   Thumb Code   270  os_task.o(.text)
    OS_TaskSemPost                           0x0800b207   Thumb Code  1218  os_task.o(.text)
    OSTaskSemPost                            0x0800b6c9   Thumb Code    98  os_task.o(.text)
    OSTaskSemSet                             0x0800b72b   Thumb Code    62  os_task.o(.text)
    OSTaskStkChk                             0x0800b769   Thumb Code   188  os_task.o(.text)
    OS_TaskSuspend                           0x0800b825   Thumb Code   328  os_task.o(.text)
    OSTaskSuspend                            0x0800b96d   Thumb Code    78  os_task.o(.text)
    OSTaskTimeQuantaSet                      0x0800b9bb   Thumb Code   114  os_task.o(.text)
    OS_TaskInit                              0x0800ba2d   Thumb Code    18  os_task.o(.text)
    OS_TaskReturn                            0x0800ba3f   Thumb Code    20  os_task.o(.text)
    OS_TickTask                              0x0800bc97   Thumb Code   204  os_tick.o(.text)
    OS_TickTaskInit                          0x0800bd63   Thumb Code   142  os_tick.o(.text)
    OS_TickListInsert                        0x0800bdf1   Thumb Code   208  os_tick.o(.text)
    OS_TickListInsertDly                     0x0800bec1   Thumb Code   180  os_tick.o(.text)
    OS_TickListRemove                        0x0800bf75   Thumb Code    88  os_tick.o(.text)
    OS_TickListResetPeak                     0x0800bfcd   Thumb Code     2  os_tick.o(.text)
    OSTimeDly                                0x0800bfd9   Thumb Code   240  os_time.o(.text)
    OSTimeDlyHMSM                            0x0800c0c9   Thumb Code   454  os_time.o(.text)
    OSTimeDlyResume                          0x0800c28f   Thumb Code   448  os_time.o(.text)
    OSTimeGet                                0x0800c44f   Thumb Code    46  os_time.o(.text)
    OSTimeSet                                0x0800c47d   Thumb Code    46  os_time.o(.text)
    OSTimeTick                               0x0800c4ab   Thumb Code    54  os_time.o(.text)
    OSIdleTaskHook                           0x0800c4f1   Thumb Code    16  os_cpu_c.o(.text)
    OSInitHook                               0x0800c501   Thumb Code    28  os_cpu_c.o(.text)
    OSStatTaskHook                           0x0800c51d   Thumb Code    16  os_cpu_c.o(.text)
    OSTaskCreateHook                         0x0800c52d   Thumb Code    20  os_cpu_c.o(.text)
    OSTaskDelHook                            0x0800c541   Thumb Code    20  os_cpu_c.o(.text)
    OSTaskReturnHook                         0x0800c555   Thumb Code    20  os_cpu_c.o(.text)
    OSTaskStkInit                            0x0800c569   Thumb Code   204  os_cpu_c.o(.text)
    OSTaskSwHook                             0x0800c635   Thumb Code    86  os_cpu_c.o(.text)
    OSTimeTickHook                           0x0800c68b   Thumb Code    16  os_cpu_c.o(.text)
    OS_CPU_SysTickHandler                    0x0800c69b   Thumb Code    52  os_cpu_c.o(.text)
    OS_CPU_SysTickInit                       0x0800c6cf   Thumb Code    44  os_cpu_c.o(.text)
    __aeabi_uldivmod                         0x0800c739   Thumb Code    98  uldiv.o(.text)
    __aeabi_memcpy                           0x0800c79b   Thumb Code    36  memcpya.o(.text)
    __aeabi_memcpy4                          0x0800c79b   Thumb Code     0  memcpya.o(.text)
    __aeabi_memcpy8                          0x0800c79b   Thumb Code     0  memcpya.o(.text)
    __aeabi_memset                           0x0800c7bf   Thumb Code    14  memseta.o(.text)
    __aeabi_memset4                          0x0800c7bf   Thumb Code     0  memseta.o(.text)
    __aeabi_memset8                          0x0800c7bf   Thumb Code     0  memseta.o(.text)
    __aeabi_memclr                           0x0800c7cd   Thumb Code     4  memseta.o(.text)
    __aeabi_memclr4                          0x0800c7cd   Thumb Code     0  memseta.o(.text)
    __aeabi_memclr8                          0x0800c7cd   Thumb Code     0  memseta.o(.text)
    _memset$wrapper                          0x0800c7d1   Thumb Code    18  memseta.o(.text)
    strcat                                   0x0800c7e3   Thumb Code    24  strcat.o(.text)
    strlen                                   0x0800c7fb   Thumb Code    14  strlen.o(.text)
    strcmp                                   0x0800c809   Thumb Code    28  strcmp.o(.text)
    strcpy                                   0x0800c825   Thumb Code    18  strcpy.o(.text)
    __aeabi_dadd                             0x0800c837   Thumb Code   322  dadd.o(.text)
    __aeabi_dsub                             0x0800c979   Thumb Code     6  dadd.o(.text)
    __aeabi_drsub                            0x0800c97f   Thumb Code     6  dadd.o(.text)
    __aeabi_dmul                             0x0800c985   Thumb Code   228  dmul.o(.text)
    __aeabi_ddiv                             0x0800ca69   Thumb Code   222  ddiv.o(.text)
    __aeabi_i2d                              0x0800cb47   Thumb Code    34  dflti.o(.text)
    __aeabi_ui2d                             0x0800cb69   Thumb Code    26  dfltui.o(.text)
    __aeabi_d2iz                             0x0800cb83   Thumb Code    62  dfixi.o(.text)
    __aeabi_d2uiz                            0x0800cbc1   Thumb Code    50  dfixui.o(.text)
    __aeabi_f2d                              0x0800cbf3   Thumb Code    38  f2d.o(.text)
    __aeabi_llsl                             0x0800cc19   Thumb Code    30  llshl.o(.text)
    _ll_shift_l                              0x0800cc19   Thumb Code     0  llshl.o(.text)
    __aeabi_llsr                             0x0800cc37   Thumb Code    32  llushr.o(.text)
    _ll_ushift_r                             0x0800cc37   Thumb Code     0  llushr.o(.text)
    __aeabi_lasr                             0x0800cc57   Thumb Code    36  llsshr.o(.text)
    _ll_sshift_r                             0x0800cc57   Thumb Code     0  llsshr.o(.text)
    __I$use$fp                               0x0800cc7b   Thumb Code     0  iusefp.o(.text)
    _double_round                            0x0800cc7b   Thumb Code    26  depilogue.o(.text)
    _double_epilogue                         0x0800cc95   Thumb Code   156  depilogue.o(.text)
    __ARM_scalbn                             0x0800cd31   Thumb Code    46  dscalb.o(.text)
    scalbn                                   0x0800cd31   Thumb Code     0  dscalb.o(.text)
    __aeabi_cdrcmple                         0x0800cd61   Thumb Code    38  cdrcmple.o(.text)
    __scatterload                            0x0800cd89   Thumb Code    28  init.o(.text)
    __scatterload_rt2                        0x0800cd89   Thumb Code     0  init.o(.text)
    _dsqrt                                   0x0800cdad   Thumb Code   162  dsqrt.o(.text)
    __decompress                             0x0800ce4f   Thumb Code     0  __dczerorl2.o(.text)
    __decompress1                            0x0800ce4f   Thumb Code    86  __dczerorl2.o(.text)
    OSStartHighRdy                           0x0800cea5   Thumb Code     0  os_cpu_a.o(CODE)
    OSCtxSw                                  0x0800cec7   Thumb Code     0  os_cpu_a.o(CODE)
    OSIntCtxSw                               0x0800ced1   Thumb Code     0  os_cpu_a.o(CODE)
    OS_CPU_PendSVHandler                     0x0800cedb   Thumb Code     0  os_cpu_a.o(CODE)
    __ARM_fpclassify                         0x0800cf4d   Thumb Code    48  fpclassify.o(i.__ARM_fpclassify)
    __hardfp_fabs                            0x0800cf7d   Thumb Code    20  fabs.o(i.__hardfp_fabs)
    __hardfp_pow                             0x0800cf91   Thumb Code  3048  pow.o(i.__hardfp_pow)
    __kernel_poly                            0x0800dbc9   Thumb Code   248  poly.o(i.__kernel_poly)
    __mathlib_dbl_underflow                  0x0800dcc1   Thumb Code    24  dunder.o(i.__mathlib_dbl_underflow)
    __scatterload_copy                       0x0800dce1   Thumb Code    14  handlers.o(i.__scatterload_copy)
    __scatterload_null                       0x0800dcef   Thumb Code     2  handlers.o(i.__scatterload_null)
    __scatterload_zeroinit                   0x0800dcf1   Thumb Code    14  handlers.o(i.__scatterload_zeroinit)
    __set_errno                              0x0800dd01   Thumb Code     6  errno.o(i.__set_errno)
    fabs                                     0x0800dd0d   Thumb Code    24  fabs.o(i.fabs)
    sqrt                                     0x0800dd25   Thumb Code   110  sqrt.o(i.sqrt)
    CPU_EndiannessTest                       0x0800de94   Data           4  cpu_core.o(.constdata)
    OSCfg_IdleTaskStkBasePtr                 0x0800df2c   Data           4  os_cfg_app.o(.constdata)
    OSCfg_IdleTaskStkLimit                   0x0800df30   Data           4  os_cfg_app.o(.constdata)
    OSCfg_IdleTaskStkSize                    0x0800df34   Data           4  os_cfg_app.o(.constdata)
    OSCfg_IdleTaskStkSizeRAM                 0x0800df38   Data           4  os_cfg_app.o(.constdata)
    OSCfg_IntQBasePtr                        0x0800df3c   Data           4  os_cfg_app.o(.constdata)
    OSCfg_IntQSize                           0x0800df40   Data           2  os_cfg_app.o(.constdata)
    OSCfg_IntQSizeRAM                        0x0800df44   Data           4  os_cfg_app.o(.constdata)
    OSCfg_IntQTaskStkBasePtr                 0x0800df48   Data           4  os_cfg_app.o(.constdata)
    OSCfg_IntQTaskStkLimit                   0x0800df4c   Data           4  os_cfg_app.o(.constdata)
    OSCfg_IntQTaskStkSize                    0x0800df50   Data           4  os_cfg_app.o(.constdata)
    OSCfg_IntQTaskStkSizeRAM                 0x0800df54   Data           4  os_cfg_app.o(.constdata)
    OSCfg_ISRStkBasePtr                      0x0800df58   Data           4  os_cfg_app.o(.constdata)
    OSCfg_ISRStkSize                         0x0800df5c   Data           4  os_cfg_app.o(.constdata)
    OSCfg_ISRStkSizeRAM                      0x0800df60   Data           4  os_cfg_app.o(.constdata)
    OSCfg_MsgPoolSize                        0x0800df64   Data           2  os_cfg_app.o(.constdata)
    OSCfg_MsgPoolSizeRAM                     0x0800df68   Data           4  os_cfg_app.o(.constdata)
    OSCfg_MsgPoolBasePtr                     0x0800df6c   Data           4  os_cfg_app.o(.constdata)
    OSCfg_StatTaskPrio                       0x0800df70   Data           1  os_cfg_app.o(.constdata)
    OSCfg_StatTaskRate_Hz                    0x0800df74   Data           4  os_cfg_app.o(.constdata)
    OSCfg_StatTaskStkBasePtr                 0x0800df78   Data           4  os_cfg_app.o(.constdata)
    OSCfg_StatTaskStkLimit                   0x0800df7c   Data           4  os_cfg_app.o(.constdata)
    OSCfg_StatTaskStkSize                    0x0800df80   Data           4  os_cfg_app.o(.constdata)
    OSCfg_StatTaskStkSizeRAM                 0x0800df84   Data           4  os_cfg_app.o(.constdata)
    OSCfg_StkSizeMin                         0x0800df88   Data           4  os_cfg_app.o(.constdata)
    OSCfg_TickRate_Hz                        0x0800df8c   Data           4  os_cfg_app.o(.constdata)
    OSCfg_TickTaskPrio                       0x0800df90   Data           1  os_cfg_app.o(.constdata)
    OSCfg_TickTaskStkBasePtr                 0x0800df94   Data           4  os_cfg_app.o(.constdata)
    OSCfg_TickTaskStkLimit                   0x0800df98   Data           4  os_cfg_app.o(.constdata)
    OSCfg_TickTaskStkSize                    0x0800df9c   Data           4  os_cfg_app.o(.constdata)
    OSCfg_TickTaskStkSizeRAM                 0x0800dfa0   Data           4  os_cfg_app.o(.constdata)
    OSCfg_TmrTaskPrio                        0x0800dfa4   Data           1  os_cfg_app.o(.constdata)
    OSCfg_TmrTaskRate_Hz                     0x0800dfa8   Data           4  os_cfg_app.o(.constdata)
    OSCfg_TmrTaskStkBasePtr                  0x0800dfac   Data           4  os_cfg_app.o(.constdata)
    OSCfg_TmrTaskStkLimit                    0x0800dfb0   Data           4  os_cfg_app.o(.constdata)
    OSCfg_TmrTaskStkSize                     0x0800dfb4   Data           4  os_cfg_app.o(.constdata)
    OSCfg_TmrTaskStkSizeRAM                  0x0800dfb8   Data           4  os_cfg_app.o(.constdata)
    OSCfg_DataSizeRAM                        0x0800dfbc   Data           4  os_cfg_app.o(.constdata)
    OSDbg_DbgEn                              0x0800dfc0   Data           1  os_dbg.o(.constdata)
    OSDbg_ArgChkEn                           0x0800dfc1   Data           1  os_dbg.o(.constdata)
    OSDbg_AppHooksEn                         0x0800dfc2   Data           1  os_dbg.o(.constdata)
    OSDbg_EndiannessTest                     0x0800dfc4   Data           4  os_dbg.o(.constdata)
    OSDbg_CalledFromISRChkEn                 0x0800dfc8   Data           1  os_dbg.o(.constdata)
    OSDbg_FlagEn                             0x0800dfc9   Data           1  os_dbg.o(.constdata)
    OSDbg_FlagGrp                            0x0800dfcc   Data          40  os_dbg.o(.constdata)
    OSDbg_FlagDelEn                          0x0800dff4   Data           1  os_dbg.o(.constdata)
    OSDbg_FlagModeClrEn                      0x0800dff5   Data           1  os_dbg.o(.constdata)
    OSDbg_FlagPendAbortEn                    0x0800dff6   Data           1  os_dbg.o(.constdata)
    OSDbg_FlagGrpSize                        0x0800dff8   Data           2  os_dbg.o(.constdata)
    OSDbg_FlagWidth                          0x0800dffa   Data           2  os_dbg.o(.constdata)
    OSDbg_IntQ                               0x0800dffc   Data           2  os_dbg.o(.constdata)
    OSDbg_ISRPostDeferredEn                  0x0800dffe   Data           1  os_dbg.o(.constdata)
    OSDbg_Mem                                0x0800e000   Data          32  os_dbg.o(.constdata)
    OSDbg_MemEn                              0x0800e020   Data           1  os_dbg.o(.constdata)
    OSDbg_MemSize                            0x0800e022   Data           2  os_dbg.o(.constdata)
    OSDbg_MsgEn                              0x0800e024   Data           1  os_dbg.o(.constdata)
    OSDbg_MsgSize                            0x0800e026   Data           2  os_dbg.o(.constdata)
    OSDbg_MsgPoolSize                        0x0800e028   Data           2  os_dbg.o(.constdata)
    OSDbg_MsgQSize                           0x0800e02a   Data           2  os_dbg.o(.constdata)
    OSDbg_Mutex                              0x0800e02c   Data          44  os_dbg.o(.constdata)
    OSDbg_MutexEn                            0x0800e058   Data           1  os_dbg.o(.constdata)
    OSDbg_MutexDelEn                         0x0800e059   Data           1  os_dbg.o(.constdata)
    OSDbg_MutexPendAbortEn                   0x0800e05a   Data           1  os_dbg.o(.constdata)
    OSDbg_MutexSize                          0x0800e05c   Data           2  os_dbg.o(.constdata)
    OSDbg_ObjTypeChkEn                       0x0800e05e   Data           1  os_dbg.o(.constdata)
    OSDbg_PendMultiEn                        0x0800e05f   Data           1  os_dbg.o(.constdata)
    OSDbg_PendDataSize                       0x0800e060   Data           2  os_dbg.o(.constdata)
    OSDbg_PendListSize                       0x0800e062   Data           2  os_dbg.o(.constdata)
    OSDbg_PendObjSize                        0x0800e064   Data           2  os_dbg.o(.constdata)
    OSDbg_PrioMax                            0x0800e066   Data           2  os_dbg.o(.constdata)
    OSDbg_PrioTblSize                        0x0800e068   Data           2  os_dbg.o(.constdata)
    OSDbg_PtrSize                            0x0800e06a   Data           2  os_dbg.o(.constdata)
    OSDbg_Q                                  0x0800e06c   Data          48  os_dbg.o(.constdata)
    OSDbg_QEn                                0x0800e09c   Data           1  os_dbg.o(.constdata)
    OSDbg_QDelEn                             0x0800e09d   Data           1  os_dbg.o(.constdata)
    OSDbg_QFlushEn                           0x0800e09e   Data           1  os_dbg.o(.constdata)
    OSDbg_QPendAbortEn                       0x0800e09f   Data           1  os_dbg.o(.constdata)
    OSDbg_QSize                              0x0800e0a0   Data           2  os_dbg.o(.constdata)
    OSDbg_SchedRoundRobinEn                  0x0800e0a2   Data           1  os_dbg.o(.constdata)
    OSDbg_Sem                                0x0800e0a4   Data          40  os_dbg.o(.constdata)
    OSDbg_SemEn                              0x0800e0cc   Data           1  os_dbg.o(.constdata)
    OSDbg_SemDelEn                           0x0800e0cd   Data           1  os_dbg.o(.constdata)
    OSDbg_SemPendAbortEn                     0x0800e0ce   Data           1  os_dbg.o(.constdata)
    OSDbg_SemSetEn                           0x0800e0cf   Data           1  os_dbg.o(.constdata)
    OSDbg_SemSize                            0x0800e0d0   Data           2  os_dbg.o(.constdata)
    OSDbg_RdyList                            0x0800e0d2   Data           2  os_dbg.o(.constdata)
    OSDbg_RdyListSize                        0x0800e0d4   Data           4  os_dbg.o(.constdata)
    OSDbg_StkWidth                           0x0800e0d8   Data           1  os_dbg.o(.constdata)
    OSDbg_StatTaskEn                         0x0800e0d9   Data           1  os_dbg.o(.constdata)
    OSDbg_StatTaskStkChkEn                   0x0800e0da   Data           1  os_dbg.o(.constdata)
    OSDbg_TaskChangePrioEn                   0x0800e0db   Data           1  os_dbg.o(.constdata)
    OSDbg_TaskDelEn                          0x0800e0dc   Data           1  os_dbg.o(.constdata)
    OSDbg_TaskQEn                            0x0800e0dd   Data           1  os_dbg.o(.constdata)
    OSDbg_TaskQPendAbortEn                   0x0800e0de   Data           1  os_dbg.o(.constdata)
    OSDbg_TaskProfileEn                      0x0800e0df   Data           1  os_dbg.o(.constdata)
    OSDbg_TaskRegTblSize                     0x0800e0e0   Data           2  os_dbg.o(.constdata)
    OSDbg_TaskSemPendAbortEn                 0x0800e0e2   Data           1  os_dbg.o(.constdata)
    OSDbg_TaskSuspendEn                      0x0800e0e3   Data           1  os_dbg.o(.constdata)
    OSDbg_TCBSize                            0x0800e0e4   Data           2  os_dbg.o(.constdata)
    OSDbg_TickListSize                       0x0800e0e6   Data           2  os_dbg.o(.constdata)
    OSDbg_TimeDlyHMSMEn                      0x0800e0e8   Data           1  os_dbg.o(.constdata)
    OSDbg_TimeDlyResumeEn                    0x0800e0e9   Data           1  os_dbg.o(.constdata)
    OSDbg_TLS_TblSize                        0x0800e0ea   Data           2  os_dbg.o(.constdata)
    OSDbg_Tmr                                0x0800e0ec   Data          48  os_dbg.o(.constdata)
    OSDbg_TmrEn                              0x0800e11c   Data           1  os_dbg.o(.constdata)
    OSDbg_TmrDelEn                           0x0800e11d   Data           1  os_dbg.o(.constdata)
    OSDbg_TmrSize                            0x0800e11e   Data           2  os_dbg.o(.constdata)
    OSDbg_VersionNbr                         0x0800e120   Data           2  os_dbg.o(.constdata)
    OSDbg_DataSize                           0x0800e124   Data           4  os_dbg.o(.constdata)
    __mathlib_zero                           0x0800e1b0   Data           8  qnan.o(.constdata)
    Region$$Table$$Base                      0x0800e1b8   Number         0  anon$$obj.o(Region$$Table)
    Region$$Table$$Limit                     0x0800e1d8   Number         0  anon$$obj.o(Region$$Table)
    semTemp                                  0x20000000   Data           4  task_dateconnected.o(.data)
    USART1_RX_STA                            0x20000004   Data           2  task_dateconnected.o(.data)
    USART2_RX_STA                            0x20000006   Data           2  task_dateconnected.o(.data)
    ModeOkFlage                              0x20000008   Data           2  task_dateconnected.o(.data)
    congdad                                  0x2000000c   Data           4  task_dateconnected.o(.data)
    help_left                                0x20000010   Data           4  task_dateconnected.o(.data)
    help_right                               0x20000014   Data           4  task_dateconnected.o(.data)
    Software                                 0x2000001c   Data         600  userfunction.o(.data)
    chukong                                  0x20000274   Data           1  userfunction.o(.data)
    king                                     0x20000275   Data           1  userfunction.o(.data)
    keyss                                    0x20000276   Data           1  userfunction.o(.data)
    Usart3RecerveStart                       0x20000278   Data           2  bsp_usart3.o(.data)
    POINT_COLOR                              0x2000027a   Data           2  bsp_lcd2_4_spi.o(.data)
    BACK_COLOR                               0x2000027c   Data           2  bsp_lcd2_4_spi.o(.data)
    hanzi                                    0x2000027e   Data         256  font.o(.data)
    asc2_1608                                0x2000037e   Data        1520  font.o(.data)
    KeyFlag                                  0x2000096e   Data           1  bsp_key.o(.data)
    statrSpeed                               0x2000096f   Data           1  bsp_key.o(.data)
    SystemCoreClock                          0x20000974   Data           4  system_stm32f4xx.o(.data)
    AHBPrescTable                            0x20000978   Data          16  system_stm32f4xx.o(.data)
    CPU_TS_TmrFreq_Hz                        0x20000998   Data           4  cpu_core.o(.data)
    Math_RandSeedCur                         0x2000099c   Data           4  lib_math.o(.data)
    OSPrioTbl                                0x200009a0   Data           8  os_prio.o(.data)
    OS_AppTaskCreateHookPtr                  0x200009a8   Data           4  os_var.o(.data)
    OS_AppTaskDelHookPtr                     0x200009ac   Data           4  os_var.o(.data)
    OS_AppTaskReturnHookPtr                  0x200009b0   Data           4  os_var.o(.data)
    OS_AppIdleTaskHookPtr                    0x200009b4   Data           4  os_var.o(.data)
    OS_AppStatTaskHookPtr                    0x200009b8   Data           4  os_var.o(.data)
    OS_AppTaskSwHookPtr                      0x200009bc   Data           4  os_var.o(.data)
    OS_AppTimeTickHookPtr                    0x200009c0   Data           4  os_var.o(.data)
    OSIdleTaskCtr                            0x200009c4   Data           4  os_var.o(.data)
    OSIntNestingCtr                          0x200009c8   Data           1  os_var.o(.data)
    OSRunning                                0x200009c9   Data           1  os_var.o(.data)
    OSIntQInPtr                              0x200009cc   Data           4  os_var.o(.data)
    OSIntQOutPtr                             0x200009d0   Data           4  os_var.o(.data)
    OSIntQNbrEntries                         0x200009d4   Data           2  os_var.o(.data)
    OSIntQNbrEntriesMax                      0x200009d6   Data           2  os_var.o(.data)
    OSIntQOvfCtr                             0x200009d8   Data           2  os_var.o(.data)
    OSIntQTaskTimeMax                        0x200009dc   Data           4  os_var.o(.data)
    OSFlagDbgListPtr                         0x200009e0   Data           4  os_var.o(.data)
    OSFlagQty                                0x200009e4   Data           2  os_var.o(.data)
    OSMemDbgListPtr                          0x200009e8   Data           4  os_var.o(.data)
    OSMemQty                                 0x200009ec   Data           2  os_var.o(.data)
    OSMutexDbgListPtr                        0x200009f0   Data           4  os_var.o(.data)
    OSMutexQty                               0x200009f4   Data           2  os_var.o(.data)
    OSPrioCur                                0x200009f6   Data           1  os_var.o(.data)
    OSPrioHighRdy                            0x200009f7   Data           1  os_var.o(.data)
    OSPrioSaved                              0x200009f8   Data           1  os_var.o(.data)
    OSQDbgListPtr                            0x200009fc   Data           4  os_var.o(.data)
    OSQQty                                   0x20000a00   Data           2  os_var.o(.data)
    OSSchedLockNestingCtr                    0x20000a02   Data           1  os_var.o(.data)
    OSSchedRoundRobinDfltTimeQuanta          0x20000a04   Data           4  os_var.o(.data)
    OSSchedRoundRobinEn                      0x20000a08   Data           1  os_var.o(.data)
    OSSemDbgListPtr                          0x20000a0c   Data           4  os_var.o(.data)
    OSSemQty                                 0x20000a10   Data           2  os_var.o(.data)
    OSStatResetFlag                          0x20000a12   Data           1  os_var.o(.data)
    OSStatTaskCPUUsage                       0x20000a14   Data           2  os_var.o(.data)
    OSStatTaskCPUUsageMax                    0x20000a16   Data           2  os_var.o(.data)
    OSStatTaskCtr                            0x20000a18   Data           4  os_var.o(.data)
    OSStatTaskCtrMax                         0x20000a1c   Data           4  os_var.o(.data)
    OSStatTaskCtrRun                         0x20000a20   Data           4  os_var.o(.data)
    OSStatTaskRdy                            0x20000a24   Data           1  os_var.o(.data)
    OSStatTaskTimeMax                        0x20000a28   Data           4  os_var.o(.data)
    OSTaskCtxSwCtr                           0x20000a2c   Data           4  os_var.o(.data)
    OSTaskDbgListPtr                         0x20000a30   Data           4  os_var.o(.data)
    OSTaskQty                                0x20000a34   Data           2  os_var.o(.data)
    OSTaskRegNextAvailID                     0x20000a36   Data           1  os_var.o(.data)
    OSTickCtr                                0x20000a38   Data           4  os_var.o(.data)
    OSTickTaskTimeMax                        0x20000a3c   Data           4  os_var.o(.data)
    OSTickListDly                            0x20000a40   Data           8  os_var.o(.data)
    OSTickListTimeout                        0x20000a48   Data           8  os_var.o(.data)
    OSTCBCurPtr                              0x20000a50   Data           4  os_var.o(.data)
    OSTCBHighRdyPtr                          0x20000a54   Data           4  os_var.o(.data)
    OS_CPU_ExceptStkBase                     0x20000a58   Data           4  os_cpu_c.o(.data)
    Usart1RecerveSem                         0x20000a60   Data          40  task_dateconnected.o(.bss)
    rece1_buff                               0x20000a88   Data          20  task_dateconnected.o(.bss)
    Usart2RecerveSem                         0x20000a9c   Data          40  task_dateconnected.o(.bss)
    rece2_buff                               0x20000ac4   Data          20  task_dateconnected.o(.bss)
    comPortData                              0x20002c50   Data         320  datastory.o(.bss)
    Values                                   0x20002d90   Data          64  datastory.o(.bss)
    Usart3RecerveData                        0x20002dd0   Data         200  bsp_usart3.o(.bss)
    keyValue                                 0x20002e98   Data          12  bsp_slectlcd.o(.bss)
    CPU_Name                                 0x20002ea4   Data          16  cpu_core.o(.bss)
    OSCfg_IdleTaskStk                        0x20002eb4   Data         512  os_cfg_app.o(.bss)
    OSCfg_IntQ                               0x200030b4   Data         480  os_cfg_app.o(.bss)
    OSCfg_IntQTaskStk                        0x20003294   Data         512  os_cfg_app.o(.bss)
    OSCfg_ISRStk                             0x20003494   Data        1024  os_cfg_app.o(.bss)
    OSCfg_MsgPool                            0x20003894   Data        1600  os_cfg_app.o(.bss)
    OSCfg_StatTaskStk                        0x20003ed4   Data         512  os_cfg_app.o(.bss)
    OSCfg_TickTaskStk                        0x200040d4   Data         512  os_cfg_app.o(.bss)
    OSIdleTaskTCB                            0x200042d4   Data         188  os_var.o(.bss)
    OSIntQTaskTCB                            0x20004390   Data         188  os_var.o(.bss)
    OSMsgPool                                0x2000444c   Data          12  os_var.o(.bss)
    OSRdyList                                0x20004458   Data         768  os_var.o(.bss)
    OSStatTaskTCB                            0x20004758   Data         188  os_var.o(.bss)
    OSTickTaskTCB                            0x20004814   Data         188  os_var.o(.bss)
    __initial_sp                             0x200088d0   Data           0  startup_stm32f4xx.o(STACK)



==============================================================================

Memory Map of the image

  Image Entry point : 0x08000189

  Load Region LR_IROM1 (Base: 0x08000000, Size: 0x0000ec38, Max: 0x00100000, ABSOLUTE, COMPRESSED[0x0000e5c0])

    Execution Region ER_IROM1 (Base: 0x08000000, Size: 0x0000e1d8, Max: 0x00100000, ABSOLUTE)

    Base Addr    Size         Type   Attr      Idx    E Section Name        Object

    0x08000000   0x00000188   Data   RO          769    RESET               startup_stm32f4xx.o
    0x08000188   0x00000000   Code   RO         1707  * .ARM.Collect$$$$00000000  mc_w.l(entry.o)
    0x08000188   0x00000004   Code   RO         1761    .ARM.Collect$$$$00000001  mc_w.l(entry2.o)
    0x0800018c   0x00000004   Code   RO         1764    .ARM.Collect$$$$00000004  mc_w.l(entry5.o)
    0x08000190   0x00000000   Code   RO         1766    .ARM.Collect$$$$00000008  mc_w.l(entry7b.o)
    0x08000190   0x00000000   Code   RO         1768    .ARM.Collect$$$$0000000A  mc_w.l(entry8b.o)
    0x08000190   0x00000008   Code   RO         1769    .ARM.Collect$$$$0000000B  mc_w.l(entry9a.o)
    0x08000198   0x00000000   Code   RO         1771    .ARM.Collect$$$$0000000D  mc_w.l(entry10a.o)
    0x08000198   0x00000000   Code   RO         1773    .ARM.Collect$$$$0000000F  mc_w.l(entry11a.o)
    0x08000198   0x00000004   Code   RO         1762    .ARM.Collect$$$$00002712  mc_w.l(entry2.o)
    0x0800019c   0x000004c0   Code   RO            2    .text               task_dateconnected.o
    0x0800065c   0x00000178   Code   RO          268    .text               userfunction.o
    0x080007d4   0x00000104   Code   RO          308    .text               main.o
    0x080008d8   0x00000444   Code   RO          369    .text               stm32f4xx_it.o
    0x08000d1c   0x000000e0   Code   RO          404    .text               datastory.o
    0x08000dfc   0x00000040   Code   RO          426    .text               actuatorfunction.o
    0x08000e3c   0x000000e8   Code   RO          442    .text               lcd_draw.o
    0x08000f24   0x00000128   Code   RO          458    .text               bsp.o
    0x0800104c   0x00000074   Code   RO          477    .text               bsp_led.o
    0x080010c0   0x00000108   Code   RO          542    .text               bsp_usart1.o
    0x080011c8   0x000000fc   Code   RO          558    .text               bsp_usart2.o
    0x080012c4   0x00000624   Code   RO          616    .text               bsp_lcd2_4_spi.o
    0x080018e8   0x0000050c   Code   RO          675    .text               bsp_pwm.o
    0x08001df4   0x000002dc   Code   RO          694    .text               bsp_key.o
    0x080020d0   0x000001bc   Code   RO          726    .text               bsp_slectlcd.o
    0x0800228c   0x00000338   Code   RO          749    .text               exchangedata.o
    0x080025c4   0x00000024   Code   RO          770    .text               startup_stm32f4xx.o
    0x080025e8   0x00000244   Code   RO          775    .text               system_stm32f4xx.o
    0x0800282c   0x000000e0   Code   RO          797    .text               misc.o
    0x0800290c   0x0000011c   Code   RO          989    .text               stm32f4xx_exti.o
    0x08002a28   0x0000025c   Code   RO         1037    .text               stm32f4xx_gpio.o
    0x08002c84   0x00000588   Code   RO         1149    .text               stm32f4xx_rcc.o
    0x0800320c   0x000003f8   Code   RO         1215    .text               stm32f4xx_spi.o
    0x08003604   0x0000008c   Code   RO         1231    .text               stm32f4xx_syscfg.o
    0x08003690   0x00000ca2   Code   RO         1247    .text               stm32f4xx_tim.o
    0x08004332   0x00000002   PAD
    0x08004334   0x0000041a   Code   RO         1263    .text               stm32f4xx_usart.o
    0x0800474e   0x00000002   PAD
    0x08004750   0x000002ac   Code   RO         1330    .text               cpu_core.o
    0x080049fc   0x00000034   Code   RO         1350    .text               cpu_a.o
    0x08004a30   0x00000256   Code   RO         1365    .text               lib_ascii.o
    0x08004c86   0x00000002   PAD
    0x08004c88   0x00000080   Code   RO         1380    .text               lib_math.o
    0x08004d08   0x000001e2   Code   RO         1398    .text               lib_mem.o
    0x08004eea   0x00000002   PAD
    0x08004eec   0x0000092c   Code   RO         1413    .text               lib_str.o
    0x08005818   0x00000220   Code   RO         1430    .text               lib_mem_a.o
    0x08005a38   0x00000002   Code   RO         1433    .text               os_cfg_app.o
    0x08005a3a   0x00000002   PAD
    0x08005a3c   0x00000d54   Code   RO         1456    .text               os_core.o
    0x08006790   0x000001a0   Code   RO         1468    .text               os_dbg.o
    0x08006930   0x00000dc8   Code   RO         1483    .text               os_flag.o
    0x080076f8   0x0000040c   Code   RO         1495    .text               os_int.o
    0x08007b04   0x00000224   Code   RO         1507    .text               os_mem.o
    0x08007d28   0x00000228   Code   RO         1519    .text               os_msg.o
    0x08007f50   0x00000a6c   Code   RO         1531    .text               os_mutex.o
    0x080089bc   0x0000007c   Code   RO         1555    .text               os_prio.o
    0x08008a38   0x00000878   Code   RO         1574    .text               os_q.o
    0x080092b0   0x000007d4   Code   RO         1586    .text               os_sem.o
    0x08009a84   0x000005e8   Code   RO         1598    .text               os_stat.o
    0x0800a06c   0x000019f8   Code   RO         1610    .text               os_task.o
    0x0800ba64   0x00000574   Code   RO         1622    .text               os_tick.o
    0x0800bfd8   0x00000518   Code   RO         1634    .text               os_time.o
    0x0800c4f0   0x00000248   Code   RO         1669    .text               os_cpu_c.o
    0x0800c738   0x00000062   Code   RO         1710    .text               mc_w.l(uldiv.o)
    0x0800c79a   0x00000024   Code   RO         1712    .text               mc_w.l(memcpya.o)
    0x0800c7be   0x00000024   Code   RO         1714    .text               mc_w.l(memseta.o)
    0x0800c7e2   0x00000018   Code   RO         1716    .text               mc_w.l(strcat.o)
    0x0800c7fa   0x0000000e   Code   RO         1718    .text               mc_w.l(strlen.o)
    0x0800c808   0x0000001c   Code   RO         1720    .text               mc_w.l(strcmp.o)
    0x0800c824   0x00000012   Code   RO         1722    .text               mc_w.l(strcpy.o)
    0x0800c836   0x0000014e   Code   RO         1726    .text               mf_w.l(dadd.o)
    0x0800c984   0x000000e4   Code   RO         1728    .text               mf_w.l(dmul.o)
    0x0800ca68   0x000000de   Code   RO         1730    .text               mf_w.l(ddiv.o)
    0x0800cb46   0x00000022   Code   RO         1732    .text               mf_w.l(dflti.o)
    0x0800cb68   0x0000001a   Code   RO         1734    .text               mf_w.l(dfltui.o)
    0x0800cb82   0x0000003e   Code   RO         1736    .text               mf_w.l(dfixi.o)
    0x0800cbc0   0x00000032   Code   RO         1738    .text               mf_w.l(dfixui.o)
    0x0800cbf2   0x00000026   Code   RO         1740    .text               mf_w.l(f2d.o)
    0x0800cc18   0x0000001e   Code   RO         1775    .text               mc_w.l(llshl.o)
    0x0800cc36   0x00000020   Code   RO         1777    .text               mc_w.l(llushr.o)
    0x0800cc56   0x00000024   Code   RO         1779    .text               mc_w.l(llsshr.o)
    0x0800cc7a   0x00000000   Code   RO         1788    .text               mc_w.l(iusefp.o)
    0x0800cc7a   0x000000b6   Code   RO         1789    .text               mf_w.l(depilogue.o)
    0x0800cd30   0x0000002e   Code   RO         1793    .text               mf_w.l(dscalb.o)
    0x0800cd5e   0x00000002   PAD
    0x0800cd60   0x00000028   Code   RO         1795    .text               mf_w.l(cdrcmple.o)
    0x0800cd88   0x00000024   Code   RO         1797    .text               mc_w.l(init.o)
    0x0800cdac   0x000000a2   Code   RO         1799    .text               mf_w.l(dsqrt.o)
    0x0800ce4e   0x00000056   Code   RO         1811    .text               mc_w.l(__dczerorl2.o)
    0x0800cea4   0x000000a8   Code   RO         1666    CODE                os_cpu_a.o
    0x0800cf4c   0x00000030   Code   RO         1744    i.__ARM_fpclassify  m_wm.l(fpclassify.o)
    0x0800cf7c   0x00000014   Code   RO         1687    i.__hardfp_fabs     m_wm.l(fabs.o)
    0x0800cf90   0x00000c38   Code   RO         1693    i.__hardfp_pow      m_wm.l(pow.o)
    0x0800dbc8   0x000000f8   Code   RO         1746    i.__kernel_poly     m_wm.l(poly.o)
    0x0800dcc0   0x00000020   Code   RO         1742    i.__mathlib_dbl_underflow  m_wm.l(dunder.o)
    0x0800dce0   0x0000000e   Code   RO         1805    i.__scatterload_copy  mc_w.l(handlers.o)
    0x0800dcee   0x00000002   Code   RO         1806    i.__scatterload_null  mc_w.l(handlers.o)
    0x0800dcf0   0x0000000e   Code   RO         1807    i.__scatterload_zeroinit  mc_w.l(handlers.o)
    0x0800dcfe   0x00000002   PAD
    0x0800dd00   0x0000000c   Code   RO         1783    i.__set_errno       mc_w.l(errno.o)
    0x0800dd0c   0x00000018   Code   RO         1689    i.fabs              m_wm.l(fabs.o)
    0x0800dd24   0x0000006e   Code   RO         1751    i.sqrt              m_wm.l(sqrt.o)
    0x0800dd92   0x00000002   PAD
    0x0800dd94   0x00000104   Data   RO         1332    .constdata          cpu_core.o
    0x0800de98   0x00000094   Data   RO         1414    .constdata          lib_str.o
    0x0800df2c   0x00000094   Data   RO         1435    .constdata          os_cfg_app.o
    0x0800dfc0   0x00000168   Data   RO         1469    .constdata          os_dbg.o
    0x0800e128   0x00000088   Data   RO         1696    .constdata          m_wm.l(pow.o)
    0x0800e1b0   0x00000008   Data   RO         1748    .constdata          m_wm.l(qnan.o)
    0x0800e1b8   0x00000020   Data   RO         1803    Region$$Table       anon$$obj.o


    Execution Region RW_IRAM2 (Base: 0x10000000, Size: 0x00000000, Max: 0x00010000, ABSOLUTE)

    **** No section assigned to this execution region ****


    Execution Region RW_IRAM1 (Base: 0x20000000, Size: 0x000088d0, Max: 0x00020000, ABSOLUTE, COMPRESSED[0x000003e8])

    Base Addr    Size         Type   Attr      Idx    E Section Name        Object

    0x20000000   0x00000019   Data   RW            4    .data               task_dateconnected.o
    0x20000019   0x00000003   PAD
    0x2000001c   0x0000025b   Data   RW          269    .data               userfunction.o
    0x20000277   0x00000001   PAD
    0x20000278   0x00000002   Data   RW          576    .data               bsp_usart3.o
    0x2000027a   0x00000004   Data   RW          617    .data               bsp_lcd2_4_spi.o
    0x2000027e   0x000006f0   Data   RW          658    .data               font.o
    0x2000096e   0x00000004   Data   RW          695    .data               bsp_key.o
    0x20000972   0x00000002   PAD
    0x20000974   0x00000014   Data   RW          776    .data               system_stm32f4xx.o
    0x20000988   0x00000010   Data   RW         1150    .data               stm32f4xx_rcc.o
    0x20000998   0x00000004   Data   RW         1333    .data               cpu_core.o
    0x2000099c   0x00000004   Data   RW         1381    .data               lib_math.o
    0x200009a0   0x00000008   Data   RW         1556    .data               os_prio.o
    0x200009a8   0x000000b0   Data   RW         1653    .data               os_var.o
    0x20000a58   0x00000004   Data   RW         1670    .data               os_cpu_c.o
    0x20000a5c   0x00000004   Data   RW         1784    .data               mc_w.l(errno.o)
    0x20000a60   0x00000078   Zero   RW            3    .bss                task_dateconnected.o
    0x20000ad8   0x00002178   Zero   RW          309    .bss                main.o
    0x20002c50   0x00000180   Zero   RW          405    .bss                datastory.o
    0x20002dd0   0x000000c8   Zero   RW          575    .bss                bsp_usart3.o
    0x20002e98   0x0000000c   Zero   RW          727    .bss                bsp_slectlcd.o
    0x20002ea4   0x00000010   Zero   RW         1331    .bss                cpu_core.o
    0x20002eb4   0x00001420   Zero   RW         1434    .bss                os_cfg_app.o
    0x200042d4   0x000005fc   Zero   RW         1652    .bss                os_var.o
    0x200048d0   0x00004000   Zero   RW          767    STACK               startup_stm32f4xx.o


==============================================================================

Image component sizes


      Code (inc. data)   RO Data    RW Data    ZI Data      Debug   Object Name

        64         14          0          0          0        730   actuatorfunction.o
       296         18          0          0          0       1713   bsp.o
       732         36          0          4          0      21613   bsp_key.o
      1572         32          0          4          0       5595   bsp_lcd2_4_spi.o
       116         10          0          0          0       1179   bsp_led.o
      1292         52          0          0          0       3216   bsp_pwm.o
       444         72          0          0         12       2789   bsp_slectlcd.o
       264          8          0          0          0       1225   bsp_usart1.o
       252          8          0          0          0       1412   bsp_usart2.o
         0          0          0          2        200        659   bsp_usart3.o
        52          0          0          0          0        360   cpu_a.o
       684         14        260          4         16       7003   cpu_core.o
       224          8          0          0        384       2834   datastory.o
       824         64          0          0          0       3124   exchangedata.o
         0          0          0       1776          0        590   font.o
       232         24          0          0          0       1298   lcd_draw.o
       598          0          0          0          0       3812   lib_ascii.o
       128          8          0          4          0       2048   lib_math.o
       482          0          0          0          0       3480   lib_mem.o
       544          0          0          0          0        508   lib_mem_a.o
      2348          6        148          0          0      13282   lib_str.o
       260         66          0          0       8568       1724   main.o
       224         20          0          0          0       1873   misc.o
         0          0          0          0          0      27869   os_app_hooks.o
         2          0        148          0       5152      20065   os_cfg_app.o
      3412        270          0          0          0      11667   os_core.o
       168         32          0          0          0        428   os_cpu_a.o
       584         62          0          4          0       3905   os_cpu_c.o
       416        272        360          0          0       4837   os_dbg.o
      3528         98          0          0          0       7855   os_flag.o
      1036        132          0          0          0       2328   os_int.o
       548         16          0          0          0       2848   os_mem.o
       552         14          0          0          0       2758   os_msg.o
      2668         94          0          0          0       5602   os_mutex.o
       124          4          0          8          0       2016   os_prio.o
      2168         68          0          0          0       6276   os_q.o
      2004         64          0          0          0       6292   os_sem.o
      1512        160          0          0          0       2817   os_stat.o
      6648        250          0          0          0      12929   os_task.o
      1396         84          0          0          0       3944   os_tick.o
      1304         36          0          0          0       3205   os_time.o
         0          0          0        176       1532      18586   os_var.o
        36          8        392          0      16384        856   startup_stm32f4xx.o
       284         10          0          0          0       2351   stm32f4xx_exti.o
       604         36          0          0          0       4121   stm32f4xx_gpio.o
      1092         64          0          0          0       3517   stm32f4xx_it.o
      1416         48          0         16          0      11035   stm32f4xx_rcc.o
      1016         22          0          0          0       6833   stm32f4xx_spi.o
       140         12          0          0          0       1707   stm32f4xx_syscfg.o
      3234         60          0          0          0      22352   stm32f4xx_tim.o
      1050         26          0          0          0       7824   stm32f4xx_usart.o
       580         48          0         20          0       1955   system_stm32f4xx.o
      1216        156          0         25        120     300605   task_dateconnected.o
       376         40          0        603          0       2553   userfunction.o

    ----------------------------------------------------------------------
     50756       2646       1340       2652      32368     594003   Object Totals
         0          0         32          0          0          0   (incl. Generated)
        10          0          0          6          0          0   (incl. Padding)

    ----------------------------------------------------------------------

      Code (inc. data)   RO Data    RW Data    ZI Data      Debug   Library Member Name

        32          8          0          0          0        124   dunder.o
        44          0          0          0          0        248   fabs.o
        48          0          0          0          0        124   fpclassify.o
       248          0          0          0          0        152   poly.o
      3128        304        136          0          0        216   pow.o
         0          0          8          0          0          0   qnan.o
       110          0          0          0          0        148   sqrt.o
        86          0          0          0          0          0   __dczerorl2.o
         0          0          0          0          0          0   entry.o
         0          0          0          0          0          0   entry10a.o
         0          0          0          0          0          0   entry11a.o
         8          4          0          0          0          0   entry2.o
         4          0          0          0          0          0   entry5.o
         0          0          0          0          0          0   entry7b.o
         0          0          0          0          0          0   entry8b.o
         8          4          0          0          0          0   entry9a.o
        12          6          0          4          0         68   errno.o
        30          0          0          0          0          0   handlers.o
        36          8          0          0          0         68   init.o
         0          0          0          0          0          0   iusefp.o
        30          0          0          0          0         68   llshl.o
        36          0          0          0          0         68   llsshr.o
        32          0          0          0          0         68   llushr.o
        36          0          0          0          0         68   memcpya.o
        36          0          0          0          0        108   memseta.o
        24          0          0          0          0         68   strcat.o
        28          0          0          0          0         76   strcmp.o
        18          0          0          0          0         68   strcpy.o
        14          0          0          0          0         68   strlen.o
        98          0          0          0          0         92   uldiv.o
        40          2          0          0          0         68   cdrcmple.o
       334          0          0          0          0        148   dadd.o
       222          0          0          0          0        100   ddiv.o
       182          0          0          0          0        176   depilogue.o
        62          0          0          0          0         80   dfixi.o
        50          0          0          0          0         76   dfixui.o
        34          0          0          0          0         76   dflti.o
        26          0          0          0          0         76   dfltui.o
       228          0          0          0          0         96   dmul.o
        46          0          0          0          0         80   dscalb.o
       162          0          0          0          0        100   dsqrt.o
        38          0          0          0          0         68   f2d.o

    ----------------------------------------------------------------------
      5576        336        144          4          0       3044   Library Totals
         6          0          0          0          0          0   (incl. Padding)

    ----------------------------------------------------------------------

      Code (inc. data)   RO Data    RW Data    ZI Data      Debug   Library Name

      3610        312        144          0          0       1012   m_wm.l
       536         22          0          4          0        888   mc_w.l
      1424          2          0          0          0       1144   mf_w.l

    ----------------------------------------------------------------------
      5576        336        144          4          0       3044   Library Totals

    ----------------------------------------------------------------------

==============================================================================


      Code (inc. data)   RO Data    RW Data    ZI Data      Debug   

     56332       2982       1484       2656      32368     584991   Grand Totals
     56332       2982       1484       1000      32368     584991   ELF Image Totals (compressed)
     56332       2982       1484       1000          0          0   ROM Totals

==============================================================================

    Total RO  Size (Code + RO Data)                57816 (  56.46kB)
    Total RW  Size (RW Data + ZI Data)             35024 (  34.20kB)
    Total ROM Size (Code + RO Data + RW Data)      58816 (  57.44kB)

==============================================================================

