Product: MDK-ARM Standard 5.10
Component: ARM Compiler 5.04 update 1 (build 49)
Tool: armlink [5040049]

==============================================================================

Section Cross References

    task_gui.o(.text) refers to os_time.o(.text) for OSTimeGet
    task_gui.o(.text) refers to bsp_slectlcd.o(.text) for MainDeskTopFist
    task_gui.o(.text) refers to bsp_os.o(.text) for BSP_OS_TimeDly
    task_dateconnected.o(.text) refers to dfltui.o(.text) for __aeabi_ui2d
    task_dateconnected.o(.text) refers to dmul.o(.text) for __aeabi_dmul
    task_dateconnected.o(.text) refers to dfixui.o(.text) for __aeabi_d2uiz
    task_dateconnected.o(.text) refers to stm32f4xx_gpio.o(.text) for GPIO_WriteBit
    task_dateconnected.o(.text) refers to stm32f4xx_rcc.o(.text) for RCC_AHB1PeriphClockCmd
    task_dateconnected.o(.text) refers to os_sem.o(.text) for OSSemCreate
    task_dateconnected.o(.text) refers to bsp_slectlcd.o(.text) for MainDeskTopFist
    task_dateconnected.o(.text) refers to bsp_pwm.o(.text) for ChangeSpeed
    task_dateconnected.o(.text) refers to bsp_lcd2_4_spi.o(.text) for LCD_Clear
    task_dateconnected.o(.text) refers to os_time.o(.text) for OSTimeDlyHMSM
    task_dateconnected.o(.text) refers to stm32f4xx_usart.o(.text) for USART_ITConfig
    task_dateconnected.o(.text) refers to datastory.o(.bss) for comPortData
    task_dateconnected.o(.text) refers to task_dateconnected.o(.data) for ModeOkFlage
    task_dateconnected.o(.text) refers to task_dateconnected.o(.bss) for Usart2RecerveSem
    task_dateconnected.o(.text) refers to bsp_slectlcd.o(.bss) for keyValue
    task_dateconnected.o(.text) refers to userfunction.o(.data) for Software
    task_dateconnected.o(.text) refers to bsp_led.o(.text) for Trage_Led
    task_dtudely.o(.text) refers to os_time.o(.text) for OSTimeDlyHMSM
    userfunction.o(.text) refers to os_time.o(.text) for OSTimeDlyHMSM
    userfunction.o(.text) refers to lcd_draw.o(.text) for ShowNumber
    userfunction.o(.text) refers to datastory.o(.text) for GetValue2
    userfunction.o(.text) refers to bsp_lcd2_4_spi.o(.text) for LCD_ShowString
    userfunction.o(.text) refers to userfunction.o(.data) for chukong
    userfunction.o(.data) refers to userfunction.o(.text) for XunxianPro
    userfunction.o(.data) refers to bsp_slectlcd.o(.text) for hell02
    main.o(.text) refers to os_task.o(.text) for OSTaskCreate
    main.o(.text) refers to bsp.o(.text) for BSP_Init
    main.o(.text) refers to cpu_core.o(.text) for CPU_Init
    main.o(.text) refers to lib_mem.o(.text) for Mem_Init
    main.o(.text) refers to lib_math.o(.text) for Math_Init
    main.o(.text) refers to os_stat.o(.text) for OSStatTaskCPUUsageInit
    main.o(.text) refers to bsp_lcd2_4_spi.o(.text) for LCD_Clear
    main.o(.text) refers to os_time.o(.text) for OSTimeDlyHMSM
    main.o(.text) refers to stm32f4xx_rcc.o(.text) for RCC_GetClocksFreq
    main.o(.text) refers to os_core.o(.text) for OSInit
    main.o(.text) refers to main.o(.bss) for AppTaskDateConnectedStk
    main.o(.text) refers to task_dateconnected.o(.text) for AppTaskDateConnected
    stm32f4xx_it.o(.text) refers to os_core.o(.text) for OSIntEnter
    stm32f4xx_it.o(.text) refers to stm32f4xx_usart.o(.text) for USART_ReceiveData
    stm32f4xx_it.o(.text) refers to os_sem.o(.text) for OSSemPost
    stm32f4xx_it.o(.text) refers to stm32f4xx_tim.o(.text) for TIM_GetITStatus
    stm32f4xx_it.o(.text) refers to bsp_key.o(.text) for Deal_keyButtom
    stm32f4xx_it.o(.text) refers to stm32f4xx_exti.o(.text) for EXTI_ClearITPendingBit
    stm32f4xx_it.o(.text) refers to stm32f4xx_gpio.o(.text) for GPIO_ReadInputDataBit
    stm32f4xx_it.o(.text) refers to task_dateconnected.o(.data) for USART1_RX_STA
    stm32f4xx_it.o(.text) refers to task_dateconnected.o(.bss) for rece1_buff
    stm32f4xx_it.o(.text) refers to bsp_usart3.o(.data) for Usart3RecerveStart
    stm32f4xx_it.o(.text) refers to bsp_usart3.o(.bss) for Usart3RecerveData
    stm32f4xx_it.o(.text) refers to bsp_slectlcd.o(.bss) for keyValue
    datastory.o(.text) refers to strlen.o(.text) for strlen
    datastory.o(.text) refers to strcpy.o(.text) for strcpy
    datastory.o(.text) refers to strcmp.o(.text) for strcmp
    datastory.o(.text) refers to task_dateconnected.o(.text) for GetValueTime
    datastory.o(.text) refers to datastory.o(.bss) for Values
    actuatorfunction.o(.text) refers to bsp_pwm.o(.text) for InitPWMAs20kHz
    lcd_draw.o(.text) refers to bsp_lcd2_4_spi.o(.text) for LCD_ShowString
    lcd_draw.o(.text) refers to exchangedata.o(.text) for myitoa
    lcd_draw.o(.text) refers to f2d.o(.text) for __aeabi_f2d
    bsp.o(.text) refers to stm32f4xx_rcc.o(.text) for RCC_AHB1PeriphClockCmd
    bsp.o(.text) refers to misc.o(.text) for NVIC_PriorityGroupConfig
    bsp.o(.text) refers to bsp_key.o(.text) for Init_key
    bsp.o(.text) refers to bsp_lcd2_4_spi.o(.text) for _InitLCD
    bsp.o(.text) refers to bsp_led.o(.text) for Bsp_InitLed
[...]
    I2C1_EV_IRQHandler                       0x08002533   Thumb Code     0  startup_stm32f4xx.o(.text)
    I2C2_ER_IRQHandler                       0x08002533   Thumb Code     0  startup_stm32f4xx.o(.text)
    I2C2_EV_IRQHandler                       0x08002533   Thumb Code     0  startup_stm32f4xx.o(.text)
    I2C3_ER_IRQHandler                       0x08002533   Thumb Code     0  startup_stm32f4xx.o(.text)
    I2C3_EV_IRQHandler                       0x08002533   Thumb Code     0  startup_stm32f4xx.o(.text)
    OTG_FS_IRQHandler                        0x08002533   Thumb Code     0  startup_stm32f4xx.o(.text)
    OTG_FS_WKUP_IRQHandler                   0x08002533   Thumb Code     0  startup_stm32f4xx.o(.text)
    OTG_HS_EP1_IN_IRQHandler                 0x08002533   Thumb Code     0  startup_stm32f4xx.o(.text)
    OTG_HS_EP1_OUT_IRQHandler                0x08002533   Thumb Code     0  startup_stm32f4xx.o(.text)
    OTG_HS_IRQHandler                        0x08002533   Thumb Code     0  startup_stm32f4xx.o(.text)
    OTG_HS_WKUP_IRQHandler                   0x08002533   Thumb Code     0  startup_stm32f4xx.o(.text)
    PVD_IRQHandler                           0x08002533   Thumb Code     0  startup_stm32f4xx.o(.text)
    RCC_IRQHandler                           0x08002533   Thumb Code     0  startup_stm32f4xx.o(.text)
    RTC_Alarm_IRQHandler                     0x08002533   Thumb Code     0  startup_stm32f4xx.o(.text)
    RTC_WKUP_IRQHandler                      0x08002533   Thumb Code     0  startup_stm32f4xx.o(.text)
    SDIO_IRQHandler                          0x08002533   Thumb Code     0  startup_stm32f4xx.o(.text)
    SPI1_IRQHandler                          0x08002533   Thumb Code     0  startup_stm32f4xx.o(.text)
    SPI2_IRQHandler                          0x08002533   Thumb Code     0  startup_stm32f4xx.o(.text)
    SPI3_IRQHandler                          0x08002533   Thumb Code     0  startup_stm32f4xx.o(.text)
    TAMP_STAMP_IRQHandler                    0x08002533   Thumb Code     0  startup_stm32f4xx.o(.text)
    TIM1_BRK_TIM9_IRQHandler                 0x08002533   Thumb Code     0  startup_stm32f4xx.o(.text)
    TIM1_CC_IRQHandler                       0x08002533   Thumb Code     0  startup_stm32f4xx.o(.text)
    TIM1_TRG_COM_TIM11_IRQHandler            0x08002533   Thumb Code     0  startup_stm32f4xx.o(.text)
    TIM1_UP_TIM10_IRQHandler                 0x08002533   Thumb Code     0  startup_stm32f4xx.o(.text)
    TIM5_IRQHandler                          0x08002533   Thumb Code     0  startup_stm32f4xx.o(.text)
    TIM6_DAC_IRQHandler                      0x08002533   Thumb Code     0  startup_stm32f4xx.o(.text)
    TIM7_IRQHandler                          0x08002533   Thumb Code     0  startup_stm32f4xx.o(.text)
    TIM8_BRK_TIM12_IRQHandler                0x08002533   Thumb Code     0  startup_stm32f4xx.o(.text)
    TIM8_CC_IRQHandler                       0x08002533   Thumb Code     0  startup_stm32f4xx.o(.text)
    TIM8_TRG_COM_TIM14_IRQHandler            0x08002533   Thumb Code     0  startup_stm32f4xx.o(.text)
    TIM8_UP_TIM13_IRQHandler                 0x08002533   Thumb Code     0  startup_stm32f4xx.o(.text)
    UART4_IRQHandler                         0x08002533   Thumb Code     0  startup_stm32f4xx.o(.text)
    UART5_IRQHandler                         0x08002533   Thumb Code     0  startup_stm32f4xx.o(.text)
    USART6_IRQHandler                        0x08002533   Thumb Code     0  startup_stm32f4xx.o(.text)
    WWDG_IRQHandler                          0x08002533   Thumb Code     0  startup_stm32f4xx.o(.text)
    SystemInit                               0x0800264b   Thumb Code    88  system_stm32f4xx.o(.text)
    SystemCoreClockUpdate                    0x080026a3   Thumb Code   174  system_stm32f4xx.o(.text)
    NVIC_PriorityGroupConfig                 0x08002781   Thumb Code    10  misc.o(.text)
    NVIC_Init                                0x0800278b   Thumb Code   106  misc.o(.text)
    NVIC_SetVectorTable                      0x080027f5   Thumb Code    14  misc.o(.text)
    NVIC_SystemLPConfig                      0x08002803   Thumb Code    34  misc.o(.text)
    SysTick_CLKSourceConfig                  0x08002825   Thumb Code    40  misc.o(.text)
    EXTI_DeInit                              0x08002861   Thumb Code    28  stm32f4xx_exti.o(.text)
    EXTI_Init                                0x0800287d   Thumb Code   142  stm32f4xx_exti.o(.text)
    EXTI_StructInit                          0x0800290b   Thumb Code    16  stm32f4xx_exti.o(.text)
    EXTI_GenerateSWInterrupt                 0x0800291b   Thumb Code    16  stm32f4xx_exti.o(.text)
    EXTI_GetFlagStatus                       0x0800292b   Thumb Code    22  stm32f4xx_exti.o(.text)
    EXTI_ClearFlag                           0x08002941   Thumb Code     8  stm32f4xx_exti.o(.text)
    EXTI_GetITStatus                         0x08002949   Thumb Code    34  stm32f4xx_exti.o(.text)
    EXTI_ClearITPendingBit                   0x0800296b   Thumb Code     8  stm32f4xx_exti.o(.text)
    GPIO_DeInit                              0x0800297d   Thumb Code   220  stm32f4xx_gpio.o(.text)
    GPIO_Init                                0x08002a59   Thumb Code   144  stm32f4xx_gpio.o(.text)
    GPIO_StructInit                          0x08002ae9   Thumb Code    18  stm32f4xx_gpio.o(.text)
    GPIO_PinLockConfig                       0x08002afb   Thumb Code    34  stm32f4xx_gpio.o(.text)
    GPIO_ReadInputDataBit                    0x08002b1d   Thumb Code    18  stm32f4xx_gpio.o(.text)
    GPIO_ReadInputData                       0x08002b2f   Thumb Code     8  stm32f4xx_gpio.o(.text)
    GPIO_ReadOutputDataBit                   0x08002b37   Thumb Code    18  stm32f4xx_gpio.o(.text)
    GPIO_ReadOutputData                      0x08002b49   Thumb Code     8  stm32f4xx_gpio.o(.text)
    GPIO_SetBits                             0x08002b51   Thumb Code     4  stm32f4xx_gpio.o(.text)
    GPIO_ResetBits                           0x08002b55   Thumb Code     4  stm32f4xx_gpio.o(.text)
    GPIO_WriteBit                            0x08002b59   Thumb Code    10  stm32f4xx_gpio.o(.text)
    GPIO_Write                               0x08002b63   Thumb Code     4  stm32f4xx_gpio.o(.text)
    GPIO_ToggleBits                          0x08002b67   Thumb Code     8  stm32f4xx_gpio.o(.text)
    GPIO_PinAFConfig                         0x08002b6f   Thumb Code    70  stm32f4xx_gpio.o(.text)
    RCC_DeInit                               0x08002bd9   Thumb Code    60  stm32f4xx_rcc.o(.text)
    RCC_HSEConfig                            0x08002c15   Thumb Code    14  stm32f4xx_rcc.o(.text)
    RCC_GetFlagStatus                        0x08002c23   Thumb Code    60  stm32f4xx_rcc.o(.text)
    RCC_WaitForHSEStartUp                    0x08002c5f   Thumb Code    56  stm32f4xx_rcc.o(.text)
    RCC_AdjustHSICalibrationValue            0x08002c97   Thumb Code    20  stm32f4xx_rcc.o(.text)
    RCC_HSICmd                               0x08002cab   Thumb Code     6  stm32f4xx_rcc.o(.text)
    RCC_LSEConfig                            0x08002cb1   Thumb Code    46  stm32f4xx_rcc.o(.text)
    RCC_LSICmd                               0x08002cdf   Thumb Code     6  stm32f4xx_rcc.o(.text)
    RCC_PLLConfig                            0x08002ce5   Thumb Code    32  stm32f4xx_rcc.o(.text)
    RCC_PLLCmd                               0x08002d05   Thumb Code     6  stm32f4xx_rcc.o(.text)
    RCC_PLLI2SConfig                         0x08002d0b   Thumb Code    14  stm32f4xx_rcc.o(.text)
    RCC_PLLI2SCmd                            0x08002d19   Thumb Code     6  stm32f4xx_rcc.o(.text)
    RCC_ClockSecuritySystemCmd               0x08002d1f   Thumb Code     6  stm32f4xx_rcc.o(.text)
    RCC_MCO1Config                           0x08002d25   Thumb Code    28  stm32f4xx_rcc.o(.text)
    RCC_MCO2Config                           0x08002d41   Thumb Code    28  stm32f4xx_rcc.o(.text)
    RCC_SYSCLKConfig                         0x08002d5d   Thumb Code    20  stm32f4xx_rcc.o(.text)
    RCC_GetSYSCLKSource                      0x08002d71   Thumb Code    12  stm32f4xx_rcc.o(.text)
    RCC_HCLKConfig                           0x08002d7d   Thumb Code    20  stm32f4xx_rcc.o(.text)
    RCC_PCLK1Config                          0x08002d91   Thumb Code    20  stm32f4xx_rcc.o(.text)
    RCC_PCLK2Config                          0x08002da5   Thumb Code    22  stm32f4xx_rcc.o(.text)
    RCC_GetClocksFreq                        0x08002dbb   Thumb Code   222  stm32f4xx_rcc.o(.text)
    RCC_RTCCLKConfig                         0x08002e99   Thumb Code    54  stm32f4xx_rcc.o(.text)
    RCC_RTCCLKCmd                            0x08002ecf   Thumb Code     8  stm32f4xx_rcc.o(.text)
    RCC_BackupResetCmd                       0x08002ed7   Thumb Code     8  stm32f4xx_rcc.o(.text)
    RCC_I2SCLKConfig                         0x08002edf   Thumb Code     6  stm32f4xx_rcc.o(.text)
    RCC_AHB1PeriphClockCmd                   0x08002ee5   Thumb Code    34  stm32f4xx_rcc.o(.text)
    RCC_AHB2PeriphClockCmd                   0x08002f07   Thumb Code    34  stm32f4xx_rcc.o(.text)
    RCC_AHB3PeriphClockCmd                   0x08002f29   Thumb Code    34  stm32f4xx_rcc.o(.text)
    RCC_APB1PeriphClockCmd                   0x08002f4b   Thumb Code    34  stm32f4xx_rcc.o(.text)
    RCC_APB2PeriphClockCmd                   0x08002f6d   Thumb Code    34  stm32f4xx_rcc.o(.text)
    RCC_AHB1PeriphResetCmd                   0x08002f8f   Thumb Code    34  stm32f4xx_rcc.o(.text)
    RCC_AHB2PeriphResetCmd                   0x08002fb1   Thumb Code    72  stm32f4xx_rcc.o(.text)
    RCC_AHB3PeriphResetCmd                   0x08002ff9   Thumb Code    34  stm32f4xx_rcc.o(.text)
    RCC_APB1PeriphResetCmd                   0x0800301b   Thumb Code    34  stm32f4xx_rcc.o(.text)
    RCC_APB2PeriphResetCmd                   0x0800303d   Thumb Code    34  stm32f4xx_rcc.o(.text)
    RCC_AHB1PeriphClockLPModeCmd             0x0800305f   Thumb Code    34  stm32f4xx_rcc.o(.text)
    RCC_AHB2PeriphClockLPModeCmd             0x08003081   Thumb Code    34  stm32f4xx_rcc.o(.text)
    RCC_AHB3PeriphClockLPModeCmd             0x080030a3   Thumb Code    34  stm32f4xx_rcc.o(.text)
    RCC_APB1PeriphClockLPModeCmd             0x080030c5   Thumb Code    34  stm32f4xx_rcc.o(.text)
    RCC_APB2PeriphClockLPModeCmd             0x080030e7   Thumb Code    34  stm32f4xx_rcc.o(.text)
    RCC_ITConfig                             0x08003109   Thumb Code    34  stm32f4xx_rcc.o(.text)
    RCC_ClearFlag                            0x0800312b   Thumb Code    18  stm32f4xx_rcc.o(.text)
    RCC_GetITStatus                          0x0800313d   Thumb Code    22  stm32f4xx_rcc.o(.text)
    RCC_ClearITPendingBit                    0x08003153   Thumb Code     8  stm32f4xx_rcc.o(.text)
    SPI_I2S_DeInit                           0x08003161   Thumb Code    76  stm32f4xx_spi.o(.text)
    SPI_Init                                 0x080031ad   Thumb Code    60  stm32f4xx_spi.o(.text)
    I2S_Init                                 0x080031e9   Thumb Code   350  stm32f4xx_spi.o(.text)
    SPI_StructInit                           0x08003347   Thumb Code    24  stm32f4xx_spi.o(.text)
    I2S_StructInit                           0x0800335f   Thumb Code    20  stm32f4xx_spi.o(.text)
    SPI_Cmd                                  0x08003373   Thumb Code    24  stm32f4xx_spi.o(.text)
    I2S_Cmd                                  0x0800338b   Thumb Code    24  stm32f4xx_spi.o(.text)
    SPI_DataSizeConfig                       0x080033a3   Thumb Code    18  stm32f4xx_spi.o(.text)
    SPI_BiDirectionalLineConfig              0x080033b5   Thumb Code    28  stm32f4xx_spi.o(.text)
    SPI_NSSInternalSoftwareConfig            0x080033d1   Thumb Code    30  stm32f4xx_spi.o(.text)
    SPI_SSOutputCmd                          0x080033ef   Thumb Code    24  stm32f4xx_spi.o(.text)
    SPI_TIModeCmd                            0x08003407   Thumb Code    24  stm32f4xx_spi.o(.text)
    I2S_FullDuplexConfig                     0x0800341f   Thumb Code    80  stm32f4xx_spi.o(.text)
    SPI_I2S_ReceiveData                      0x0800346f   Thumb Code     6  stm32f4xx_spi.o(.text)
    SPI_I2S_SendData                         0x08003475   Thumb Code     4  stm32f4xx_spi.o(.text)
    SPI_CalculateCRC                         0x08003479   Thumb Code    24  stm32f4xx_spi.o(.text)
    SPI_TransmitCRC                          0x08003491   Thumb Code    10  stm32f4xx_spi.o(.text)
    SPI_GetCRC                               0x0800349b   Thumb Code    16  stm32f4xx_spi.o(.text)
    SPI_GetCRCPolynomial                     0x080034ab   Thumb Code     6  stm32f4xx_spi.o(.text)
    SPI_I2S_DMACmd                           0x080034b1   Thumb Code    18  stm32f4xx_spi.o(.text)
    SPI_I2S_ITConfig                         0x080034c3   Thumb Code    32  stm32f4xx_spi.o(.text)
    SPI_I2S_GetFlagStatus                    0x080034e3   Thumb Code    18  stm32f4xx_spi.o(.text)
    SPI_I2S_ClearFlag                        0x080034f5   Thumb Code     6  stm32f4xx_spi.o(.text)
    SPI_I2S_GetITStatus                      0x080034fb   Thumb Code    52  stm32f4xx_spi.o(.text)
    SPI_I2S_ClearITPendingBit                0x0800352f   Thumb Code    42  stm32f4xx_spi.o(.text)
    SYSCFG_DeInit                            0x08003559   Thumb Code    22  stm32f4xx_syscfg.o(.text)
    SYSCFG_MemoryRemapConfig                 0x0800356f   Thumb Code     6  stm32f4xx_syscfg.o(.text)
    SYSCFG_EXTILineConfig                    0x08003575   Thumb Code    66  stm32f4xx_syscfg.o(.text)
    SYSCFG_ETH_MediaInterfaceConfig          0x080035b7   Thumb Code     6  stm32f4xx_syscfg.o(.text)
    SYSCFG_CompensationCellCmd               0x080035bd   Thumb Code     6  stm32f4xx_syscfg.o(.text)
    SYSCFG_GetCompensationCellStatus         0x080035c3   Thumb Code    22  stm32f4xx_syscfg.o(.text)
    TIM_DeInit                               0x080035e5   Thumb Code   346  stm32f4xx_tim.o(.text)
    TIM_TimeBaseInit                         0x0800373f   Thumb Code   104  stm32f4xx_tim.o(.text)
    TIM_TimeBaseStructInit                   0x080037a7   Thumb Code    18  stm32f4xx_tim.o(.text)
    TIM_PrescalerConfig                      0x080037b9   Thumb Code     6  stm32f4xx_tim.o(.text)
    TIM_CounterModeConfig                    0x080037bf   Thumb Code    18  stm32f4xx_tim.o(.text)
    TIM_SetCounter                           0x080037d1   Thumb Code     4  stm32f4xx_tim.o(.text)
    TIM_SetAutoreload                        0x080037d5   Thumb Code     4  stm32f4xx_tim.o(.text)
    TIM_GetCounter                           0x080037d9   Thumb Code     6  stm32f4xx_tim.o(.text)
    TIM_GetPrescaler                         0x080037df   Thumb Code     6  stm32f4xx_tim.o(.text)
    TIM_UpdateDisableConfig                  0x080037e5   Thumb Code    24  stm32f4xx_tim.o(.text)
    TIM_UpdateRequestConfig                  0x080037fd   Thumb Code    24  stm32f4xx_tim.o(.text)
    TIM_ARRPreloadConfig                     0x08003815   Thumb Code    24  stm32f4xx_tim.o(.text)
    TIM_SelectOnePulseMode                   0x0800382d   Thumb Code    18  stm32f4xx_tim.o(.text)
    TIM_SetClockDivision                     0x0800383f   Thumb Code    18  stm32f4xx_tim.o(.text)
    TIM_Cmd                                  0x08003851   Thumb Code    24  stm32f4xx_tim.o(.text)
    TIM_OC1Init                              0x08003869   Thumb Code   114  stm32f4xx_tim.o(.text)
    TIM_OC2Init                              0x080038db   Thumb Code   154  stm32f4xx_tim.o(.text)
    TIM_OC3Init                              0x08003975   Thumb Code   204  stm32f4xx_tim.o(.text)
    TIM_OC4Init                              0x08003a41   Thumb Code   112  stm32f4xx_tim.o(.text)
    TIM_OCStructInit                         0x08003ab1   Thumb Code    20  stm32f4xx_tim.o(.text)
    TIM_SelectOCxM                           0x08003ac5   Thumb Code    86  stm32f4xx_tim.o(.text)
    TIM_SetCompare1                          0x08003b1b   Thumb Code     4  stm32f4xx_tim.o(.text)
    TIM_SetCompare2                          0x08003b1f   Thumb Code     4  stm32f4xx_tim.o(.text)
    TIM_SetCompare3                          0x08003b23   Thumb Code     4  stm32f4xx_tim.o(.text)
    TIM_SetCompare4                          0x08003b27   Thumb Code     4  stm32f4xx_tim.o(.text)
    TIM_ForcedOC1Config                      0x08003b2b   Thumb Code    18  stm32f4xx_tim.o(.text)
    TIM_ForcedOC2Config                      0x08003b3d   Thumb Code    26  stm32f4xx_tim.o(.text)
    TIM_ForcedOC3Config                      0x08003b57   Thumb Code    18  stm32f4xx_tim.o(.text)
    TIM_ForcedOC4Config                      0x08003b69   Thumb Code    26  stm32f4xx_tim.o(.text)
    TIM_OC1PreloadConfig                     0x08003b83   Thumb Code    18  stm32f4xx_tim.o(.text)
    TIM_OC2PreloadConfig                     0x08003b95   Thumb Code    26  stm32f4xx_tim.o(.text)
    TIM_OC3PreloadConfig                     0x08003baf   Thumb Code    18  stm32f4xx_tim.o(.text)
    TIM_OC4PreloadConfig                     0x08003bc1   Thumb Code    26  stm32f4xx_tim.o(.text)
    TIM_OC1FastConfig                        0x08003bdb   Thumb Code    18  stm32f4xx_tim.o(.text)
    TIM_OC2FastConfig                        0x08003bed   Thumb Code    26  stm32f4xx_tim.o(.text)
    TIM_OC3FastConfig                        0x08003c07   Thumb Code    18  stm32f4xx_tim.o(.text)
    TIM_OC4FastConfig                        0x08003c19   Thumb Code    26  stm32f4xx_tim.o(.text)
    TIM_ClearOC1Ref                          0x08003c33   Thumb Code    18  stm32f4xx_tim.o(.text)
    TIM_ClearOC2Ref                          0x08003c45   Thumb Code    24  stm32f4xx_tim.o(.text)
    TIM_ClearOC3Ref                          0x08003c5d   Thumb Code    18  stm32f4xx_tim.o(.text)
    TIM_ClearOC4Ref                          0x08003c6f   Thumb Code    24  stm32f4xx_tim.o(.text)
    TIM_OC1PolarityConfig                    0x08003c87   Thumb Code    18  stm32f4xx_tim.o(.text)
    TIM_OC1NPolarityConfig                   0x08003c99   Thumb Code    18  stm32f4xx_tim.o(.text)
    TIM_OC2PolarityConfig                    0x08003cab   Thumb Code    26  stm32f4xx_tim.o(.text)
    TIM_OC2NPolarityConfig                   0x08003cc5   Thumb Code    26  stm32f4xx_tim.o(.text)
    TIM_OC3PolarityConfig                    0x08003cdf   Thumb Code    26  stm32f4xx_tim.o(.text)
    TIM_OC3NPolarityConfig                   0x08003cf9   Thumb Code    26  stm32f4xx_tim.o(.text)
    TIM_OC4PolarityConfig                    0x08003d13   Thumb Code    26  stm32f4xx_tim.o(.text)
    TIM_CCxCmd                               0x08003d2d   Thumb Code    30  stm32f4xx_tim.o(.text)
    TIM_CCxNCmd                              0x08003d4b   Thumb Code    30  stm32f4xx_tim.o(.text)
    TIM_SetIC4Prescaler                      0x08003d69   Thumb Code    26  stm32f4xx_tim.o(.text)
    TIM_SetIC3Prescaler                      0x08003dd3   Thumb Code    18  stm32f4xx_tim.o(.text)
    TIM_SetIC2Prescaler                      0x08003e2d   Thumb Code    26  stm32f4xx_tim.o(.text)
    TIM_SetIC1Prescaler                      0x08003ea1   Thumb Code    18  stm32f4xx_tim.o(.text)
    TIM_ICInit                               0x08003eed   Thumb Code   110  stm32f4xx_tim.o(.text)
    TIM_ICStructInit                         0x08003f5b   Thumb Code    18  stm32f4xx_tim.o(.text)
    TIM_PWMIConfig                           0x08003f6d   Thumb Code   124  stm32f4xx_tim.o(.text)
    TIM_GetCapture1                          0x08003fe9   Thumb Code     6  stm32f4xx_tim.o(.text)
    TIM_GetCapture2                          0x08003fef   Thumb Code     6  stm32f4xx_tim.o(.text)
    TIM_GetCapture3                          0x08003ff5   Thumb Code     6  stm32f4xx_tim.o(.text)
    TIM_GetCapture4                          0x08003ffb   Thumb Code     6  stm32f4xx_tim.o(.text)
    TIM_BDTRConfig                           0x08004001   Thumb Code    32  stm32f4xx_tim.o(.text)
    TIM_BDTRStructInit                       0x08004021   Thumb Code    18  stm32f4xx_tim.o(.text)
    TIM_CtrlPWMOutputs                       0x08004033   Thumb Code    30  stm32f4xx_tim.o(.text)
    TIM_SelectCOM                            0x08004051   Thumb Code    24  stm32f4xx_tim.o(.text)
    TIM_CCPreloadControl                     0x08004069   Thumb Code    24  stm32f4xx_tim.o(.text)
    TIM_ITConfig                             0x08004081   Thumb Code    18  stm32f4xx_tim.o(.text)
    TIM_GenerateEvent                        0x08004093   Thumb Code     4  stm32f4xx_tim.o(.text)
    TIM_GetFlagStatus                        0x08004097   Thumb Code    18  stm32f4xx_tim.o(.text)
    TIM_ClearFlag                            0x080040a9   Thumb Code     6  stm32f4xx_tim.o(.text)
    TIM_GetITStatus                          0x080040af   Thumb Code    34  stm32f4xx_tim.o(.text)
    TIM_ClearITPendingBit                    0x080040d1   Thumb Code     6  stm32f4xx_tim.o(.text)
    TIM_DMAConfig                            0x080040d7   Thumb Code    10  stm32f4xx_tim.o(.text)
    TIM_DMACmd                               0x080040e1   Thumb Code    18  stm32f4xx_tim.o(.text)
    TIM_SelectCCDMA                          0x080040f3   Thumb Code    24  stm32f4xx_tim.o(.text)
    TIM_InternalClockConfig                  0x0800410b   Thumb Code    12  stm32f4xx_tim.o(.text)
    TIM_SelectInputTrigger                   0x08004117   Thumb Code    18  stm32f4xx_tim.o(.text)
    TIM_ITRxExternalClockConfig              0x08004129   Thumb Code    24  stm32f4xx_tim.o(.text)
    TIM_TIxExternalClockConfig               0x08004141   Thumb Code    62  stm32f4xx_tim.o(.text)
    TIM_ETRConfig                            0x0800417f   Thumb Code    28  stm32f4xx_tim.o(.text)
    TIM_ETRClockMode1Config                  0x0800419b   Thumb Code    54  stm32f4xx_tim.o(.text)
    TIM_ETRClockMode2Config                  0x080041d1   Thumb Code    32  stm32f4xx_tim.o(.text)
    TIM_SelectOutputTrigger                  0x080041f1   Thumb Code    18  stm32f4xx_tim.o(.text)
    TIM_SelectSlaveMode                      0x08004203   Thumb Code    18  stm32f4xx_tim.o(.text)
    TIM_SelectMasterSlaveMode                0x08004215   Thumb Code    18  stm32f4xx_tim.o(.text)
    TIM_EncoderInterfaceConfig               0x08004227   Thumb Code    66  stm32f4xx_tim.o(.text)
    TIM_SelectHallSensor                     0x08004269   Thumb Code    24  stm32f4xx_tim.o(.text)
    TIM_RemapConfig                          0x08004281   Thumb Code     6  stm32f4xx_tim.o(.text)
    USART_DeInit                             0x08004289   Thumb Code   156  stm32f4xx_usart.o(.text)
    USART_Init                               0x08004325   Thumb Code   204  stm32f4xx_usart.o(.text)
    USART_StructInit                         0x080043f1   Thumb Code    24  stm32f4xx_usart.o(.text)
    USART_ClockInit                          0x08004409   Thumb Code    32  stm32f4xx_usart.o(.text)
    USART_ClockStructInit                    0x08004429   Thumb Code    12  stm32f4xx_usart.o(.text)
    USART_Cmd                                0x08004435   Thumb Code    24  stm32f4xx_usart.o(.text)
    USART_SetPrescaler                       0x0800444d   Thumb Code    16  stm32f4xx_usart.o(.text)
    USART_OverSampling8Cmd                   0x0800445d   Thumb Code    22  stm32f4xx_usart.o(.text)
    USART_OneBitMethodCmd                    0x08004473   Thumb Code    24  stm32f4xx_usart.o(.text)
    USART_SendData                           0x0800448b   Thumb Code     8  stm32f4xx_usart.o(.text)
    USART_ReceiveData                        0x08004493   Thumb Code    10  stm32f4xx_usart.o(.text)
    USART_SetAddress                         0x0800449d   Thumb Code    18  stm32f4xx_usart.o(.text)
    USART_ReceiverWakeUpCmd                  0x080044af   Thumb Code    24  stm32f4xx_usart.o(.text)
    USART_WakeUpConfig                       0x080044c7   Thumb Code    18  stm32f4xx_usart.o(.text)
    USART_LINBreakDetectLengthConfig         0x080044d9   Thumb Code    18  stm32f4xx_usart.o(.text)
    USART_LINCmd                             0x080044eb   Thumb Code    24  stm32f4xx_usart.o(.text)
    USART_SendBreak                          0x08004503   Thumb Code    10  stm32f4xx_usart.o(.text)
    USART_HalfDuplexCmd                      0x0800450d   Thumb Code    24  stm32f4xx_usart.o(.text)
    USART_SetGuardTime                       0x08004525   Thumb Code    16  stm32f4xx_usart.o(.text)
    USART_SmartCardCmd                       0x08004535   Thumb Code    24  stm32f4xx_usart.o(.text)
    USART_SmartCardNACKCmd                   0x0800454d   Thumb Code    24  stm32f4xx_usart.o(.text)
    USART_IrDAConfig                         0x08004565   Thumb Code    18  stm32f4xx_usart.o(.text)
    USART_IrDACmd                            0x08004577   Thumb Code    24  stm32f4xx_usart.o(.text)
    USART_DMACmd                             0x0800458f   Thumb Code    18  stm32f4xx_usart.o(.text)
    USART_ITConfig                           0x080045a1   Thumb Code    74  stm32f4xx_usart.o(.text)
    USART_GetFlagStatus                      0x080045eb   Thumb Code    26  stm32f4xx_usart.o(.text)
    USART_ClearFlag                          0x08004605   Thumb Code    18  stm32f4xx_usart.o(.text)
    USART_GetITStatus                        0x08004617   Thumb Code   110  stm32f4xx_usart.o(.text)
    USART_ClearITPendingBit                  0x08004685   Thumb Code    30  stm32f4xx_usart.o(.text)
    CPU_NameClr                              0x080046a5   Thumb Code    42  cpu_core.o(.text)
    CPU_Init                                 0x080046e5   Thumb Code    12  cpu_core.o(.text)
    CPU_SW_Exception                         0x080046f1   Thumb Code     4  cpu_core.o(.text)
    CPU_NameGet                              0x080046f5   Thumb Code    70  cpu_core.o(.text)
    CPU_NameSet                              0x0800473b   Thumb Code    96  cpu_core.o(.text)
    CPU_TS_Get32                             0x0800479b   Thumb Code    12  cpu_core.o(.text)
    CPU_TS_Update                            0x080047a7   Thumb Code     2  cpu_core.o(.text)
    CPU_TS_TmrFreqGet                        0x080047a9   Thumb Code    30  cpu_core.o(.text)
    CPU_TS_TmrFreqSet                        0x080047c7   Thumb Code     6  cpu_core.o(.text)
    CPU_CntLeadZeros08                       0x080047cd   Thumb Code    18  cpu_core.o(.text)
    CPU_CntLeadZeros16                       0x080047df   Thumb Code    18  cpu_core.o(.text)
    CPU_CntLeadZeros32                       0x080047f1   Thumb Code    18  cpu_core.o(.text)
    CPU_CntLeadZeros64                       0x08004803   Thumb Code   192  cpu_core.o(.text)
    CPU_CntTrailZeros08                      0x080048c3   Thumb Code    22  cpu_core.o(.text)
    CPU_CntTrailZeros16                      0x080048d9   Thumb Code    22  cpu_core.o(.text)
    CPU_CntTrailZeros32                      0x080048ef   Thumb Code    22  cpu_core.o(.text)
    CPU_CntTrailZeros64                      0x08004905   Thumb Code    62  cpu_core.o(.text)
    CPU_IntDis                               0x08004951   Thumb Code     0  cpu_a.o(.text)
    CPU_IntEn                                0x08004955   Thumb Code     0  cpu_a.o(.text)
    CPU_SR_Save                              0x08004959   Thumb Code     0  cpu_a.o(.text)
    CPU_SR_Restore                           0x08004961   Thumb Code     0  cpu_a.o(.text)
    CPU_WaitForInt                           0x08004967   Thumb Code     0  cpu_a.o(.text)
    CPU_WaitForExcept                        0x0800496b   Thumb Code     0  cpu_a.o(.text)
    CPU_CntLeadZeros                         0x0800496f   Thumb Code     0  cpu_a.o(.text)
    CPU_CntTrailZeros                        0x08004975   Thumb Code     0  cpu_a.o(.text)
    CPU_RevBits                              0x0800497f   Thumb Code     0  cpu_a.o(.text)
    ASCII_IsAlpha                            0x08004985   Thumb Code    48  lib_ascii.o(.text)
    ASCII_IsAlphaNum                         0x080049b5   Thumb Code    76  lib_ascii.o(.text)
    ASCII_IsLower                            0x08004a01   Thumb Code    20  lib_ascii.o(.text)
    ASCII_IsUpper                            0x08004a15   Thumb Code    20  lib_ascii.o(.text)
    ASCII_IsDig                              0x08004a29   Thumb Code    20  lib_ascii.o(.text)
    ASCII_IsDigOct                           0x08004a3d   Thumb Code    20  lib_ascii.o(.text)
    ASCII_IsDigHex                           0x08004a51   Thumb Code    36  lib_ascii.o(.text)
    ASCII_IsBlank                            0x08004a75   Thumb Code    20  lib_ascii.o(.text)
    ASCII_IsSpace                            0x08004a89   Thumb Code    36  lib_ascii.o(.text)
    ASCII_IsPrint                            0x08004aad   Thumb Code    20  lib_ascii.o(.text)
    ASCII_IsGraph                            0x08004ac1   Thumb Code    20  lib_ascii.o(.text)
    ASCII_IsPunct                            0x08004ad5   Thumb Code   134  lib_ascii.o(.text)
    ASCII_IsCtrl                             0x08004b5b   Thumb Code    26  lib_ascii.o(.text)
    ASCII_ToLower                            0x08004b75   Thumb Code    32  lib_ascii.o(.text)
    ASCII_ToUpper                            0x08004b95   Thumb Code    32  lib_ascii.o(.text)
    ASCII_Cmp                                0x08004bb5   Thumb Code    38  lib_ascii.o(.text)
    Math_RandSetSeed                         0x08004bdd   Thumb Code    40  lib_math.o(.text)
    Math_Init                                0x08004c05   Thumb Code    10  lib_math.o(.text)
    Math_RandSeed                            0x08004c0f   Thumb Code    18  lib_math.o(.text)
    Math_Rand                                0x08004c21   Thumb Code    52  lib_math.o(.text)
    Mem_Init                                 0x08004c5d   Thumb Code     2  lib_mem.o(.text)
    Mem_Set                                  0x08004c5f   Thumb Code    84  lib_mem.o(.text)
    Mem_Clr                                  0x08004cb3   Thumb Code    18  lib_mem.o(.text)
    Mem_Move                                 0x08004cc5   Thumb Code   186  lib_mem.o(.text)
    Mem_Cmp                                  0x08004d7f   Thumb Code   192  lib_mem.o(.text)
    Str_Len_N                                0x08004e41   Thumb Code    28  lib_str.o(.text)
    Str_Len                                  0x08004e5d   Thumb Code    20  lib_str.o(.text)
    Str_Copy_N                               0x08004e71   Thumb Code    70  lib_str.o(.text)
    Str_Copy                                 0x08004eb7   Thumb Code    24  lib_str.o(.text)
    Str_Cat_N                                0x08004ecf   Thumb Code    90  lib_str.o(.text)
    Str_Cat                                  0x08004f29   Thumb Code    24  lib_str.o(.text)
    Str_Cmp_N                                0x08004f41   Thumb Code   156  lib_str.o(.text)
    Str_Cmp                                  0x08004fdd   Thumb Code    24  lib_str.o(.text)
    Str_CmpIgnoreCase_N                      0x08004ff5   Thumb Code   264  lib_str.o(.text)
    Str_CmpIgnoreCase                        0x080050fd   Thumb Code    24  lib_str.o(.text)
    Str_Char_N                               0x08005115   Thumb Code    74  lib_str.o(.text)
    Str_Char                                 0x0800515f   Thumb Code    24  lib_str.o(.text)
    Str_Char_Last_N                          0x08005177   Thumb Code    76  lib_str.o(.text)
    Str_Char_Last                            0x080051c3   Thumb Code    24  lib_str.o(.text)
    Str_Char_Replace_N                       0x080051db   Thumb Code    52  lib_str.o(.text)
    Str_Char_Replace                         0x0800520f   Thumb Code    28  lib_str.o(.text)
    Str_Str_N                                0x0800522b   Thumb Code   182  lib_str.o(.text)
    Str_Str                                  0x080052e1   Thumb Code    24  lib_str.o(.text)
    Str_FmtNbr_Int32U                        0x080054d5   Thumb Code    46  lib_str.o(.text)
    Str_FmtNbr_Int32S                        0x08005503   Thumb Code    62  lib_str.o(.text)
    Str_ParseNbr_Int32U                      0x080056ff   Thumb Code    30  lib_str.o(.text)
    Str_ParseNbr_Int32S                      0x0800571d   Thumb Code    74  lib_str.o(.text)
    Mem_Copy                                 0x0800576d   Thumb Code     0  lib_mem_a.o(.text)
    OSCfg_Init                               0x0800598d   Thumb Code     2  os_cfg_app.o(.text)
    OS_IdleTask                              0x08005991   Thumb Code    58  os_core.o(.text)
    OS_IdleTaskInit                          0x080059cb   Thumb Code    68  os_core.o(.text)
    OS_RdyListInit                           0x08005a0f   Thumb Code    32  os_core.o(.text)
    OSInit                                   0x08005a2f   Thumb Code   276  os_core.o(.text)
    OSIntEnter                               0x08005b43   Thumb Code    34  os_core.o(.text)
    OSIntExit                                0x08005b65   Thumb Code   188  os_core.o(.text)
    OSSched                                  0x08005c21   Thumb Code   130  os_core.o(.text)
    OSSchedLock                              0x08005ca3   Thumb Code    84  os_core.o(.text)
    OSSchedUnlock                            0x08005cf7   Thumb Code   116  os_core.o(.text)
    OSSchedRoundRobinCfg                     0x08005d6b   Thumb Code   224  os_core.o(.text)
    OS_RdyListMoveHeadToTail                 0x08005e4b   Thumb Code    68  os_core.o(.text)
    OSSchedRoundRobinYield                   0x08005e8f   Thumb Code   148  os_core.o(.text)
    OSStart                                  0x08005f23   Thumb Code    78  os_core.o(.text)
    OSVersion                                0x08005f71   Thumb Code    12  os_core.o(.text)
    OS_PendDbgNameAdd                        0x08005f7d   Thumb Code    66  os_core.o(.text)
    OS_PendListInsertPrio                    0x08005fbf   Thumb Code   102  os_core.o(.text)
    OS_PendDataInit                          0x08006025   Thumb Code    38  os_core.o(.text)
    OS_RdyListRemove                         0x0800604b   Thumb Code    86  os_core.o(.text)
    OS_TaskBlock                             0x080060a1   Thumb Code    40  os_core.o(.text)
    OS_Pend                                  0x080060c9   Thumb Code    98  os_core.o(.text)
    OS_PendListRemove1                       0x0800612b   Thumb Code    66  os_core.o(.text)
    OS_PendListRemove                        0x0800616d   Thumb Code    48  os_core.o(.text)
    OS_PendAbort1                            0x0800619d   Thumb Code    36  os_core.o(.text)
    OS_RdyListInsertHead                     0x080061c1   Thumb Code   128  os_core.o(.text)
    OS_RdyListInsertTail                     0x08006241   Thumb Code    56  os_core.o(.text)
    OS_RdyListInsert                         0x08006279   Thumb Code    40  os_core.o(.text)
    OS_PendAbort                             0x080062a1   Thumb Code   180  os_core.o(.text)
    OS_PendDbgNameRemove                     0x08006355   Thumb Code    34  os_core.o(.text)
    OS_PendListChangePrio                    0x08006377   Thumb Code    70  os_core.o(.text)
    OS_PendListInit                          0x080063bd   Thumb Code    10  os_core.o(.text)
    OS_PendListInsertHead                    0x080063c7   Thumb Code    32  os_core.o(.text)
    OS_PendObjDel1                           0x080063e7   Thumb Code    36  os_core.o(.text)
    OS_PendObjDel                            0x0800640b   Thumb Code   176  os_core.o(.text)
    OS_Post1                                 0x080064bb   Thumb Code    42  os_core.o(.text)
    OS_Post                                  0x080064e5   Thumb Code   214  os_core.o(.text)
    OS_Sched0                                0x080065bb   Thumb Code    68  os_core.o(.text)
    OS_SchedRoundRobin                       0x080065ff   Thumb Code   218  os_core.o(.text)
    OS_Dbg_Init                              0x080066e5   Thumb Code   144  os_dbg.o(.text)
    OS_FlagDbgListAdd                        0x08006885   Thumb Code    38  os_flag.o(.text)
    OSFlagCreate                             0x080068ab   Thumb Code   156  os_flag.o(.text)
    OS_FlagClr                               0x08006947   Thumb Code    28  os_flag.o(.text)
    OS_FlagDbgListRemove                     0x08006963   Thumb Code    44  os_flag.o(.text)
    OSFlagDel                                0x0800698f   Thumb Code   576  os_flag.o(.text)
    OS_FlagBlock                             0x08006bcf   Thumb Code    56  os_flag.o(.text)
    OSFlagPend                               0x08006c07   Thumb Code  1468  os_flag.o(.text)
    OSFlagPendAbort                          0x080071c3   Thumb Code   274  os_flag.o(.text)
    OSFlagPendGetFlagsRdy                    0x080072d5   Thumb Code    50  os_flag.o(.text)
    OS_FlagTaskRdy                           0x08007307   Thumb Code   100  os_flag.o(.text)
    OS_FlagPost                              0x0800736b   Thumb Code   558  os_flag.o(.text)
    OSFlagPost                               0x08007599   Thumb Code   146  os_flag.o(.text)
    OS_FlagInit                              0x0800762b   Thumb Code    14  os_flag.o(.text)
    OS_IntQPost                              0x0800764d   Thumb Code   216  os_int.o(.text)
    OS_IntQRePost                            0x08007725   Thumb Code   320  os_int.o(.text)
    OS_IntQTask                              0x08007865   Thumb Code   160  os_int.o(.text)
    OS_IntQTaskInit                          0x08007905   Thumb Code   208  os_int.o(.text)
    OS_MemDbgListAdd                         0x08007a59   Thumb Code    34  os_mem.o(.text)
    OSMemCreate                              0x08007a7b   Thumb Code   272  os_mem.o(.text)
    OSMemGet                                 0x08007b8b   Thumb Code   100  os_mem.o(.text)
    OSMemPut                                 0x08007bef   Thumb Code   112  os_mem.o(.text)
    OS_MemInit                               0x08007c5f   Thumb Code    14  os_mem.o(.text)
    OS_MsgPoolInit                           0x08007c7d   Thumb Code   110  os_msg.o(.text)
    OS_MsgQFreeAll                           0x08007ceb   Thumb Code    62  os_msg.o(.text)
    OS_MsgQInit                              0x08007d29   Thumb Code    14  os_msg.o(.text)
    OS_MsgQGet                               0x08007d37   Thumb Code    98  os_msg.o(.text)
    OS_MsgQPut                               0x08007d99   Thumb Code   254  os_msg.o(.text)
    OS_MutexDbgListAdd                       0x08007ea5   Thumb Code    38  os_mutex.o(.text)
    OSMutexCreate                            0x08007ecb   Thumb Code   162  os_mutex.o(.text)
    OS_MutexClr                              0x08007f6d   Thumb Code    38  os_mutex.o(.text)
    OS_MutexDbgListRemove                    0x08007f93   Thumb Code    44  os_mutex.o(.text)
    OSMutexDel                               0x08007fbf   Thumb Code   818  os_mutex.o(.text)
    OSMutexPend                              0x080082f1   Thumb Code   690  os_mutex.o(.text)
    OSMutexPendAbort                         0x080085a3   Thumb Code   274  os_mutex.o(.text)
    OSMutexPost                              0x080086b5   Thumb Code   564  os_mutex.o(.text)
    OS_MutexInit                             0x080088e9   Thumb Code    14  os_mutex.o(.text)
    OS_PrioInit                              0x08008911   Thumb Code    20  os_prio.o(.text)
    OS_PrioGetHighest                        0x08008925   Thumb Code    36  os_prio.o(.text)
    OS_PrioInsert                            0x08008949   Thumb Code    32  os_prio.o(.text)
    OS_PrioRemove                            0x08008969   Thumb Code    32  os_prio.o(.text)
    OS_QDbgListAdd                           0x0800898d   Thumb Code    38  os_q.o(.text)
    OSQCreate                                0x080089b3   Thumb Code   170  os_q.o(.text)
    OS_QClr                                  0x08008a5d   Thumb Code    40  os_q.o(.text)
    OS_QDbgListRemove                        0x08008a85   Thumb Code    44  os_q.o(.text)
    OSQDel                                   0x08008ab1   Thumb Code   344  os_q.o(.text)
    OSQFlush                                 0x08008c09   Thumb Code   192  os_q.o(.text)
    OSQPend                                  0x08008cc9   Thumb Code   518  os_q.o(.text)
    OSQPendAbort                             0x08008ecf   Thumb Code   274  os_q.o(.text)
    OS_QPost                                 0x08008fe1   Thumb Code   324  os_q.o(.text)
    OSQPost                                  0x08009125   Thumb Code   192  os_q.o(.text)
    OS_QInit                                 0x080091e5   Thumb Code    14  os_q.o(.text)
    OS_SemDbgListAdd                         0x08009205   Thumb Code    38  os_sem.o(.text)
    OSSemCreate                              0x0800922b   Thumb Code   156  os_sem.o(.text)
    OS_SemClr                                0x080092c7   Thumb Code    28  os_sem.o(.text)
    OS_SemDbgListRemove                      0x080092e3   Thumb Code    44  os_sem.o(.text)
    OSSemDel                                 0x0800930f   Thumb Code   344  os_sem.o(.text)
    OSSemPend                                0x08009467   Thumb Code   482  os_sem.o(.text)
    OSSemPendAbort                           0x08009649   Thumb Code   274  os_sem.o(.text)
    OS_SemPost                               0x0800975b   Thumb Code   350  os_sem.o(.text)
    OSSemPost                                0x080098b9   Thumb Code   144  os_sem.o(.text)
    OSSemSet                                 0x08009949   Thumb Code   104  os_sem.o(.text)
    OS_SemInit                               0x080099b1   Thumb Code    14  os_sem.o(.text)
    OSStatReset                              0x080099d9   Thumb Code   256  os_stat.o(.text)
    OSStatTaskCPUUsageInit                   0x08009ad9   Thumb Code   168  os_stat.o(.text)
    OS_StatTask                              0x08009b81   Thumb Code   876  os_stat.o(.text)
    OS_StatTaskInit                          0x08009eed   Thumb Code   138  os_stat.o(.text)
    OSTaskChangePrio                         0x08009fc1   Thumb Code   400  os_task.o(.text)
    OS_TaskDbgListAdd                        0x0800a151   Thumb Code    42  os_task.o(.text)
    OS_TaskInitTCB                           0x0800a17b   Thumb Code   176  os_task.o(.text)
    OSTaskCreate                             0x0800a22b   Thumb Code   606  os_task.o(.text)
    OS_TaskDbgListRemove                     0x0800a489   Thumb Code    64  os_task.o(.text)
    OSTaskDel                                0x0800a4c9   Thumb Code   408  os_task.o(.text)
    OSTaskQFlush                             0x0800a661   Thumb Code   196  os_task.o(.text)
    OSTaskQPend                              0x0800a725   Thumb Code   526  os_task.o(.text)
    OS_TaskQPost                             0x0800a933   Thumb Code   510  os_task.o(.text)
    OSTaskQPost                              0x0800ab31   Thumb Code   114  os_task.o(.text)
    OSTaskRegGet                             0x0800aba3   Thumb Code    78  os_task.o(.text)
    OSTaskRegGetID                           0x0800abf1   Thumb Code    84  os_task.o(.text)
    OSTaskRegSet                             0x0800ac45   Thumb Code   104  os_task.o(.text)
    OS_TaskResume                            0x0800acad   Thumb Code   314  os_task.o(.text)
    OSTaskResume                             0x0800ade7   Thumb Code   112  os_task.o(.text)
    OSTaskSemPend                            0x0800ae57   Thumb Code   502  os_task.o(.text)
    OSTaskSemPendAbort                       0x0800b04d   Thumb Code   270  os_task.o(.text)
    OS_TaskSemPost                           0x0800b15b   Thumb Code  1218  os_task.o(.text)
    OSTaskSemPost                            0x0800b61d   Thumb Code    98  os_task.o(.text)
    OSTaskSemSet                             0x0800b67f   Thumb Code    62  os_task.o(.text)
    OSTaskStkChk                             0x0800b6bd   Thumb Code   188  os_task.o(.text)
    OS_TaskSuspend                           0x0800b779   Thumb Code   328  os_task.o(.text)
    OSTaskSuspend                            0x0800b8c1   Thumb Code    78  os_task.o(.text)
    OSTaskTimeQuantaSet                      0x0800b90f   Thumb Code   114  os_task.o(.text)
    OS_TaskInit                              0x0800b981   Thumb Code    18  os_task.o(.text)
    OS_TaskReturn                            0x0800b993   Thumb Code    20  os_task.o(.text)
    OS_TickTask                              0x0800bbeb   Thumb Code   204  os_tick.o(.text)
    OS_TickTaskInit                          0x0800bcb7   Thumb Code   142  os_tick.o(.text)
    OS_TickListInsert                        0x0800bd45   Thumb Code   208  os_tick.o(.text)
    OS_TickListInsertDly                     0x0800be15   Thumb Code   180  os_tick.o(.text)
    OS_TickListRemove                        0x0800bec9   Thumb Code    88  os_tick.o(.text)
    OS_TickListResetPeak                     0x0800bf21   Thumb Code     2  os_tick.o(.text)
    OSTimeDly                                0x0800bf2d   Thumb Code   240  os_time.o(.text)
    OSTimeDlyHMSM                            0x0800c01d   Thumb Code   454  os_time.o(.text)
    OSTimeDlyResume                          0x0800c1e3   Thumb Code   448  os_time.o(.text)
    OSTimeGet                                0x0800c3a3   Thumb Code    46  os_time.o(.text)
    OSTimeSet                                0x0800c3d1   Thumb Code    46  os_time.o(.text)
    OSTimeTick                               0x0800c3ff   Thumb Code    54  os_time.o(.text)
    OSIdleTaskHook                           0x0800c445   Thumb Code    16  os_cpu_c.o(.text)
    OSInitHook                               0x0800c455   Thumb Code    28  os_cpu_c.o(.text)
    OSStatTaskHook                           0x0800c471   Thumb Code    16  os_cpu_c.o(.text)
    OSTaskCreateHook                         0x0800c481   Thumb Code    20  os_cpu_c.o(.text)
    OSTaskDelHook                            0x0800c495   Thumb Code    20  os_cpu_c.o(.text)
    OSTaskReturnHook                         0x0800c4a9   Thumb Code    20  os_cpu_c.o(.text)
    OSTaskStkInit                            0x0800c4bd   Thumb Code   204  os_cpu_c.o(.text)
    OSTaskSwHook                             0x0800c589   Thumb Code    86  os_cpu_c.o(.text)
    OSTimeTickHook                           0x0800c5df   Thumb Code    16  os_cpu_c.o(.text)
    OS_CPU_SysTickHandler                    0x0800c5ef   Thumb Code    52  os_cpu_c.o(.text)
    OS_CPU_SysTickInit                       0x0800c623   Thumb Code    44  os_cpu_c.o(.text)
    __aeabi_uldivmod                         0x0800c68d   Thumb Code    98  uldiv.o(.text)
    __aeabi_memcpy                           0x0800c6ef   Thumb Code    36  memcpya.o(.text)
    __aeabi_memcpy4                          0x0800c6ef   Thumb Code     0  memcpya.o(.text)
    __aeabi_memcpy8                          0x0800c6ef   Thumb Code     0  memcpya.o(.text)
    __aeabi_memset                           0x0800c713   Thumb Code    14  memseta.o(.text)
    __aeabi_memset4                          0x0800c713   Thumb Code     0  memseta.o(.text)
    __aeabi_memset8                          0x0800c713   Thumb Code     0  memseta.o(.text)
    __aeabi_memclr                           0x0800c721   Thumb Code     4  memseta.o(.text)
    __aeabi_memclr4                          0x0800c721   Thumb Code     0  memseta.o(.text)
    __aeabi_memclr8                          0x0800c721   Thumb Code     0  memseta.o(.text)
    _memset$wrapper                          0x0800c725   Thumb Code    18  memseta.o(.text)
    strcat                                   0x0800c737   Thumb Code    24  strcat.o(.text)
    strlen                                   0x0800c74f   Thumb Code    14  strlen.o(.text)
    strcmp                                   0x0800c75d   Thumb Code    28  strcmp.o(.text)
    strcpy                                   0x0800c779   Thumb Code    18  strcpy.o(.text)
    __aeabi_dadd                             0x0800c78b   Thumb Code   322  dadd.o(.text)
    __aeabi_dsub                             0x0800c8cd   Thumb Code     6  dadd.o(.text)
    __aeabi_drsub                            0x0800c8d3   Thumb Code     6  dadd.o(.text)
    __aeabi_dmul                             0x0800c8d9   Thumb Code   228  dmul.o(.text)
    __aeabi_ddiv                             0x0800c9bd   Thumb Code   222  ddiv.o(.text)
    __aeabi_i2d                              0x0800ca9b   Thumb Code    34  dflti.o(.text)
    __aeabi_ui2d                             0x0800cabd   Thumb Code    26  dfltui.o(.text)
    __aeabi_d2iz                             0x0800cad7   Thumb Code    62  dfixi.o(.text)
    __aeabi_d2uiz                            0x0800cb15   Thumb Code    50  dfixui.o(.text)
    __aeabi_f2d                              0x0800cb47   Thumb Code    38  f2d.o(.text)
    __aeabi_llsl                             0x0800cb6d   Thumb Code    30  llshl.o(.text)
    _ll_shift_l                              0x0800cb6d   Thumb Code     0  llshl.o(.text)
    __aeabi_llsr                             0x0800cb8b   Thumb Code    32  llushr.o(.text)
    _ll_ushift_r                             0x0800cb8b   Thumb Code     0  llushr.o(.text)
    __aeabi_lasr                             0x0800cbab   Thumb Code    36  llsshr.o(.text)
    _ll_sshift_r                             0x0800cbab   Thumb Code     0  llsshr.o(.text)
    __I$use$fp                               0x0800cbcf   Thumb Code     0  iusefp.o(.text)
    _double_round                            0x0800cbcf   Thumb Code    26  depilogue.o(.text)
    _double_epilogue                         0x0800cbe9   Thumb Code   156  depilogue.o(.text)
    __ARM_scalbn                             0x0800cc85   Thumb Code    46  dscalb.o(.text)
    scalbn                                   0x0800cc85   Thumb Code     0  dscalb.o(.text)
    __aeabi_cdrcmple                         0x0800ccb5   Thumb Code    38  cdrcmple.o(.text)
    __scatterload                            0x0800ccdd   Thumb Code    28  init.o(.text)
    __scatterload_rt2                        0x0800ccdd   Thumb Code     0  init.o(.text)
    _dsqrt                                   0x0800cd01   Thumb Code   162  dsqrt.o(.text)
    __decompress                             0x0800cda3   Thumb Code     0  __dczerorl2.o(.text)
    __decompress1                            0x0800cda3   Thumb Code    86  __dczerorl2.o(.text)
    OSStartHighRdy                           0x0800cdf9   Thumb Code     0  os_cpu_a.o(CODE)
    OSCtxSw                                  0x0800ce1b   Thumb Code     0  os_cpu_a.o(CODE)
    OSIntCtxSw                               0x0800ce25   Thumb Code     0  os_cpu_a.o(CODE)
    OS_CPU_PendSVHandler                     0x0800ce2f   Thumb Code     0  os_cpu_a.o(CODE)
    __ARM_fpclassify                         0x0800cea1   Thumb Code    48  fpclassify.o(i.__ARM_fpclassify)
    __hardfp_fabs                            0x0800ced1   Thumb Code    20  fabs.o(i.__hardfp_fabs)
    __hardfp_pow                             0x0800cee9   Thumb Code  3048  pow.o(i.__hardfp_pow)
    __kernel_poly                            0x0800db21   Thumb Code   248  poly.o(i.__kernel_poly)
    __mathlib_dbl_underflow                  0x0800dc19   Thumb Code    24  dunder.o(i.__mathlib_dbl_underflow)
    __scatterload_copy                       0x0800dc39   Thumb Code    14  handlers.o(i.__scatterload_copy)
    __scatterload_null                       0x0800dc47   Thumb Code     2  handlers.o(i.__scatterload_null)
    __scatterload_zeroinit                   0x0800dc49   Thumb Code    14  handlers.o(i.__scatterload_zeroinit)
    __set_errno                              0x0800dc59   Thumb Code     6  errno.o(i.__set_errno)
    fabs                                     0x0800dc65   Thumb Code    24  fabs.o(i.fabs)
    sqrt                                     0x0800dc7d   Thumb Code   110  sqrt.o(i.sqrt)
    CPU_EndiannessTest                       0x0800ddec   Data           4  cpu_core.o(.constdata)
    OSCfg_IdleTaskStkBasePtr                 0x0800de84   Data           4  os_cfg_app.o(.constdata)
    OSCfg_IdleTaskStkLimit                   0x0800de88   Data           4  os_cfg_app.o(.constdata)
    OSCfg_IdleTaskStkSize                    0x0800de8c   Data           4  os_cfg_app.o(.constdata)
    OSCfg_IdleTaskStkSizeRAM                 0x0800de90   Data           4  os_cfg_app.o(.constdata)
    OSCfg_IntQBasePtr                        0x0800de94   Data           4  os_cfg_app.o(.constdata)
    OSCfg_IntQSize                           0x0800de98   Data           2  os_cfg_app.o(.constdata)
    OSCfg_IntQSizeRAM                        0x0800de9c   Data           4  os_cfg_app.o(.constdata)
    OSCfg_IntQTaskStkBasePtr                 0x0800dea0   Data           4  os_cfg_app.o(.constdata)
    OSCfg_IntQTaskStkLimit                   0x0800dea4   Data           4  os_cfg_app.o(.constdata)
    OSCfg_IntQTaskStkSize                    0x0800dea8   Data           4  os_cfg_app.o(.constdata)
    OSCfg_IntQTaskStkSizeRAM                 0x0800deac   Data           4  os_cfg_app.o(.constdata)
    OSCfg_ISRStkBasePtr                      0x0800deb0   Data           4  os_cfg_app.o(.constdata)
    OSCfg_ISRStkSize                         0x0800deb4   Data           4  os_cfg_app.o(.constdata)
    OSCfg_ISRStkSizeRAM                      0x0800deb8   Data           4  os_cfg_app.o(.constdata)
    OSCfg_MsgPoolSize                        0x0800debc   Data           2  os_cfg_app.o(.constdata)
    OSCfg_MsgPoolSizeRAM                     0x0800dec0   Data           4  os_cfg_app.o(.constdata)
    OSCfg_MsgPoolBasePtr                     0x0800dec4   Data           4  os_cfg_app.o(.constdata)
    OSCfg_StatTaskPrio                       0x0800dec8   Data           1  os_cfg_app.o(.constdata)
    OSCfg_StatTaskRate_Hz                    0x0800decc   Data           4  os_cfg_app.o(.constdata)
    OSCfg_StatTaskStkBasePtr                 0x0800ded0   Data           4  os_cfg_app.o(.constdata)
    OSCfg_StatTaskStkLimit                   0x0800ded4   Data           4  os_cfg_app.o(.constdata)
    OSCfg_StatTaskStkSize                    0x0800ded8   Data           4  os_cfg_app.o(.constdata)
    OSCfg_StatTaskStkSizeRAM                 0x0800dedc   Data           4  os_cfg_app.o(.constdata)
    OSCfg_StkSizeMin                         0x0800dee0   Data           4  os_cfg_app.o(.constdata)
    OSCfg_TickRate_Hz                        0x0800dee4   Data           4  os_cfg_app.o(.constdata)
    OSCfg_TickTaskPrio                       0x0800dee8   Data           1  os_cfg_app.o(.constdata)
    OSCfg_TickTaskStkBasePtr                 0x0800deec   Data           4  os_cfg_app.o(.constdata)
    OSCfg_TickTaskStkLimit                   0x0800def0   Data           4  os_cfg_app.o(.constdata)
    OSCfg_TickTaskStkSize                    0x0800def4   Data           4  os_cfg_app.o(.constdata)
    OSCfg_TickTaskStkSizeRAM                 0x0800def8   Data           4  os_cfg_app.o(.constdata)
    OSCfg_TmrTaskPrio                        0x0800defc   Data           1  os_cfg_app.o(.constdata)
    OSCfg_TmrTaskRate_Hz                     0x0800df00   Data           4  os_cfg_app.o(.constdata)
    OSCfg_TmrTaskStkBasePtr                  0x0800df04   Data           4  os_cfg_app.o(.constdata)
    OSCfg_TmrTaskStkLimit                    0x0800df08   Data           4  os_cfg_app.o(.constdata)
    OSCfg_TmrTaskStkSize                     0x0800df0c   Data           4  os_cfg_app.o(.constdata)
    OSCfg_TmrTaskStkSizeRAM                  0x0800df10   Data           4  os_cfg_app.o(.constdata)
    OSCfg_DataSizeRAM                        0x0800df14   Data           4  os_cfg_app.o(.constdata)
    OSDbg_DbgEn                              0x0800df18   Data           1  os_dbg.o(.constdata)
    OSDbg_ArgChkEn                           0x0800df19   Data           1  os_dbg.o(.constdata)
    OSDbg_AppHooksEn                         0x0800df1a   Data           1  os_dbg.o(.constdata)
    OSDbg_EndiannessTest                     0x0800df1c   Data           4  os_dbg.o(.constdata)
    OSDbg_CalledFromISRChkEn                 0x0800df20   Data           1  os_dbg.o(.constdata)
    OSDbg_FlagEn                             0x0800df21   Data           1  os_dbg.o(.constdata)
    OSDbg_FlagGrp                            0x0800df24   Data          40  os_dbg.o(.constdata)
    OSDbg_FlagDelEn                          0x0800df4c   Data           1  os_dbg.o(.constdata)
    OSDbg_FlagModeClrEn                      0x0800df4d   Data           1  os_dbg.o(.constdata)
    OSDbg_FlagPendAbortEn                    0x0800df4e   Data           1  os_dbg.o(.constdata)
    OSDbg_FlagGrpSize                        0x0800df50   Data           2  os_dbg.o(.constdata)
    OSDbg_FlagWidth                          0x0800df52   Data           2  os_dbg.o(.constdata)
    OSDbg_IntQ                               0x0800df54   Data           2  os_dbg.o(.constdata)
    OSDbg_ISRPostDeferredEn                  0x0800df56   Data           1  os_dbg.o(.constdata)
    OSDbg_Mem                                0x0800df58   Data          32  os_dbg.o(.constdata)
    OSDbg_MemEn                              0x0800df78   Data           1  os_dbg.o(.constdata)
    OSDbg_MemSize                            0x0800df7a   Data           2  os_dbg.o(.constdata)
    OSDbg_MsgEn                              0x0800df7c   Data           1  os_dbg.o(.constdata)
    OSDbg_MsgSize                            0x0800df7e   Data           2  os_dbg.o(.constdata)
    OSDbg_MsgPoolSize                        0x0800df80   Data           2  os_dbg.o(.constdata)
    OSDbg_MsgQSize                           0x0800df82   Data           2  os_dbg.o(.constdata)
    OSDbg_Mutex                              0x0800df84   Data          44  os_dbg.o(.constdata)
    OSDbg_MutexEn                            0x0800dfb0   Data           1  os_dbg.o(.constdata)
    OSDbg_MutexDelEn                         0x0800dfb1   Data           1  os_dbg.o(.constdata)
    OSDbg_MutexPendAbortEn                   0x0800dfb2   Data           1  os_dbg.o(.constdata)
    OSDbg_MutexSize                          0x0800dfb4   Data           2  os_dbg.o(.constdata)
    OSDbg_ObjTypeChkEn                       0x0800dfb6   Data           1  os_dbg.o(.constdata)
    OSDbg_PendMultiEn                        0x0800dfb7   Data           1  os_dbg.o(.constdata)
    OSDbg_PendDataSize                       0x0800dfb8   Data           2  os_dbg.o(.constdata)
    OSDbg_PendListSize                       0x0800dfba   Data           2  os_dbg.o(.constdata)
    OSDbg_PendObjSize                        0x0800dfbc   Data           2  os_dbg.o(.constdata)
    OSDbg_PrioMax                            0x0800dfbe   Data           2  os_dbg.o(.constdata)
    OSDbg_PrioTblSize                        0x0800dfc0   Data           2  os_dbg.o(.constdata)
    OSDbg_PtrSize                            0x0800dfc2   Data           2  os_dbg.o(.constdata)
    OSDbg_Q                                  0x0800dfc4   Data          48  os_dbg.o(.constdata)
    OSDbg_QEn                                0x0800dff4   Data           1  os_dbg.o(.constdata)
    OSDbg_QDelEn                             0x0800dff5   Data           1  os_dbg.o(.constdata)
    OSDbg_QFlushEn                           0x0800dff6   Data           1  os_dbg.o(.constdata)
    OSDbg_QPendAbortEn                       0x0800dff7   Data           1  os_dbg.o(.constdata)
    OSDbg_QSize                              0x0800dff8   Data           2  os_dbg.o(.constdata)
    OSDbg_SchedRoundRobinEn                  0x0800dffa   Data           1  os_dbg.o(.constdata)
    OSDbg_Sem                                0x0800dffc   Data          40  os_dbg.o(.constdata)
    OSDbg_SemEn                              0x0800e024   Data           1  os_dbg.o(.constdata)
    OSDbg_SemDelEn                           0x0800e025   Data           1  os_dbg.o(.constdata)
    OSDbg_SemPendAbortEn                     0x0800e026   Data           1  os_dbg.o(.constdata)
    OSDbg_SemSetEn                           0x0800e027   Data           1  os_dbg.o(.constdata)
    OSDbg_SemSize                            0x0800e028   Data           2  os_dbg.o(.constdata)
    OSDbg_RdyList                            0x0800e02a   Data           2  os_dbg.o(.constdata)
    OSDbg_RdyListSize                        0x0800e02c   Data           4  os_dbg.o(.constdata)
    OSDbg_StkWidth                           0x0800e030   Data           1  os_dbg.o(.constdata)
    OSDbg_StatTaskEn                         0x0800e031   Data           1  os_dbg.o(.constdata)
    OSDbg_StatTaskStkChkEn                   0x0800e032   Data           1  os_dbg.o(.constdata)
    OSDbg_TaskChangePrioEn                   0x0800e033   Data           1  os_dbg.o(.constdata)
    OSDbg_TaskDelEn                          0x0800e034   Data           1  os_dbg.o(.constdata)
    OSDbg_TaskQEn                            0x0800e035   Data           1  os_dbg.o(.constdata)
    OSDbg_TaskQPendAbortEn                   0x0800e036   Data           1  os_dbg.o(.constdata)
    OSDbg_TaskProfileEn                      0x0800e037   Data           1  os_dbg.o(.constdata)
    OSDbg_TaskRegTblSize                     0x0800e038   Data           2  os_dbg.o(.constdata)
    OSDbg_TaskSemPendAbortEn                 0x0800e03a   Data           1  os_dbg.o(.constdata)
    OSDbg_TaskSuspendEn                      0x0800e03b   Data           1  os_dbg.o(.constdata)
    OSDbg_TCBSize                            0x0800e03c   Data           2  os_dbg.o(.constdata)
    OSDbg_TickListSize                       0x0800e03e   Data           2  os_dbg.o(.constdata)
    OSDbg_TimeDlyHMSMEn                      0x0800e040   Data           1  os_dbg.o(.constdata)
    OSDbg_TimeDlyResumeEn                    0x0800e041   Data           1  os_dbg.o(.constdata)
    OSDbg_TLS_TblSize                        0x0800e042   Data           2  os_dbg.o(.constdata)
    OSDbg_Tmr                                0x0800e044   Data          48  os_dbg.o(.constdata)
    OSDbg_TmrEn                              0x0800e074   Data           1  os_dbg.o(.constdata)
    OSDbg_TmrDelEn                           0x0800e075   Data           1  os_dbg.o(.constdata)
    OSDbg_TmrSize                            0x0800e076   Data           2  os_dbg.o(.constdata)
    OSDbg_VersionNbr                         0x0800e078   Data           2  os_dbg.o(.constdata)
    OSDbg_DataSize                           0x0800e07c   Data           4  os_dbg.o(.constdata)
    __mathlib_zero                           0x0800e108   Data           8  qnan.o(.constdata)
    Region$$Table$$Base                      0x0800e110   Number         0  anon$$obj.o(Region$$Table)
    Region$$Table$$Limit                     0x0800e130   Number         0  anon$$obj.o(Region$$Table)
    semTemp                                  0x20000000   Data           4  task_dateconnected.o(.data)
    USART1_RX_STA                            0x20000004   Data           2  task_dateconnected.o(.data)
    USART2_RX_STA                            0x20000006   Data           2  task_dateconnected.o(.data)
    ModeOkFlage                              0x20000008   Data           2  task_dateconnected.o(.data)
    congdad                                  0x2000000c   Data           4  task_dateconnected.o(.data)
    help_left                                0x20000010   Data           4  task_dateconnected.o(.data)
    help_right                               0x20000014   Data           4  task_dateconnected.o(.data)
    Software                                 0x2000001c   Data         600  userfunction.o(.data)
    chukong                                  0x20000274   Data           1  userfunction.o(.data)
    king                                     0x20000275   Data           1  userfunction.o(.data)
    keyss                                    0x20000276   Data           1  userfunction.o(.data)
    Usart3RecerveStart                       0x20000278   Data           2  bsp_usart3.o(.data)
    POINT_COLOR                              0x2000027a   Data           2  bsp_lcd2_4_spi.o(.data)
    BACK_COLOR                               0x2000027c   Data           2  bsp_lcd2_4_spi.o(.data)
    hanzi                                    0x2000027e   Data         256  font.o(.data)
    asc2_1608                                0x2000037e   Data        1520  font.o(.data)
    KeyFlag                                  0x2000096e   Data           1  bsp_key.o(.data)
    statrSpeed                               0x2000096f   Data           1  bsp_key.o(.data)
    SystemCoreClock                          0x20000974   Data           4  system_stm32f4xx.o(.data)
    AHBPrescTable                            0x20000978   Data          16  system_stm32f4xx.o(.data)
    CPU_TS_TmrFreq_Hz                        0x20000998   Data           4  cpu_core.o(.data)
    Math_RandSeedCur                         0x2000099c   Data           4  lib_math.o(.data)
    OSPrioTbl                                0x200009a0   Data           8  os_prio.o(.data)
    OS_AppTaskCreateHookPtr                  0x200009a8   Data           4  os_var.o(.data)
    OS_AppTaskDelHookPtr                     0x200009ac   Data           4  os_var.o(.data)
    OS_AppTaskReturnHookPtr                  0x200009b0   Data           4  os_var.o(.data)
    OS_AppIdleTaskHookPtr                    0x200009b4   Data           4  os_var.o(.data)
    OS_AppStatTaskHookPtr                    0x200009b8   Data           4  os_var.o(.data)
    OS_AppTaskSwHookPtr                      0x200009bc   Data           4  os_var.o(.data)
    OS_AppTimeTickHookPtr                    0x200009c0   Data           4  os_var.o(.data)
    OSIdleTaskCtr                            0x200009c4   Data           4  os_var.o(.data)
    OSIntNestingCtr                          0x200009c8   Data           1  os_var.o(.data)
    OSRunning                                0x200009c9   Data           1  os_var.o(.data)
    OSIntQInPtr                              0x200009cc   Data           4  os_var.o(.data)
    OSIntQOutPtr                             0x200009d0   Data           4  os_var.o(.data)
    OSIntQNbrEntries                         0x200009d4   Data           2  os_var.o(.data)
    OSIntQNbrEntriesMax                      0x200009d6   Data           2  os_var.o(.data)
    OSIntQOvfCtr                             0x200009d8   Data           2  os_var.o(.data)
    OSIntQTaskTimeMax                        0x200009dc   Data           4  os_var.o(.data)
    OSFlagDbgListPtr                         0x200009e0   Data           4  os_var.o(.data)
    OSFlagQty                                0x200009e4   Data           2  os_var.o(.data)
    OSMemDbgListPtr                          0x200009e8   Data           4  os_var.o(.data)
    OSMemQty                                 0x200009ec   Data           2  os_var.o(.data)
    OSMutexDbgListPtr                        0x200009f0   Data           4  os_var.o(.data)
    OSMutexQty                               0x200009f4   Data           2  os_var.o(.data)
    OSPrioCur                                0x200009f6   Data           1  os_var.o(.data)
    OSPrioHighRdy                            0x200009f7   Data           1  os_var.o(.data)
    OSPrioSaved                              0x200009f8   Data           1  os_var.o(.data)
    OSQDbgListPtr                            0x200009fc   Data           4  os_var.o(.data)
    OSQQty                                   0x20000a00   Data           2  os_var.o(.data)
    OSSchedLockNestingCtr                    0x20000a02   Data           1  os_var.o(.data)
    OSSchedRoundRobinDfltTimeQuanta          0x20000a04   Data           4  os_var.o(.data)
    OSSchedRoundRobinEn                      0x20000a08   Data           1  os_var.o(.data)
    OSSemDbgListPtr                          0x20000a0c   Data           4  os_var.o(.data)
    OSSemQty                                 0x20000a10   Data           2  os_var.o(.data)
    OSStatResetFlag                          0x20000a12   Data           1  os_var.o(.data)
    OSStatTaskCPUUsage                       0x20000a14   Data           2  os_var.o(.data)
    OSStatTaskCPUUsageMax                    0x20000a16   Data           2  os_var.o(.data)
    OSStatTaskCtr                            0x20000a18   Data           4  os_var.o(.data)
    OSStatTaskCtrMax                         0x20000a1c   Data           4  os_var.o(.data)
    OSStatTaskCtrRun                         0x20000a20   Data           4  os_var.o(.data)
    OSStatTaskRdy                            0x20000a24   Data           1  os_var.o(.data)
    OSStatTaskTimeMax                        0x20000a28   Data           4  os_var.o(.data)
    OSTaskCtxSwCtr                           0x20000a2c   Data           4  os_var.o(.data)
    OSTaskDbgListPtr                         0x20000a30   Data           4  os_var.o(.data)
    OSTaskQty                                0x20000a34   Data           2  os_var.o(.data)
    OSTaskRegNextAvailID                     0x20000a36   Data           1  os_var.o(.data)
    OSTickCtr                                0x20000a38   Data           4  os_var.o(.data)
    OSTickTaskTimeMax                        0x20000a3c   Data           4  os_var.o(.data)
    OSTickListDly                            0x20000a40   Data           8  os_var.o(.data)
    OSTickListTimeout                        0x20000a48   Data           8  os_var.o(.data)
    OSTCBCurPtr                              0x20000a50   Data           4  os_var.o(.data)
    OSTCBHighRdyPtr                          0x20000a54   Data           4  os_var.o(.data)
    OS_CPU_ExceptStkBase                     0x20000a58   Data           4  os_cpu_c.o(.data)
    Usart1RecerveSem                         0x20000a60   Data          40  task_dateconnected.o(.bss)
    rece1_buff                               0x20000a88   Data          20  task_dateconnected.o(.bss)
    Usart2RecerveSem                         0x20000a9c   Data          40  task_dateconnected.o(.bss)
    rece2_buff                               0x20000ac4   Data          20  task_dateconnected.o(.bss)
    comPortData                              0x20002c50   Data         320  datastory.o(.bss)
    Values                                   0x20002d90   Data          64  datastory.o(.bss)
    Usart3RecerveData                        0x20002dd0   Data         200  bsp_usart3.o(.bss)
    keyValue                                 0x20002e98   Data          12  bsp_slectlcd.o(.bss)
    CPU_Name                                 0x20002ea4   Data          16  cpu_core.o(.bss)
    OSCfg_IdleTaskStk                        0x20002eb4   Data         512  os_cfg_app.o(.bss)
    OSCfg_IntQ                               0x200030b4   Data         480  os_cfg_app.o(.bss)
    OSCfg_IntQTaskStk                        0x20003294   Data         512  os_cfg_app.o(.bss)
    OSCfg_ISRStk                             0x20003494   Data        1024  os_cfg_app.o(.bss)
    OSCfg_MsgPool                            0x20003894   Data        1600  os_cfg_app.o(.bss)
    OSCfg_StatTaskStk                        0x20003ed4   Data         512  os_cfg_app.o(.bss)
    OSCfg_TickTaskStk                        0x200040d4   Data         512  os_cfg_app.o(.bss)
    OSIdleTaskTCB                            0x200042d4   Data         188  os_var.o(.bss)
    OSIntQTaskTCB                            0x20004390   Data         188  os_var.o(.bss)
    OSMsgPool                                0x2000444c   Data          12  os_var.o(.bss)
    OSRdyList                                0x20004458   Data         768  os_var.o(.bss)
    OSStatTaskTCB                            0x20004758   Data         188  os_var.o(.bss)
    OSTickTaskTCB                            0x20004814   Data         188  os_var.o(.bss)
    __initial_sp                             0x200088d0   Data           0  startup_stm32f4xx.o(STACK)



==============================================================================

Memory Map of the image

  Image Entry point : 0x08000189

  Load Region LR_IROM1 (Base: 0x08000000, Size: 0x0000eb90, Max: 0x00100000, ABSOLUTE, COMPRESSED[0x0000e514])

    Execution Region ER_IROM1 (Base: 0x08000000, Size: 0x0000e130, Max: 0x00100000, ABSOLUTE)

    Base Addr    Size         Type   Attr      Idx    E Section Name        Object

    0x08000000   0x00000188   Data   RO          956    RESET               startup_stm32f4xx.o
    0x08000188   0x00000000   Code   RO         1894  * .ARM.Collect$$$$00000000  mc_w.l(entry.o)
    0x08000188   0x00000004   Code   RO         1948    .ARM.Collect$$$$00000001  mc_w.l(entry2.o)
    0x0800018c   0x00000004   Code   RO         1951    .ARM.Collect$$$$00000004  mc_w.l(entry5.o)
    0x08000190   0x00000000   Code   RO         1953    .ARM.Collect$$$$00000008  mc_w.l(entry7b.o)
    0x08000190   0x00000000   Code   RO         1955    .ARM.Collect$$$$0000000A  mc_w.l(entry8b.o)
    0x08000190   0x00000008   Code   RO         1956    .ARM.Collect$$$$0000000B  mc_w.l(entry9a.o)
    0x08000198   0x00000000   Code   RO         1958    .ARM.Collect$$$$0000000D  mc_w.l(entry10a.o)
    0x08000198   0x00000000   Code   RO         1960    .ARM.Collect$$$$0000000F  mc_w.l(entry11a.o)
    0x08000198   0x00000004   Code   RO         1949    .ARM.Collect$$$$00002712  mc_w.l(entry2.o)
    0x0800019c   0x00000510   Code   RO          411    .text               task_dateconnected.o
    0x080006ac   0x000000b0   Code   RO          465    .text               userfunction.o
    0x0800075c   0x00000104   Code   RO          494    .text               main.o
    0x08000860   0x00000444   Code   RO          556    .text               stm32f4xx_it.o
    0x08000ca4   0x000000d0   Code   RO          591    .text               datastory.o
    0x08000d74   0x00000040   Code   RO          613    .text               actuatorfunction.o
    0x08000db4   0x000000d8   Code   RO          629    .text               lcd_draw.o
    0x08000e8c   0x00000128   Code   RO          645    .text               bsp.o
    0x08000fb4   0x00000074   Code   RO          664    .text               bsp_led.o
    0x08001028   0x00000108   Code   RO          729    .text               bsp_usart1.o
    0x08001130   0x000000fc   Code   RO          745    .text               bsp_usart2.o
    0x0800122c   0x0000060c   Code   RO          803    .text               bsp_lcd2_4_spi.o
    0x08001838   0x00000510   Code   RO          862    .text               bsp_pwm.o
    0x08001d48   0x000002dc   Code   RO          881    .text               bsp_key.o
    0x08002024   0x000001bc   Code   RO          913    .text               bsp_slectlcd.o
    0x080021e0   0x00000338   Code   RO          936    .text               exchangedata.o
    0x08002518   0x00000024   Code   RO          957    .text               startup_stm32f4xx.o
    0x0800253c   0x00000244   Code   RO          962    .text               system_stm32f4xx.o
    0x08002780   0x000000e0   Code   RO          984    .text               misc.o
    0x08002860   0x0000011c   Code   RO         1176    .text               stm32f4xx_exti.o
    0x0800297c   0x0000025c   Code   RO         1224    .text               stm32f4xx_gpio.o
    0x08002bd8   0x00000588   Code   RO         1336    .text               stm32f4xx_rcc.o
    0x08003160   0x000003f8   Code   RO         1402    .text               stm32f4xx_spi.o
    0x08003558   0x0000008c   Code   RO         1418    .text               stm32f4xx_syscfg.o
    0x080035e4   0x00000ca2   Code   RO         1434    .text               stm32f4xx_tim.o
    0x08004286   0x00000002   PAD
    0x08004288   0x0000041a   Code   RO         1450    .text               stm32f4xx_usart.o
    0x080046a2   0x00000002   PAD
    0x080046a4   0x000002ac   Code   RO         1517    .text               cpu_core.o
    0x08004950   0x00000034   Code   RO         1537    .text               cpu_a.o
    0x08004984   0x00000256   Code   RO         1552    .text               lib_ascii.o
    0x08004bda   0x00000002   PAD
    0x08004bdc   0x00000080   Code   RO         1567    .text               lib_math.o
    0x08004c5c   0x000001e2   Code   RO         1585    .text               lib_mem.o
    0x08004e3e   0x00000002   PAD
    0x08004e40   0x0000092c   Code   RO         1600    .text               lib_str.o
    0x0800576c   0x00000220   Code   RO         1617    .text               lib_mem_a.o
    0x0800598c   0x00000002   Code   RO         1620    .text               os_cfg_app.o
    0x0800598e   0x00000002   PAD
    0x08005990   0x00000d54   Code   RO         1643    .text               os_core.o
    0x080066e4   0x000001a0   Code   RO         1655    .text               os_dbg.o
    0x08006884   0x00000dc8   Code   RO         1670    .text               os_flag.o
    0x0800764c   0x0000040c   Code   RO         1682    .text               os_int.o
    0x08007a58   0x00000224   Code   RO         1694    .text               os_mem.o
    0x08007c7c   0x00000228   Code   RO         1706    .text               os_msg.o
    0x08007ea4   0x00000a6c   Code   RO         1718    .text               os_mutex.o
    0x08008910   0x0000007c   Code   RO         1742    .text               os_prio.o
    0x0800898c   0x00000878   Code   RO         1761    .text               os_q.o
    0x08009204   0x000007d4   Code   RO         1773    .text               os_sem.o
    0x080099d8   0x000005e8   Code   RO         1785    .text               os_stat.o
    0x08009fc0   0x000019f8   Code   RO         1797    .text               os_task.o
    0x0800b9b8   0x00000574   Code   RO         1809    .text               os_tick.o
    0x0800bf2c   0x00000518   Code   RO         1821    .text               os_time.o
    0x0800c444   0x00000248   Code   RO         1856    .text               os_cpu_c.o
    0x0800c68c   0x00000062   Code   RO         1897    .text               mc_w.l(uldiv.o)
    0x0800c6ee   0x00000024   Code   RO         1899    .text               mc_w.l(memcpya.o)
    0x0800c712   0x00000024   Code   RO         1901    .text               mc_w.l(memseta.o)
    0x0800c736   0x00000018   Code   RO         1903    .text               mc_w.l(strcat.o)
    0x0800c74e   0x0000000e   Code   RO         1905    .text               mc_w.l(strlen.o)
    0x0800c75c   0x0000001c   Code   RO         1907    .text               mc_w.l(strcmp.o)
    0x0800c778   0x00000012   Code   RO         1909    .text               mc_w.l(strcpy.o)
    0x0800c78a   0x0000014e   Code   RO         1913    .text               mf_w.l(dadd.o)
    0x0800c8d8   0x000000e4   Code   RO         1915    .text               mf_w.l(dmul.o)
    0x0800c9bc   0x000000de   Code   RO         1917    .text               mf_w.l(ddiv.o)
    0x0800ca9a   0x00000022   Code   RO         1919    .text               mf_w.l(dflti.o)
    0x0800cabc   0x0000001a   Code   RO         1921    .text               mf_w.l(dfltui.o)
    0x0800cad6   0x0000003e   Code   RO         1923    .text               mf_w.l(dfixi.o)
    0x0800cb14   0x00000032   Code   RO         1925    .text               mf_w.l(dfixui.o)
    0x0800cb46   0x00000026   Code   RO         1927    .text               mf_w.l(f2d.o)
    0x0800cb6c   0x0000001e   Code   RO         1962    .text               mc_w.l(llshl.o)
    0x0800cb8a   0x00000020   Code   RO         1964    .text               mc_w.l(llushr.o)
    0x0800cbaa   0x00000024   Code   RO         1966    .text               mc_w.l(llsshr.o)
    0x0800cbce   0x00000000   Code   RO         1975    .text               mc_w.l(iusefp.o)
    0x0800cbce   0x000000b6   Code   RO         1976    .text               mf_w.l(depilogue.o)
    0x0800cc84   0x0000002e   Code   RO         1980    .text               mf_w.l(dscalb.o)
    0x0800ccb2   0x00000002   PAD
    0x0800ccb4   0x00000028   Code   RO         1982    .text               mf_w.l(cdrcmple.o)
    0x0800ccdc   0x00000024   Code   RO         1984    .text               mc_w.l(init.o)
    0x0800cd00   0x000000a2   Code   RO         1986    .text               mf_w.l(dsqrt.o)
    0x0800cda2   0x00000056   Code   RO         1998    .text               mc_w.l(__dczerorl2.o)
    0x0800cdf8   0x000000a8   Code   RO         1853    CODE                os_cpu_a.o
    0x0800cea0   0x00000030   Code   RO         1931    i.__ARM_fpclassify  m_wm.l(fpclassify.o)
    0x0800ced0   0x00000014   Code   RO         1874    i.__hardfp_fabs     m_wm.l(fabs.o)
    0x0800cee4   0x00000004   PAD
    0x0800cee8   0x00000c38   Code   RO         1880    i.__hardfp_pow      m_wm.l(pow.o)
    0x0800db20   0x000000f8   Code   RO         1933    i.__kernel_poly     m_wm.l(poly.o)
    0x0800dc18   0x00000020   Code   RO         1929    i.__mathlib_dbl_underflow  m_wm.l(dunder.o)
    0x0800dc38   0x0000000e   Code   RO         1992    i.__scatterload_copy  mc_w.l(handlers.o)
    0x0800dc46   0x00000002   Code   RO         1993    i.__scatterload_null  mc_w.l(handlers.o)
    0x0800dc48   0x0000000e   Code   RO         1994    i.__scatterload_zeroinit  mc_w.l(handlers.o)
    0x0800dc56   0x00000002   PAD
    0x0800dc58   0x0000000c   Code   RO         1970    i.__set_errno       mc_w.l(errno.o)
    0x0800dc64   0x00000018   Code   RO         1876    i.fabs              m_wm.l(fabs.o)
    0x0800dc7c   0x0000006e   Code   RO         1938    i.sqrt              m_wm.l(sqrt.o)
    0x0800dcea   0x00000002   PAD
    0x0800dcec   0x00000104   Data   RO         1519    .constdata          cpu_core.o
    0x0800ddf0   0x00000094   Data   RO         1601    .constdata          lib_str.o
    0x0800de84   0x00000094   Data   RO         1622    .constdata          os_cfg_app.o
    0x0800df18   0x00000168   Data   RO         1656    .constdata          os_dbg.o
    0x0800e080   0x00000088   Data   RO         1883    .constdata          m_wm.l(pow.o)
    0x0800e108   0x00000008   Data   RO         1935    .constdata          m_wm.l(qnan.o)
    0x0800e110   0x00000020   Data   RO         1990    Region$$Table       anon$$obj.o


    Execution Region RW_IRAM2 (Base: 0x10000000, Size: 0x00000000, Max: 0x00010000, ABSOLUTE)

    **** No section assigned to this execution region ****


    Execution Region RW_IRAM1 (Base: 0x20000000, Size: 0x000088d0, Max: 0x00020000, ABSOLUTE, COMPRESSED[0x000003e4])

    Base Addr    Size         Type   Attr      Idx    E Section Name        Object

    0x20000000   0x00000019   Data   RW          413    .data               task_dateconnected.o
    0x20000019   0x00000003   PAD
    0x2000001c   0x0000025b   Data   RW          466    .data               userfunction.o
    0x20000277   0x00000001   PAD
    0x20000278   0x00000002   Data   RW          763    .data               bsp_usart3.o
    0x2000027a   0x00000004   Data   RW          804    .data               bsp_lcd2_4_spi.o
    0x2000027e   0x000006f0   Data   RW          845    .data               font.o
    0x2000096e   0x00000004   Data   RW          882    .data               bsp_key.o
    0x20000972   0x00000002   PAD
    0x20000974   0x00000014   Data   RW          963    .data               system_stm32f4xx.o
    0x20000988   0x00000010   Data   RW         1337    .data               stm32f4xx_rcc.o
    0x20000998   0x00000004   Data   RW         1520    .data               cpu_core.o
    0x2000099c   0x00000004   Data   RW         1568    .data               lib_math.o
    0x200009a0   0x00000008   Data   RW         1743    .data               os_prio.o
    0x200009a8   0x000000b0   Data   RW         1840    .data               os_var.o
    0x20000a58   0x00000004   Data   RW         1857    .data               os_cpu_c.o
    0x20000a5c   0x00000004   Data   RW         1971    .data               mc_w.l(errno.o)
    0x20000a60   0x00000078   Zero   RW          412    .bss                task_dateconnected.o
    0x20000ad8   0x00002178   Zero   RW          495    .bss                main.o
    0x20002c50   0x00000180   Zero   RW          592    .bss                datastory.o
    0x20002dd0   0x000000c8   Zero   RW          762    .bss                bsp_usart3.o
    0x20002e98   0x0000000c   Zero   RW          914    .bss                bsp_slectlcd.o
    0x20002ea4   0x00000010   Zero   RW         1518    .bss                cpu_core.o
    0x20002eb4   0x00001420   Zero   RW         1621    .bss                os_cfg_app.o
    0x200042d4   0x000005fc   Zero   RW         1839    .bss                os_var.o
    0x200048d0   0x00004000   Zero   RW          954    STACK               startup_stm32f4xx.o


==============================================================================

Image component sizes


      Code (inc. data)   RO Data    RW Data    ZI Data      Debug   Object Name

        64         14          0          0          0        730   actuatorfunction.o
       296         18          0          0          0       1713   bsp.o
       732         36          0          4          0      21605   bsp_key.o
      1548         32          0          4          0       5567   bsp_lcd2_4_spi.o
       116         10          0          0          0       1179   bsp_led.o
      1296         54          0          0          0       3220   bsp_pwm.o
       444         72          0          0         12       2777   bsp_slectlcd.o
       264          8          0          0          0       1225   bsp_usart1.o
       252          8          0          0          0       1412   bsp_usart2.o
         0          0          0          2        200        659   bsp_usart3.o
        52          0          0          0          0        364   cpu_a.o
       684         14        260          4         16       7003   cpu_core.o
       208          8          0          0        384       2770   datastory.o
       824         64          0          0          0       3124   exchangedata.o
         0          0          0       1776          0        590   font.o
       216         18          0          0          0       1294   lcd_draw.o
       598          0          0          0          0       3812   lib_ascii.o
       128          8          0          4          0       2048   lib_math.o
       482          0          0          0          0       3480   lib_mem.o
       544          0          0          0          0        512   lib_mem_a.o
      2348          6        148          0          0      13282   lib_str.o
       260         66          0          0       8568       1724   main.o
       224         20          0          0          0       1873   misc.o
         0          0          0          0          0      27869   os_app_hooks.o
         2          0        148          0       5152      20065   os_cfg_app.o
      3412        270          0          0          0      11667   os_core.o
       168         32          0          0          0        432   os_cpu_a.o
       584         62          0          4          0       3905   os_cpu_c.o
       416        272        360          0          0       4837   os_dbg.o
      3528         98          0          0          0       7855   os_flag.o
      1036        132          0          0          0       2328   os_int.o
       548         16          0          0          0       2848   os_mem.o
       552         14          0          0          0       2758   os_msg.o
      2668         94          0          0          0       5602   os_mutex.o
       124          4          0          8          0       2016   os_prio.o
      2168         68          0          0          0       6276   os_q.o
      2004         64          0          0          0       6292   os_sem.o
      1512        160          0          0          0       2817   os_stat.o
      6648        250          0          0          0      12929   os_task.o
      1396         84          0          0          0       3944   os_tick.o
      1304         36          0          0          0       3205   os_time.o
         0          0          0        176       1532      18586   os_var.o
        36          8        392          0      16384        860   startup_stm32f4xx.o
       284         10          0          0          0       2351   stm32f4xx_exti.o
       604         36          0          0          0       4121   stm32f4xx_gpio.o
      1092         64          0          0          0       3517   stm32f4xx_it.o
      1416         48          0         16          0      11035   stm32f4xx_rcc.o
      1016         22          0          0          0       6833   stm32f4xx_spi.o
       140         12          0          0          0       1707   stm32f4xx_syscfg.o
      3234         60          0          0          0      22352   stm32f4xx_tim.o
      1050         26          0          0          0       7824   stm32f4xx_usart.o
       580         48          0         20          0       1955   system_stm32f4xx.o
      1296        166          0         25        120       4108   task_dateconnected.o
         0          0          0          0          0     296501   task_gui.o
       176         22          0        603          0       2225   userfunction.o

    ----------------------------------------------------------------------
     50584       2634       1340       2652      32368     593583   Object Totals
         0          0         32          0          0          0   (incl. Generated)
        10          0          0          6          0          0   (incl. Padding)

    ----------------------------------------------------------------------

      Code (inc. data)   RO Data    RW Data    ZI Data      Debug   Library Member Name

        32          8          0          0          0        124   dunder.o
        44          0          0          0          0        248   fabs.o
        48          0          0          0          0        124   fpclassify.o
       248          0          0          0          0        152   poly.o
      3128        304        136          0          0        216   pow.o
         0          0          8          0          0          0   qnan.o
       110          0          0          0          0        148   sqrt.o
        86          0          0          0          0          0   __dczerorl2.o
         0          0          0          0          0          0   entry.o
         0          0          0          0          0          0   entry10a.o
         0          0          0          0          0          0   entry11a.o
         8          4          0          0          0          0   entry2.o
         4          0          0          0          0          0   entry5.o
         0          0          0          0          0          0   entry7b.o
         0          0          0          0          0          0   entry8b.o
         8          4          0          0          0          0   entry9a.o
        12          6          0          4          0         68   errno.o
        30          0          0          0          0          0   handlers.o
        36          8          0          0          0         68   init.o
         0          0          0          0          0          0   iusefp.o
        30          0          0          0          0         68   llshl.o
        36          0          0          0          0         68   llsshr.o
        32          0          0          0          0         68   llushr.o
        36          0          0          0          0         68   memcpya.o
        36          0          0          0          0        108   memseta.o
        24          0          0          0          0         68   strcat.o
        28          0          0          0          0         76   strcmp.o
        18          0          0          0          0         68   strcpy.o
        14          0          0          0          0         68   strlen.o
        98          0          0          0          0         92   uldiv.o
        40          2          0          0          0         68   cdrcmple.o
       334          0          0          0          0        148   dadd.o
       222          0          0          0          0        100   ddiv.o
       182          0          0          0          0        176   depilogue.o
        62          0          0          0          0         80   dfixi.o
        50          0          0          0          0         76   dfixui.o
        34          0          0          0          0         76   dflti.o
        26          0          0          0          0         76   dfltui.o
       228          0          0          0          0         96   dmul.o
        46          0          0          0          0         80   dscalb.o
       162          0          0          0          0        100   dsqrt.o
        38          0          0          0          0         68   f2d.o

    ----------------------------------------------------------------------
      5580        336        144          4          0       3044   Library Totals
        10          0          0          0          0          0   (incl. Padding)

    ----------------------------------------------------------------------

      Code (inc. data)   RO Data    RW Data    ZI Data      Debug   Library Name

      3610        312        144          0          0       1012   m_wm.l
       536         22          0          4          0        888   mc_w.l
      1424          2          0          0          0       1144   mf_w.l

    ----------------------------------------------------------------------
      5580        336        144          4          0       3044   Library Totals

    ----------------------------------------------------------------------

==============================================================================


      Code (inc. data)   RO Data    RW Data    ZI Data      Debug   

     56164       2970       1484       2656      32368     584571   Grand Totals
     56164       2970       1484        996      32368     584571   ELF Image Totals (compressed)
     56164       2970       1484        996          0          0   ROM Totals

==============================================================================

    Total RO  Size (Code + RO Data)                57648 (  56.30kB)
    Total RW  Size (RW Data + ZI Data)             35024 (  34.20kB)
    Total ROM Size (Code + RO Data + RW Data)      58644 (  57.27kB)

==============================================================================

