<html>
<body>
<pre>
<h1>µVision Build Log</h1>
<h2>Project:</h2>
C:\Users\msr_li\Documents\GitHub\FistV1_1\stm32f407_forTempGetAndDTU_Send\Prject\PriojAllComble.uvproj
Project File Date:  01/14/2015

<h2>Output:</h2>
Build target 'PriojAllComble'
compiling Bsp_LCD2_4_SPI.c...
user\Bsp\src\Bsp_LCD2_4_SPI.c(105): warning:  #174-D: expression has no effect
        for(i=0; i<100, i<textCount; i++){
user\Bsp\src\Bsp_LCD2_4_SPI.c(262): warning:  #940-D: missing return statement at end of non-void function "SPI2_RWByte"
  }
user\Bsp\src\Bsp_LCD2_4_SPI.c(136): warning:  #177-D: function "DelayUs" was declared but never referenced
  static void DelayUs(uint16_t delTime)
user\Bsp\src\Bsp_LCD2_4_SPI.c(297): warning:  #177-D: function "LCD_WR_REG_DATA" was declared but never referenced
  static  void LCD_WR_REG_DATA(int reg,int da)
user\Bsp\src\Bsp_LCD2_4_SPI.c: 4 warnings, 0 errors
linking...
Program Size: Code=56524 RO-data=1484 RW-data=2656 ZI-data=32968  
FromELF: creating hex file...
".\Output\base_empty.axf" - 0 Error(s), 4 Warning(s).
