<html>
<body>
<pre>
<h1>µVision Build Log</h1>
<h2>Project:</h2>
C:\Users\msr_li\Documents\GitHub\FistV1_1\stm32f407_forTempGetAndDTU_Send\Prject\PriojAllComble.uvproj
Project File Date:  01/12/2015

<h2>Output:</h2>
Build target 'PriojAllComble'
compiling Task_GUI.c...
compiling Task_dateConnected.c...
user\src\Task_dateConnected.c(201): warning:  #188-D: enumerated type mixed with another type
        ChangeAngle(1,10,1);
user\src\Task_dateConnected.c(202): warning:  #188-D: enumerated type mixed with another type
        ChangeAngle(2,110,1);
user\src\Task_dateConnected.c(203): warning:  #188-D: enumerated type mixed with another type
        ChangeAngle(3,130,1);
user\src\Task_dateConnected.c(204): warning:  #188-D: enumerated type mixed with another type
        ChangeAngle(4,3000,2);
user\src\Task_dateConnected.c: 4 warnings, 0 errors
compiling Task_DtuDely.c...
user\src\Task_DtuDely.c(14): warning:  #177-D: variable "times" was declared but never referenced
    uint8_t times;
user\src\Task_DtuDely.c(15): warning:  #177-D: variable "common" was declared but never referenced
        int common,error,pwm_l,pwm_r;
user\src\Task_DtuDely.c(15): warning:  #177-D: variable "error" was declared but never referenced
        int common,error,pwm_l,pwm_r;
user\src\Task_DtuDely.c(15): warning:  #177-D: variable "pwm_l" was declared but never referenced
        int common,error,pwm_l,pwm_r;
user\src\Task_DtuDely.c(15): warning:  #177-D: variable "pwm_r" was declared but never referenced
        int common,error,pwm_l,pwm_r;
user\src\Task_DtuDely.c: 5 warnings, 0 errors
compiling UserFunction.c...
user\src\UserFunction.c(15): warning:  #177-D: variable "i" was declared but never referenced
        uint8_t i,j,count;
user\src\UserFunction.c(15): warning:  #177-D: variable "j" was declared but never referenced
        uint8_t i,j,count;
user\src\UserFunction.c(15): warning:  #177-D: variable "count" was declared but never referenced
        uint8_t i,j,count;
user\src\UserFunction.c(16): warning:  #177-D: variable "adds" was declared but never referenced
        uint8_t adds=0;
user\src\UserFunction.c(17): warning:  #177-D: variable "rece" was declared but never referenced
    uint8_t *rece;
user\src\UserFunction.c: 5 warnings, 0 errors
compiling main.c...
compiling stm32f4xx_it.c...
compiling dataStory.c...
compiling actuatorFunction.c...
compiling LCD_Draw.c...
compiling bsp.c...
compiling Bsp_Led.c...
compiling bsp_os.c...
compiling Bsp_Usart1.c...
compiling Bsp_Usart2.c...
compiling Bsp_Usart3.c...
compiling BspHc04.c...
user\BspHc04.c(45): warning:  #177-D: variable "j" was declared but never referenced
        uint8_t i,j,port_v;
user\BspHc04.c: 1 warning, 0 errors
compiling Bsp_LCD2_4_SPI.c...
user\Bsp\src\Bsp_LCD2_4_SPI.c(232): warning:  #940-D: missing return statement at end of non-void function "SPI2_RWByte"
  }
user\Bsp\src\Bsp_LCD2_4_SPI.c(106): warning:  #177-D: function "DelayUs" was declared but never referenced
  static void DelayUs(uint16_t delTime)
user\Bsp\src\Bsp_LCD2_4_SPI.c(267): warning:  #177-D: function "LCD_WR_REG_DATA" was declared but never referenced
  static  void LCD_WR_REG_DATA(int reg,int da)
user\Bsp\src\Bsp_LCD2_4_SPI.c: 3 warnings, 0 errors
compiling Bsp_ENC.c...
compiling Font.c...
compiling Bsp_PWM.c...
compiling Bsp_key.c...
user\Bsp\src\Bsp_key.c(183): warning:  #1-D: last line of file ends without a newline
  }
user\Bsp\src\Bsp_key.c: 1 warning, 0 errors
compiling Bsp_slectLCD.c...
compiling exchangeData.c...
compiling system_stm32f4xx.c...
compiling misc.c...
compiling stm32f4xx_adc.c...
compiling stm32f4xx_can.c...
compiling stm32f4xx_crc.c...
compiling stm32f4xx_cryp.c...
compiling stm32f4xx_cryp_aes.c...
compiling stm32f4xx_cryp_des.c...
compiling stm32f4xx_cryp_tdes.c...
compiling stm32f4xx_dac.c...
compiling stm32f4xx_dbgmcu.c...
compiling stm32f4xx_dcmi.c...
compiling stm32f4xx_dma.c...
compiling stm32f4xx_exti.c...
compiling stm32f4xx_flash.c...
compiling stm32f4xx_fsmc.c...
compiling stm32f4xx_gpio.c...
compiling stm32f4xx_hash.c...
compiling stm32f4xx_hash_md5.c...
compiling stm32f4xx_hash_sha1.c...
compiling stm32f4xx_i2c.c...
compiling stm32f4xx_iwdg.c...
compiling stm32f4xx_pwr.c...
compiling stm32f4xx_rcc.c...
compiling stm32f4xx_rng.c...
compiling stm32f4xx_rtc.c...
compiling stm32f4xx_sdio.c...
compiling stm32f4xx_spi.c...
compiling stm32f4xx_syscfg.c...
compiling stm32f4xx_tim.c...
compiling stm32f4xx_usart.c...
compiling stm32f4xx_wwdg.c...
compiling os_app_hooks.c...
compiling cpu_core.c...
compiling cpu_c.c...
compiling lib_ascii.c...
compiling lib_math.c...
compiling lib_mem.c...
compiling lib_str.c...
compiling os_cfg_app.c...
compiling os_core.c...
compiling os_dbg.c...
compiling os_flag.c...
compiling os_int.c...
compiling os_mem.c...
compiling os_msg.c...
compiling os_mutex.c...
compiling os_pend_multi.c...
compiling os_prio.c...
compiling os_q.c...
compiling os_sem.c...
compiling os_stat.c...
compiling os_task.c...
compiling os_tick.c...
compiling os_time.c...
compiling os_tmr.c...
compiling os_var.c...
compiling os_cpu_c.c...
linking...
Program Size: Code=56332 RO-data=1484 RW-data=2656 ZI-data=32368  
FromELF: creating hex file...
".\Output\base_empty.axf" - 0 Error(s), 19 Warning(s).
